Component: ARM Compiler 5.06 update 5 (build 528) Tool: armlink [4d35e2]

==============================================================================

Section Cross References

    startup_stm32f103xe.o(STACK) refers (Special) to heapauxi.o(.text) for __use_two_region_memory
    startup_stm32f103xe.o(HEAP) refers (Special) to heapauxi.o(.text) for __use_two_region_memory
    startup_stm32f103xe.o(RESET) refers (Special) to heapauxi.o(.text) for __use_two_region_memory
    startup_stm32f103xe.o(RESET) refers to startup_stm32f103xe.o(STACK) for __initial_sp
    startup_stm32f103xe.o(RESET) refers to startup_stm32f103xe.o(.text) for Reset_Handler
    startup_stm32f103xe.o(RESET) refers to stm32f1xx_it.o(i.NMI_Handler) for NMI_Handler
    startup_stm32f103xe.o(RESET) refers to stm32f1xx_it.o(i.HardFault_Handler) for HardFault_Handler
    startup_stm32f103xe.o(RESET) refers to stm32f1xx_it.o(i.MemManage_Handler) for MemManage_Handler
    startup_stm32f103xe.o(RESET) refers to stm32f1xx_it.o(i.BusFault_Handler) for BusFault_Handler
    startup_stm32f103xe.o(RESET) refers to stm32f1xx_it.o(i.UsageFault_Handler) for UsageFault_Handler
    startup_stm32f103xe.o(RESET) refers to stm32f1xx_it.o(i.SVC_Handler) for SVC_Handler
    startup_stm32f103xe.o(RESET) refers to stm32f1xx_it.o(i.DebugMon_Handler) for DebugMon_Handler
    startup_stm32f103xe.o(RESET) refers to stm32f1xx_it.o(i.PendSV_Handler) for PendSV_Handler
    startup_stm32f103xe.o(RESET) refers to stm32f1xx_it.o(i.SysTick_Handler) for SysTick_Handler
    startup_stm32f103xe.o(RESET) refers to stm32f1xx_it.o(i.RTC_IRQHandler) for RTC_IRQHandler
    startup_stm32f103xe.o(RESET) refers to stm32f1xx_it.o(i.DMA1_Channel3_IRQHandler) for DMA1_Channel3_IRQHandler
    startup_stm32f103xe.o(RESET) refers to stm32f1xx_it.o(i.USB_LP_CAN1_RX0_IRQHandler) for USB_LP_CAN1_RX0_IRQHandler
    startup_stm32f103xe.o(RESET) refers to stm32f1xx_it.o(i.TIM1_CC_IRQHandler) for TIM1_CC_IRQHandler
    startup_stm32f103xe.o(RESET) refers to stm32f1xx_it.o(i.TIM2_IRQHandler) for TIM2_IRQHandler
    startup_stm32f103xe.o(RESET) refers to stm32f1xx_it.o(i.TIM3_IRQHandler) for TIM3_IRQHandler
    startup_stm32f103xe.o(RESET) refers to stm32f1xx_it.o(i.TIM4_IRQHandler) for TIM4_IRQHandler
    startup_stm32f103xe.o(RESET) refers to stm32f1xx_it.o(i.USART1_IRQHandler) for USART1_IRQHandler
    startup_stm32f103xe.o(RESET) refers to stm32f1xx_it.o(i.USART2_IRQHandler) for USART2_IRQHandler
    startup_stm32f103xe.o(RESET) refers to stm32f1xx_it.o(i.USART3_IRQHandler) for USART3_IRQHandler
    startup_stm32f103xe.o(RESET) refers to stm32f1xx_it.o(i.TIM8_CC_IRQHandler) for TIM8_CC_IRQHandler
    startup_stm32f103xe.o(RESET) refers to stm32f1xx_it.o(i.TIM5_IRQHandler) for TIM5_IRQHandler
    startup_stm32f103xe.o(.text) refers (Special) to heapauxi.o(.text) for __use_two_region_memory
    startup_stm32f103xe.o(.text) refers to system_stm32f1xx.o(i.SystemInit) for SystemInit
    startup_stm32f103xe.o(.text) refers to __main.o(!!!main) for __main
    startup_stm32f103xe.o(.text) refers to startup_stm32f103xe.o(HEAP) for Heap_Mem
    startup_stm32f103xe.o(.text) refers to startup_stm32f103xe.o(STACK) for Stack_Mem
    malloc.o(i.getMemoryUsage) refers to malloc.o(.data) for sram
    malloc.o(i.getMemoryUsage) refers to malloc.o(.constdata) for BLOCK_NUM
    malloc.o(i.mallocInit) refers to malloc.o(i.mymemset) for mymemset
    malloc.o(i.mallocInit) refers to malloc.o(.constdata) for BLOCK_NUM
    malloc.o(i.mallocInit) refers to malloc.o(.data) for sram
    malloc.o(i.myfree) refers to malloc.o(.data) for sram
    malloc.o(i.myfree) refers to malloc.o(.constdata) for MAX_SIZE
    malloc.o(i.mymalloc) refers to malloc.o(.constdata) for BLOCK_SIZE
    malloc.o(i.mymalloc) refers to malloc.o(.data) for sram
    malloc.o(.data) refers to malloc.o(.bss) for sramInPool
    malloc.o(.data) refers to malloc.o(.ARM.__AT_0x6C000000) for sramOutPool
    malloc.o(.data) refers to malloc.o(.ARM.__AT_0x6C03AC00) for sramOutMap
    i2c.o(i.i2cAck) refers to stm32f1xx_hal_gpio.o(i.HAL_GPIO_WritePin) for HAL_GPIO_WritePin
    i2c.o(i.i2cAck) refers to i2c.o(i.i2cDelay) for i2cDelay
    i2c.o(i.i2cDelay) refers to delay.o(i.usDelay) for usDelay
    i2c.o(i.i2cNAck) refers to stm32f1xx_hal_gpio.o(i.HAL_GPIO_WritePin) for HAL_GPIO_WritePin
    i2c.o(i.i2cNAck) refers to i2c.o(i.i2cDelay) for i2cDelay
    i2c.o(i.i2cReadByte) refers to stm32f1xx_hal_gpio.o(i.HAL_GPIO_WritePin) for HAL_GPIO_WritePin
    i2c.o(i.i2cReadByte) refers to i2c.o(i.i2cDelay) for i2cDelay
    i2c.o(i.i2cReadByte) refers to stm32f1xx_hal_gpio.o(i.HAL_GPIO_ReadPin) for HAL_GPIO_ReadPin
    i2c.o(i.i2cSendByte) refers to stm32f1xx_hal_gpio.o(i.HAL_GPIO_WritePin) for HAL_GPIO_WritePin
    i2c.o(i.i2cSendByte) refers to i2c.o(i.i2cDelay) for i2cDelay
    i2c.o(i.i2cStart) refers to stm32f1xx_hal_gpio.o(i.HAL_GPIO_WritePin) for HAL_GPIO_WritePin
    i2c.o(i.i2cStart) refers to i2c.o(i.i2cDelay) for i2cDelay
[...]
    SystemClock_Config                       0x08005045   Thumb Code   134  main.o(i.SystemClock_Config)
    SystemInit                               0x080050cb   Thumb Code     2  system_stm32f1xx.o(i.SystemInit)
    TIM1_CC_IRQHandler                       0x080050cd   Thumb Code    10  stm32f1xx_it.o(i.TIM1_CC_IRQHandler)
    TIM2_IRQHandler                          0x080050dd   Thumb Code    10  stm32f1xx_it.o(i.TIM2_IRQHandler)
    TIM3_IRQHandler                          0x080050ed   Thumb Code    10  stm32f1xx_it.o(i.TIM3_IRQHandler)
    TIM4_IRQHandler                          0x080050fd   Thumb Code    10  stm32f1xx_it.o(i.TIM4_IRQHandler)
    TIM5_IRQHandler                          0x0800510d   Thumb Code    10  stm32f1xx_it.o(i.TIM5_IRQHandler)
    TIM8_CC_IRQHandler                       0x0800511d   Thumb Code    10  stm32f1xx_it.o(i.TIM8_CC_IRQHandler)
    TIM_Base_SetConfig                       0x0800512d   Thumb Code   134  stm32f1xx_hal_tim.o(i.TIM_Base_SetConfig)
    TIM_CCxChannelCmd                        0x080051c9   Thumb Code    34  stm32f1xx_hal_tim.o(i.TIM_CCxChannelCmd)
    TIM_OC2_SetConfig                        0x0800525d   Thumb Code   114  stm32f1xx_hal_tim.o(i.TIM_OC2_SetConfig)
    TIM_TI1_SetConfig                        0x080053a5   Thumb Code   102  stm32f1xx_hal_tim.o(i.TIM_TI1_SetConfig)
    UART_Start_Receive_DMA                   0x080058b5   Thumb Code   186  stm32f1xx_hal_uart.o(i.UART_Start_Receive_DMA)
    UART_Start_Receive_IT                    0x0800597d   Thumb Code    64  stm32f1xx_hal_uart.o(i.UART_Start_Receive_IT)
    USART1_IRQHandler                        0x08005ab1   Thumb Code    26  stm32f1xx_it.o(i.USART1_IRQHandler)
    USART2_IRQHandler                        0x08005ad5   Thumb Code    10  stm32f1xx_it.o(i.USART2_IRQHandler)
    USART3_IRQHandler                        0x08005ae5   Thumb Code   100  stm32f1xx_it.o(i.USART3_IRQHandler)
    USB_LP_CAN1_RX0_IRQHandler               0x08005b55   Thumb Code    24  stm32f1xx_it.o(i.USB_LP_CAN1_RX0_IRQHandler)
    UsageFault_Handler                       0x08005b79   Thumb Code     4  stm32f1xx_it.o(i.UsageFault_Handler)
    __ARM_fpclassify                         0x08005b7d   Thumb Code    40  fpclassify.o(i.__ARM_fpclassify)
    __ARM_fpclassifyf                        0x08005ba5   Thumb Code    38  fpclassifyf.o(i.__ARM_fpclassifyf)
    __ieee754_rem_pio2                       0x08005c05   Thumb Code   828  rred.o(i.__ieee754_rem_pio2)
    __kernel_cos                             0x08005f8d   Thumb Code   230  cos_i.o(i.__kernel_cos)
    __kernel_poly                            0x08006089   Thumb Code   170  poly.o(i.__kernel_poly)
    __kernel_sin                             0x08006135   Thumb Code   224  sin_i.o(i.__kernel_sin)
    __mathlib_dbl_divzero                    0x08006221   Thumb Code    12  dunder.o(i.__mathlib_dbl_divzero)
    __mathlib_dbl_infnan                     0x08006231   Thumb Code     6  dunder.o(i.__mathlib_dbl_infnan)
    __mathlib_dbl_infnan2                    0x08006237   Thumb Code     4  dunder.o(i.__mathlib_dbl_infnan2)
    __mathlib_dbl_invalid                    0x0800623b   Thumb Code    12  dunder.o(i.__mathlib_dbl_invalid)
    __mathlib_dbl_overflow                   0x08006247   Thumb Code    14  dunder.o(i.__mathlib_dbl_overflow)
    __mathlib_dbl_underflow                  0x08006255   Thumb Code    10  dunder.o(i.__mathlib_dbl_underflow)
    __mathlib_flt_divzero                    0x08006265   Thumb Code    10  funder.o(i.__mathlib_flt_divzero)
    __mathlib_flt_infnan2                    0x0800626f   Thumb Code     4  funder.o(i.__mathlib_flt_infnan2)
    __mathlib_flt_invalid                    0x08006273   Thumb Code     8  funder.o(i.__mathlib_flt_invalid)
    __mathlib_flt_overflow                   0x0800627b   Thumb Code    10  funder.o(i.__mathlib_flt_overflow)
    __mathlib_flt_underflow                  0x08006285   Thumb Code    10  funder.o(i.__mathlib_flt_underflow)
    _is_digit                                0x0800628f   Thumb Code    14  __printf_wp.o(i._is_digit)
    _sys_exit                                0x0800629d   Thumb Code     4  msgmanage.o(i._sys_exit)
    _ttywrch                                 0x080062a1   Thumb Code     4  msgmanage.o(i._ttywrch)
    armMovingInit                            0x080062a5   Thumb Code    18  armmoving.o(i.armMovingInit)
    asin                                     0x080062bd   Thumb Code   572  asin.o(i.asin)
    beepBeep                                 0x0800652d   Thumb Code    56  beep.o(i.beepBeep)
    canReceiveMsg                            0x08006569   Thumb Code    68  can.o(i.canReceiveMsg)
    canSendCmd                               0x080065b5   Thumb Code   152  can.o(i.canSendCmd)
    clawStateChange                          0x08006655   Thumb Code   126  steppingmotorcontrol.o(i.clawStateChange)
    cos                                      0x080066dd   Thumb Code   148  cos.o(i.cos)
    createMenu                               0x08006779   Thumb Code   106  menu.o(i.createMenu)
    eepromPageWrite                          0x080067e9   Thumb Code    70  eeprom.o(i.eepromPageWrite)
    eepromSequentialRead                     0x0800682f   Thumb Code    92  eeprom.o(i.eepromSequentialRead)
    eepromTest                               0x0800688b   Thumb Code    68  eeprom.o(i.eepromTest)
    fputc                                    0x080068d1   Thumb Code    24  msgmanage.o(i.fputc)
    getAnD                                   0x080068ed   Thumb Code   418  armmoving.o(i.getAnD)
    getFloat                                 0x08006aad   Thumb Code    26  msgmanage.o(i.getFloat)
    getMemoryUsage                           0x08006acd   Thumb Code    52  malloc.o(i.getMemoryUsage)
    i2cAck                                   0x08006b09   Thumb Code    80  i2c.o(i.i2cAck)
    i2cNAck                                  0x08006b69   Thumb Code    60  i2c.o(i.i2cNAck)
    i2cReadByte                              0x08006ba9   Thumb Code    78  i2c.o(i.i2cReadByte)
    i2cSendByte                              0x08006bfd   Thumb Code   106  i2c.o(i.i2cSendByte)
    i2cStart                                 0x08006c6d   Thumb Code    76  i2c.o(i.i2cStart)
    i2cStop                                  0x08006cbd   Thumb Code    60  i2c.o(i.i2cStop)
    i2cWaitAck                               0x08006cfd   Thumb Code   100  i2c.o(i.i2cWaitAck)
    main                                     0x08006d65   Thumb Code   848  main.o(i.main)
    mainMenuAction                           0x08007221   Thumb Code   244  menu.o(i.mainMenuAction)
    mallocInit                               0x08007331   Thumb Code    64  malloc.o(i.mallocInit)
    motorDirChange                           0x0800737d   Thumb Code   200  steppingmotorcontrol.o(i.motorDirChange)
    motorInit                                0x0800744d   Thumb Code    42  steppingmotorcontrol.o(i.motorInit)
    motorMove                                0x0800748d   Thumb Code   232  steppingmotorcontrol.o(i.motorMove)
    motorMove2Pos                            0x080075bd   Thumb Code    58  steppingmotorcontrol.o(i.motorMove2Pos)
    motorMoveFast                            0x080075f7   Thumb Code    56  steppingmotorcontrol.o(i.motorMoveFast)
    motorPosProtect                          0x0800762f   Thumb Code    22  steppingmotorcontrol.o(i.motorPosProtect)
    motorStateUpgrade                        0x08007645   Thumb Code   276  steppingmotorcontrol.o(i.motorStateUpgrade)
    motorTIMStar                             0x08007775   Thumb Code   188  steppingmotorcontrol.o(i.motorTIMStar)
    motorTIMStop                             0x08007845   Thumb Code    78  steppingmotorcontrol.o(i.motorTIMStop)
    motorTIMUpgrade                          0x080078a9   Thumb Code   130  steppingmotorcontrol.o(i.motorTIMUpgrade)
    move                                     0x08007941   Thumb Code   114  steppingmotorcontrol.o(i.move)
    move2Pos                                 0x080079c9   Thumb Code   114  steppingmotorcontrol.o(i.move2Pos)
    myfree                                   0x08007a51   Thumb Code    80  malloc.o(i.myfree)
    mymalloc                                 0x08007aad   Thumb Code   132  malloc.o(i.mymalloc)
    mymemset                                 0x08007b3d   Thumb Code    20  malloc.o(i.mymemset)
    oledByteWrite                            0x08007b51   Thumb Code    46  oled.o(i.oledByteWrite)
    oledCLS                                  0x08007b7f   Thumb Code    10  oled.o(i.oledCLS)
    oledDrawBMP                              0x08007b89   Thumb Code   116  oled.o(i.oledDrawBMP)
    oledFill                                 0x08007bfd   Thumb Code    58  oled.o(i.oledFill)
    oledInit                                 0x08007c37   Thumb Code   182  oled.o(i.oledInit)
    oledSetPos                               0x08007ced   Thumb Code    40  oled.o(i.oledSetPos)
    oledShowStr                              0x08007d15   Thumb Code   228  oled.o(i.oledShowStr)
    oledWriteCmd                             0x08007e01   Thumb Code    14  oled.o(i.oledWriteCmd)
    oledWriteDat                             0x08007e0f   Thumb Code    14  oled.o(i.oledWriteDat)
    perTabCal                                0x08007e1d   Thumb Code   708  steppingmotorcontrol.o(i.perTabCal)
    pow                                      0x080080f5   Thumb Code  2512  pow.o(i.pow)
    __mathlib_powf                           0x08008acd   Thumb Code     0  powf.o(i.powf)
    powf                                     0x08008acd   Thumb Code  1548  powf.o(i.powf)
    readSysParams                            0x080090ed   Thumb Code   270  zdtmotorcontrol.o(i.readSysParams)
    readZDTMotor                             0x080091fb   Thumb Code    32  timmanage.o(i.readZDTMotor)
    read_addr                                0x0800921b   Thumb Code     6  usmart.o(i.read_addr)
    remoteCaptureCallBack                    0x08009221   Thumb Code   290  timmanage.o(i.remoteCaptureCallBack)
    remotePeriodElapsedCallBack              0x08009359   Thumb Code    90  timmanage.o(i.remotePeriodElapsedCallBack)
    remoteScan                               0x080093b9   Thumb Code   104  remote.o(i.remoteScan)
    rtcGetTime                               0x080094dd   Thumb Code   252  rtc.o(i.rtcGetTime)
    rtcGetWeek                               0x080095f5   Thumb Code    80  rtc.o(i.rtcGetWeek)
    rtcSetTime                               0x08009679   Thumb Code   154  rtc.o(i.rtcSetTime)
    runServoAction                           0x08009721   Thumb Code    66  servocontrol.o(i.runServoAction)
    servoAction                              0x08009771   Thumb Code    76  servocontrol.o(i.servoAction)
    servoInit                                0x080097bd   Thumb Code    82  servocontrol.o(i.servoInit)
    shakeMoving                              0x08009819   Thumb Code   172  armmoving.o(i.shakeMoving)
    showMenu                                 0x080098cd   Thumb Code    94  menu.o(i.showMenu)
    sqrt                                     0x08009935   Thumb Code    76  sqrt.o(i.sqrt)
    tenMsPeriodElapsedCallBack               0x08009981   Thumb Code     8  timmanage.o(i.tenMsPeriodElapsedCallBack)
    testProcess                              0x08009989   Thumb Code   384  process.o(i.testProcess)
    usDelay                                  0x08009b49   Thumb Code   108  delay.o(i.usDelay)
    usart3Print                              0x08009bb9   Thumb Code    20  msgmanage.o(i.usart3Print)
    usmart_cmd_rec                           0x08009bd1   Thumb Code   170  usmart.o(i.usmart_cmd_rec)
    usmart_exe                               0x08009c81   Thumb Code   624  usmart.o(i.usmart_exe)
    usmart_get_aparm                         0x08009f4d   Thumb Code   212  usmart_str.o(i.usmart_get_aparm)
    usmart_get_cmdname                       0x0800a021   Thumb Code    54  usmart_str.o(i.usmart_get_cmdname)
    usmart_get_fname                         0x0800a059   Thumb Code   440  usmart_str.o(i.usmart_get_fname)
    usmart_get_fparam                        0x0800a219   Thumb Code   262  usmart_str.o(i.usmart_get_fparam)
    usmart_get_input_string                  0x0800a325   Thumb Code    32  usmart_port.o(i.usmart_get_input_string)
    usmart_get_parmpos                       0x0800a349   Thumb Code    26  usmart_str.o(i.usmart_get_parmpos)
    usmart_init                              0x0800a369   Thumb Code     8  usmart.o(i.usmart_init)
    usmart_pow                               0x0800a375   Thumb Code    22  usmart_str.o(i.usmart_pow)
    usmart_scan                              0x0800a38d   Thumb Code   106  usmart.o(i.usmart_scan)
    usmart_search_nextc                      0x0800a435   Thumb Code    22  usmart_str.o(i.usmart_search_nextc)
    usmart_str2num                           0x0800a44b   Thumb Code   262  usmart_str.o(i.usmart_str2num)
    usmart_strcmp                            0x0800a551   Thumb Code    34  usmart_str.o(i.usmart_strcmp)
    usmart_strcopy                           0x0800a573   Thumb Code    22  usmart_str.o(i.usmart_strcopy)
    usmart_strlen                            0x0800a589   Thumb Code    24  usmart_str.o(i.usmart_strlen)
    usmart_sys_cmd_exe                       0x0800a5a1   Thumb Code  1546  usmart.o(i.usmart_sys_cmd_exe)
    write_addr                               0x0800ac49   Thumb Code     4  usmart.o(i.write_addr)
    __aeabi_d2f                              0x0800ac4d   Thumb Code     0  d2f.o(x$fpl$d2f)
    _d2f                                     0x0800ac4d   Thumb Code    98  d2f.o(x$fpl$d2f)
    __aeabi_dadd                             0x0800acb1   Thumb Code     0  daddsub_clz.o(x$fpl$dadd)
    _dadd                                    0x0800acb1   Thumb Code   332  daddsub_clz.o(x$fpl$dadd)
    __fpl_dcheck_NaN1                        0x0800ae01   Thumb Code    10  dcheck1.o(x$fpl$dcheck1)
    __fpl_dcmp_Inf                           0x0800ae11   Thumb Code    24  dcmpi.o(x$fpl$dcmpinf)
    __aeabi_ddiv                             0x0800ae29   Thumb Code     0  ddiv.o(x$fpl$ddiv)
    _ddiv                                    0x0800ae29   Thumb Code   552  ddiv.o(x$fpl$ddiv)
    __aeabi_d2iz                             0x0800b0d9   Thumb Code     0  dfix.o(x$fpl$dfix)
    _dfix                                    0x0800b0d9   Thumb Code    94  dfix.o(x$fpl$dfix)
    __aeabi_i2d                              0x0800b137   Thumb Code     0  dflt_clz.o(x$fpl$dflt)
    _dflt                                    0x0800b137   Thumb Code    46  dflt_clz.o(x$fpl$dflt)
    __aeabi_ui2d                             0x0800b165   Thumb Code     0  dflt_clz.o(x$fpl$dfltu)
    _dfltu                                   0x0800b165   Thumb Code    38  dflt_clz.o(x$fpl$dfltu)
    __aeabi_cdcmple                          0x0800b18d   Thumb Code     0  dleqf.o(x$fpl$dleqf)
    _dcmple                                  0x0800b18d   Thumb Code   120  dleqf.o(x$fpl$dleqf)
    __fpl_dcmple_InfNaN                      0x0800b1ef   Thumb Code     0  dleqf.o(x$fpl$dleqf)
    __aeabi_dmul                             0x0800b205   Thumb Code     0  dmul.o(x$fpl$dmul)
    _dmul                                    0x0800b205   Thumb Code   332  dmul.o(x$fpl$dmul)
    __fpl_dnaninf                            0x0800b359   Thumb Code   156  dnaninf.o(x$fpl$dnaninf)
    __fpl_dretinf                            0x0800b3f5   Thumb Code    12  dretinf.o(x$fpl$dretinf)
    __aeabi_cdrcmple                         0x0800b401   Thumb Code     0  drleqf.o(x$fpl$drleqf)
    _drcmple                                 0x0800b401   Thumb Code   108  drleqf.o(x$fpl$drleqf)
    __aeabi_drsub                            0x0800b46d   Thumb Code     0  daddsub_clz.o(x$fpl$drsb)
    _drsb                                    0x0800b46d   Thumb Code    22  daddsub_clz.o(x$fpl$drsb)
    _dsqrt                                   0x0800b485   Thumb Code   456  dsqrt_noumaal.o(x$fpl$dsqrt)
    __aeabi_dsub                             0x0800b651   Thumb Code     0  daddsub_clz.o(x$fpl$dsub)
    _dsub                                    0x0800b651   Thumb Code   464  daddsub_clz.o(x$fpl$dsub)
    __aeabi_f2d                              0x0800b825   Thumb Code     0  f2d.o(x$fpl$f2d)
    _f2d                                     0x0800b825   Thumb Code    86  f2d.o(x$fpl$f2d)
    __aeabi_fadd                             0x0800b87d   Thumb Code     0  faddsub_clz.o(x$fpl$fadd)
    _fadd                                    0x0800b87d   Thumb Code   196  faddsub_clz.o(x$fpl$fadd)
    __fpl_fcheck_NaN1                        0x0800b941   Thumb Code     6  fcheck1.o(x$fpl$fcheck1)
    __fpl_fcmp_Inf                           0x0800b94d   Thumb Code    24  fcmpi.o(x$fpl$fcmpinf)
    __aeabi_fdiv                             0x0800b965   Thumb Code     0  fdiv.o(x$fpl$fdiv)
    _fdiv                                    0x0800b965   Thumb Code   384  fdiv.o(x$fpl$fdiv)
    __aeabi_cfcmpeq                          0x0800bae9   Thumb Code     0  feqf.o(x$fpl$feqf)
    _fcmpeq                                  0x0800bae9   Thumb Code   104  feqf.o(x$fpl$feqf)
    __aeabi_f2iz                             0x0800bb51   Thumb Code     0  ffix.o(x$fpl$ffix)
    _ffix                                    0x0800bb51   Thumb Code    54  ffix.o(x$fpl$ffix)
    _ffix_r                                  0x0800bb89   Thumb Code    82  ffix.o(x$fpl$ffixr)
    __aeabi_f2uiz                            0x0800bbdd   Thumb Code     0  ffixu.o(x$fpl$ffixu)
    _ffixu                                   0x0800bbdd   Thumb Code    62  ffixu.o(x$fpl$ffixu)
    __aeabi_i2f                              0x0800bc1d   Thumb Code     0  fflt_clz.o(x$fpl$fflt)
    _fflt                                    0x0800bc1d   Thumb Code    48  fflt_clz.o(x$fpl$fflt)
    __aeabi_cfcmple                          0x0800bc4d   Thumb Code     0  fleqf.o(x$fpl$fleqf)
    _fcmple                                  0x0800bc4d   Thumb Code   104  fleqf.o(x$fpl$fleqf)
    __fpl_fcmple_InfNaN                      0x0800bc9f   Thumb Code     0  fleqf.o(x$fpl$fleqf)
    __aeabi_fmul                             0x0800bcb5   Thumb Code     0  fmul.o(x$fpl$fmul)
    _fmul                                    0x0800bcb5   Thumb Code   258  fmul.o(x$fpl$fmul)
    __fpl_fnaninf                            0x0800bdb7   Thumb Code   140  fnaninf.o(x$fpl$fnaninf)
    __fpl_fretinf                            0x0800be43   Thumb Code    10  fretinf.o(x$fpl$fretinf)
    __aeabi_cfrcmple                         0x0800be4d   Thumb Code     0  frleqf.o(x$fpl$frleqf)
    _frcmple                                 0x0800be4d   Thumb Code    98  frleqf.o(x$fpl$frleqf)
    __aeabi_frsub                            0x0800beaf   Thumb Code     0  faddsub_clz.o(x$fpl$frsb)
    _frsb                                    0x0800beaf   Thumb Code    20  faddsub_clz.o(x$fpl$frsb)
    __aeabi_fsub                             0x0800bec5   Thumb Code     0  faddsub_clz.o(x$fpl$fsub)
    _fsub                                    0x0800bec5   Thumb Code   234  faddsub_clz.o(x$fpl$fsub)
    __fpl_return_NaN                         0x0800bfaf   Thumb Code   100  retnan.o(x$fpl$retnan)
    __ARM_scalbn                             0x0800c013   Thumb Code    92  scalbn.o(x$fpl$scalbn)
    __ARM_scalbnf                            0x0800c06f   Thumb Code    76  scalbnf.o(x$fpl$scalbnf)
    __fpl_cmpreturn                          0x0800c0bb   Thumb Code    48  trapv.o(x$fpl$trapveneer)
    __I$use$fp                               0x0800c0ea   Number         0  usenofp.o(x$fpl$usenofp)
    BLOCK_SIZE                               0x0800c0ec   Data           8  malloc.o(.constdata)
    BLOCK_NUM                                0x0800c0f4   Data           8  malloc.o(.constdata)
    MAX_SIZE                                 0x0800c0fc   Data           8  malloc.o(.constdata)
    AHBPrescTable                            0x0800c128   Data          16  system_stm32f1xx.o(.constdata)
    APBPrescTable                            0x0800c138   Data           8  system_stm32f1xx.o(.constdata)
    F16x16                                   0x0800c140   Data         160  oledlab.o(.constdata)
    F6x8                                     0x0800c1e0   Data         552  oledlab.o(.constdata)
    F8X16                                    0x0800c408   Data        1520  oledlab.o(.constdata)
    BMP                                      0x0800c9f8   Data        1024  oledlab.o(.constdata)
    __mathlib_zero                           0x0800d080   Data           8  qnan.o(.constdata)
    Region$$Table$$Base                      0x0800d348   Number         0  anon$$obj.o(Region$$Table)
    Region$$Table$$Limit                     0x0800d368   Number         0  anon$$obj.o(Region$$Table)
    sram                                     0x20000000   Data          16  malloc.o(.data)
    key                                      0x20000010   Data           1  main.o(.data)
    i                                        0x20000011   Data           1  main.o(.data)
    ch                                       0x20000012   Data           4  main.o(.data)
    str                                      0x20000018   Data           4  main.o(.data)
    aimColor                                 0x2000001c   Data           5  main.o(.data)
    canRxFlag                                0x20000021   Data           1  can.o(.data)
    canRxBuf                                 0x20000022   Data           8  can.o(.data)
    weekdays                                 0x20000034   Data          28  rtc.o(.data)
    uwTick                                   0x20000054   Data           4  stm32f1xx_hal.o(.data)
    uwTickPrio                               0x20000058   Data           4  stm32f1xx_hal.o(.data)
    uwTickFreq                               0x2000005c   Data           1  stm32f1xx_hal.o(.data)
    SystemCoreClock                          0x20000060   Data           4  system_stm32f1xx.o(.data)
    showMenuer                               0x20000064   Data           4  menu.o(.data)
    getEnd                                   0x20000068   Data           4  menu.o(.data)
    numFKey                                  0x2000006c   Data           8  menu.o(.data)
    exitMenu                                 0x20000074   Data           1  menu.o(.data)
    mainMenuKey                              0x20000075   Data           1  menu.o(.data)
    remoteFlag                               0x20000078   Data           1  remote.o(.data)
    remoteData                               0x2000007c   Data           4  remote.o(.data)
    remoteCnt                                0x20000080   Data           1  remote.o(.data)
    lastSta                                  0x20000081   Data           1  remote.o(.data)
    pass                                     0x20000082   Data           1  process.o(.data)
    aimShape                                 0x20000083   Data           1  process.o(.data)
    errorBeep                                0x20000084   Data           1  steppingmotorcontrol.o(.data)
    clawState                                0x20000085   Data           1  steppingmotorcontrol.o(.data)
    globaFdata                               0x20000088   Data           4  msgmanage.o(.data)
    __stdout                                 0x2000008c   Data           4  msgmanage.o(.data)
    sys_cmd_tab                              0x20000090   Data          28  usmart.o(.data)
    usmart_nametab                           0x200000ac   Data          40  usmart_config.o(.data)
    usmart_dev                               0x200000d4   Data         244  usmart_config.o(.data)
    sramInMap                                0x2000a1e0   Data        2560  malloc.o(.bss)
    txMsg                                    0x2000abe0   Data          24  can.o(.bss)
    rxMsg                                    0x2000abf8   Data          28  can.o(.bss)
    hcan                                     0x2000ac14   Data          40  can.o(.bss)
    hsram1                                   0x2000ac3c   Data          72  fsmc.o(.bss)
    time                                     0x2000ac84   Data          10  rtc.o(.bss)
    hrtc                                     0x2000ac90   Data          20  rtc.o(.bss)
    htim1                                    0x2000aca4   Data          72  tim.o(.bss)
    htim2                                    0x2000acec   Data          72  tim.o(.bss)
    htim3                                    0x2000ad34   Data          72  tim.o(.bss)
    htim4                                    0x2000ad7c   Data          72  tim.o(.bss)
    htim5                                    0x2000adc4   Data          72  tim.o(.bss)
    htim6                                    0x2000ae0c   Data          72  tim.o(.bss)
    htim8                                    0x2000ae54   Data          72  tim.o(.bss)
    huart1                                   0x2000ae9c   Data          72  usart.o(.bss)
    huart2                                   0x2000aee4   Data          72  usart.o(.bss)
    huart3                                   0x2000af2c   Data          72  usart.o(.bss)
    hdma_usart3_rx                           0x2000af74   Data          68  usart.o(.bss)
    controlData                              0x2000afb8   Data          24  armmoving.o(.bss)
    servo                                    0x2000afd0   Data          16  servocontrol.o(.bss)
    servoTxBuf                               0x2000afe0   Data          19  servocontrol.o(.bss)
    motor1                                   0x2000aff4   Data          48  steppingmotorcontrol.o(.bss)
    motor2                                   0x2000b024   Data          48  steppingmotorcontrol.o(.bss)
    motor3                                   0x2000b054   Data          48  steppingmotorcontrol.o(.bss)
    motor4                                   0x2000b084   Data          48  steppingmotorcontrol.o(.bss)
    motor5                                   0x2000b0b4   Data          48  steppingmotorcontrol.o(.bss)
    usart1Data                               0x2000b0e4   Data         204  msgmanage.o(.bss)
    servoData                                0x2000b1b0   Data          12  msgmanage.o(.bss)
    OpennMvData                              0x2000b1bc   Data          56  msgmanage.o(.bss)
    __libspace_start                         0x2000b1f4   Data          96  libspace.o(.bss)
    __temporary_stack_top$libspace           0x2000b254   Data           0  libspace.o(.bss)
    sramOutMap                               0x6c03ac00   Data       15040  malloc.o(.ARM.__AT_0x6C03AC00)



==============================================================================

Memory Map of the image

  Image Entry point : 0x08000131

  Load Region LR_IROM1 (Base: 0x08000000, Size: 0x0000d530, Max: 0x00080000, ABSOLUTE, COMPRESSED[0x0000d3f0])

    Execution Region ER_IROM1 (Exec base: 0x08000000, Load base: 0x08000000, Size: 0x0000d368, Max: 0x00080000, ABSOLUTE)

    Exec Addr    Load Addr    Size         Type   Attr      Idx    E Section Name        Object

    0x08000000   0x08000000   0x00000130   Data   RO            3    RESET               startup_stm32f103xe.o
    0x08000130   0x08000130   0x00000008   Code   RO         5427  * !!!main             c_w.l(__main.o)
    0x08000138   0x08000138   0x00000034   Code   RO         5839    !!!scatter          c_w.l(__scatter.o)
    0x0800016c   0x0800016c   0x0000005a   Code   RO         5837    !!dczerorl2         c_w.l(__dczerorl2.o)
    0x080001c6   0x080001c6   0x00000002   PAD
    0x080001c8   0x080001c8   0x0000001c   Code   RO         5841    !!handler_zi        c_w.l(__scatter_zi.o)
    0x080001e4   0x080001e4   0x00000000   Code   RO         5420    .ARM.Collect$$_printf_percent$$00000000  c_w.l(_printf_percent.o)
    0x080001e4   0x080001e4   0x00000006   Code   RO         5418    .ARM.Collect$$_printf_percent$$00000009  c_w.l(_printf_d.o)
    0x080001ea   0x080001ea   0x00000006   Code   RO         5419    .ARM.Collect$$_printf_percent$$0000000A  c_w.l(_printf_u.o)
    0x080001f0   0x080001f0   0x00000006   Code   RO         5417    .ARM.Collect$$_printf_percent$$0000000C  c_w.l(_printf_x.o)
    0x080001f6   0x080001f6   0x00000006   Code   RO         5415    .ARM.Collect$$_printf_percent$$00000013  c_w.l(_printf_c.o)
    0x080001fc   0x080001fc   0x00000006   Code   RO         5416    .ARM.Collect$$_printf_percent$$00000014  c_w.l(_printf_s.o)
    0x08000202   0x08000202   0x00000004   Code   RO         5573    .ARM.Collect$$_printf_percent$$00000017  c_w.l(_printf_percent_end.o)
    0x08000206   0x08000206   0x00000002   Code   RO         5776    .ARM.Collect$$libinit$$00000000  c_w.l(libinit.o)
    0x08000208   0x08000208   0x00000000   Code   RO         5579    .ARM.Collect$$libinit$$00000002  c_w.l(libinit2.o)
    0x08000208   0x08000208   0x00000000   Code   RO         5581    .ARM.Collect$$libinit$$00000004  c_w.l(libinit2.o)
    0x08000208   0x08000208   0x00000008   Code   RO         5582    .ARM.Collect$$libinit$$00000005  c_w.l(libinit2.o)
    0x08000210   0x08000210   0x00000000   Code   RO         5584    .ARM.Collect$$libinit$$0000000A  c_w.l(libinit2.o)
    0x08000210   0x08000210   0x00000000   Code   RO         5586    .ARM.Collect$$libinit$$0000000C  c_w.l(libinit2.o)
    0x08000210   0x08000210   0x00000000   Code   RO         5588    .ARM.Collect$$libinit$$0000000E  c_w.l(libinit2.o)
    0x08000210   0x08000210   0x00000000   Code   RO         5591    .ARM.Collect$$libinit$$00000011  c_w.l(libinit2.o)
    0x08000210   0x08000210   0x00000000   Code   RO         5593    .ARM.Collect$$libinit$$00000013  c_w.l(libinit2.o)
    0x08000210   0x08000210   0x00000000   Code   RO         5595    .ARM.Collect$$libinit$$00000015  c_w.l(libinit2.o)
    0x08000210   0x08000210   0x00000000   Code   RO         5597    .ARM.Collect$$libinit$$00000017  c_w.l(libinit2.o)
    0x08000210   0x08000210   0x00000000   Code   RO         5599    .ARM.Collect$$libinit$$00000019  c_w.l(libinit2.o)
    0x08000210   0x08000210   0x00000000   Code   RO         5601    .ARM.Collect$$libinit$$0000001B  c_w.l(libinit2.o)
    0x08000210   0x08000210   0x00000000   Code   RO         5603    .ARM.Collect$$libinit$$0000001D  c_w.l(libinit2.o)
    0x08000210   0x08000210   0x00000000   Code   RO         5605    .ARM.Collect$$libinit$$0000001F  c_w.l(libinit2.o)
    0x08000210   0x08000210   0x00000000   Code   RO         5607    .ARM.Collect$$libinit$$00000021  c_w.l(libinit2.o)
    0x08000210   0x08000210   0x00000000   Code   RO         5609    .ARM.Collect$$libinit$$00000023  c_w.l(libinit2.o)
    0x08000210   0x08000210   0x00000000   Code   RO         5611    .ARM.Collect$$libinit$$00000025  c_w.l(libinit2.o)
    0x08000210   0x08000210   0x00000000   Code   RO         5615    .ARM.Collect$$libinit$$0000002C  c_w.l(libinit2.o)
    0x08000210   0x08000210   0x00000000   Code   RO         5617    .ARM.Collect$$libinit$$0000002E  c_w.l(libinit2.o)
    0x08000210   0x08000210   0x00000000   Code   RO         5619    .ARM.Collect$$libinit$$00000030  c_w.l(libinit2.o)
    0x08000210   0x08000210   0x00000000   Code   RO         5621    .ARM.Collect$$libinit$$00000032  c_w.l(libinit2.o)
    0x08000210   0x08000210   0x00000002   Code   RO         5622    .ARM.Collect$$libinit$$00000033  c_w.l(libinit2.o)
    0x08000212   0x08000212   0x00000002   Code   RO         5834    .ARM.Collect$$libshutdown$$00000000  c_w.l(libshutdown.o)
    0x08000214   0x08000214   0x00000000   Code   RO         5790    .ARM.Collect$$libshutdown$$00000002  c_w.l(libshutdown2.o)
    0x08000214   0x08000214   0x00000000   Code   RO         5792    .ARM.Collect$$libshutdown$$00000004  c_w.l(libshutdown2.o)
    0x08000214   0x08000214   0x00000000   Code   RO         5795    .ARM.Collect$$libshutdown$$00000007  c_w.l(libshutdown2.o)
    0x08000214   0x08000214   0x00000000   Code   RO         5798    .ARM.Collect$$libshutdown$$0000000A  c_w.l(libshutdown2.o)
    0x08000214   0x08000214   0x00000000   Code   RO         5800    .ARM.Collect$$libshutdown$$0000000C  c_w.l(libshutdown2.o)
    0x08000214   0x08000214   0x00000000   Code   RO         5803    .ARM.Collect$$libshutdown$$0000000F  c_w.l(libshutdown2.o)
    0x08000214   0x08000214   0x00000002   Code   RO         5804    .ARM.Collect$$libshutdown$$00000010  c_w.l(libshutdown2.o)
    0x08000216   0x08000216   0x00000000   Code   RO         5533    .ARM.Collect$$rtentry$$00000000  c_w.l(__rtentry.o)
    0x08000216   0x08000216   0x00000000   Code   RO         5703    .ARM.Collect$$rtentry$$00000002  c_w.l(__rtentry2.o)
    0x08000216   0x08000216   0x00000006   Code   RO         5715    .ARM.Collect$$rtentry$$00000004  c_w.l(__rtentry4.o)
    0x0800021c   0x0800021c   0x00000000   Code   RO         5705    .ARM.Collect$$rtentry$$00000009  c_w.l(__rtentry2.o)
    0x0800021c   0x0800021c   0x00000004   Code   RO         5706    .ARM.Collect$$rtentry$$0000000A  c_w.l(__rtentry2.o)
    0x08000220   0x08000220   0x00000000   Code   RO         5708    .ARM.Collect$$rtentry$$0000000C  c_w.l(__rtentry2.o)
    0x08000220   0x08000220   0x00000008   Code   RO         5709    .ARM.Collect$$rtentry$$0000000D  c_w.l(__rtentry2.o)
    0x08000228   0x08000228   0x00000002   Code   RO         5779    .ARM.Collect$$rtexit$$00000000  c_w.l(rtexit.o)
    0x0800022a   0x0800022a   0x00000000   Code   RO         5808    .ARM.Collect$$rtexit$$00000002  c_w.l(rtexit2.o)
    0x0800022a   0x0800022a   0x00000004   Code   RO         5809    .ARM.Collect$$rtexit$$00000003  c_w.l(rtexit2.o)
    0x0800022e   0x0800022e   0x00000006   Code   RO         5810    .ARM.Collect$$rtexit$$00000004  c_w.l(rtexit2.o)
    0x08000234   0x08000234   0x00000000   Code   RO         5724    .emb_text           c_w.l(maybetermalloc1.o)
    0x08000234   0x08000234   0x00000040   Code   RO            4    .text               startup_stm32f103xe.o
    0x08000274   0x08000274   0x00000002   Code   RO         5302    .text               c_w.l(use_no_semi_2.o)
    0x08000276   0x08000276   0x0000005e   Code   RO         5306    .text               c_w.l(h1_alloc.o)
    0x080002d4   0x080002d4   0x00000018   Code   RO         5364    .text               c_w.l(noretval__2printf.o)
    0x080002ec   0x080002ec   0x0000004e   Code   RO         5368    .text               c_w.l(_printf_pad.o)
    0x0800033a   0x0800033a   0x00000052   Code   RO         5370    .text               c_w.l(_printf_str.o)
    0x0800038c   0x0800038c   0x00000078   Code   RO         5372    .text               c_w.l(_printf_dec.o)
    0x08000404   0x08000404   0x00000058   Code   RO         5377    .text               c_w.l(_printf_hex_int.o)
    0x0800045c   0x0800045c   0x00000188   Code   RO         5412    .text               c_w.l(__printf_flags_ss_wp.o)
    0x080005e4   0x080005e4   0x00000048   Code   RO         5421    .text               c_w.l(strcpy.o)
    0x0800062c   0x0800062c   0x0000004e   Code   RO         5423    .text               c_w.l(rt_memclr_w.o)
    0x0800067a   0x0800067a   0x00000006   Code   RO         5425    .text               c_w.l(heapauxi.o)
    0x08000680   0x08000680   0x00000002   Code   RO         5529    .text               c_w.l(use_no_semi.o)
    0x08000682   0x08000682   0x00000002   PAD
    0x08000684   0x08000684   0x00000008   Code   RO         5537    .text               c_w.l(rt_heap_descriptor_intlibspace.o)
    0x0800068c   0x0800068c   0x00000004   Code   RO         5539    .text               c_w.l(hguard.o)
    0x08000690   0x08000690   0x0000008a   Code   RO         5541    .text               c_w.l(init_alloc.o)
    0x0800071a   0x0800071a   0x0000000e   Code   RO         5547    .text               c_w.l(h1_init.o)
    0x08000728   0x08000728   0x0000004e   Code   RO         5549    .text               c_w.l(h1_free.o)
    0x08000776   0x08000776   0x00000016   Code   RO         5565    .text               c_w.l(_rserrno.o)
    0x0800078c   0x0800078c   0x000000b2   Code   RO         5567    .text               c_w.l(_printf_intcommon.o)
    0x0800083e   0x0800083e   0x0000002c   Code   RO         5569    .text               c_w.l(_printf_char.o)
    0x0800086a   0x0800086a   0x00000002   PAD
    0x0800086c   0x0800086c   0x00000024   Code   RO         5571    .text               c_w.l(_printf_char_file.o)
    0x08000890   0x08000890   0x00000008   Code   RO         5699    .text               c_w.l(libspace.o)
    0x08000898   0x08000898   0x00000008   Code   RO         5720    .text               c_w.l(rt_errno_addr_intlibspace.o)
    0x080008a0   0x080008a0   0x00000034   Code   RO         5726    .text               c_w.l(h1_extend.o)
    0x080008d4   0x080008d4   0x00000030   Code   RO         5730    .text               c_w.l(_printf_char_common.o)
    0x08000904   0x08000904   0x00000008   Code   RO         5732    .text               c_w.l(ferror.o)
    0x0800090c   0x0800090c   0x0000000e   Code   RO         5736    .text               c_w.l(defsig_rtmem_outer.o)
    0x0800091a   0x0800091a   0x0000004a   Code   RO         5753    .text               c_w.l(sys_stackheap_outer.o)
    0x08000964   0x08000964   0x00000012   Code   RO         5761    .text               c_w.l(exit.o)
    0x08000976   0x08000976   0x0000000a   Code   RO         5763    .text               c_w.l(defsig_exit.o)
    0x08000980   0x08000980   0x00000050   Code   RO         5765    .text               c_w.l(defsig_rtmem_inner.o)
    0x080009d0   0x080009d0   0x00000032   Code   RO         5787    .text               c_w.l(defsig_general.o)
    0x08000a02   0x08000a02   0x00000004   Code   RO          800    i.BusFault_Handler  stm32f1xx_it.o
    0x08000a06   0x08000a06   0x00000002   PAD
    0x08000a08   0x08000a08   0x00000010   Code   RO          801    i.DMA1_Channel3_IRQHandler  stm32f1xx_it.o
    0x08000a18   0x08000a18   0x0000002c   Code   RO         1627    i.DMA_SetConfig     stm32f1xx_hal_dma.o
    0x08000a44   0x08000a44   0x00000002   Code   RO          802    i.DebugMon_Handler  stm32f1xx_it.o
    0x08000a46   0x08000a46   0x00000006   Code   RO          343    i.Error_Handler     main.o
    0x08000a4c   0x08000a4c   0x00000044   Code   RO         2258    i.FSMC_NORSRAM_Extended_Timing_Init  stm32f1xx_ll_fsmc.o
    0x08000a90   0x08000a90   0x00000078   Code   RO         2259    i.FSMC_NORSRAM_Init  stm32f1xx_ll_fsmc.o
    0x08000b08   0x08000b08   0x00000042   Code   RO         2260    i.FSMC_NORSRAM_Timing_Init  stm32f1xx_ll_fsmc.o
    0x08000b4a   0x08000b4a   0x0000002e   Code   RO         4882    i.FormDataInit      msgmanage.o
    0x08000b78   0x08000b78   0x0000014a   Code   RO         1010    i.HAL_CAN_AddTxMessage  stm32f1xx_hal_can.o
    0x08000cc2   0x08000cc2   0x0000010a   Code   RO         1011    i.HAL_CAN_ConfigFilter  stm32f1xx_hal_can.o
    0x08000dcc   0x08000dcc   0x00000002   Code   RO         1014    i.HAL_CAN_ErrorCallback  stm32f1xx_hal_can.o
    0x08000dce   0x08000dce   0x00000028   Code   RO         1016    i.HAL_CAN_GetRxFifoFillLevel  stm32f1xx_hal_can.o
    0x08000df6   0x08000df6   0x00000194   Code   RO         1017    i.HAL_CAN_GetRxMessage  stm32f1xx_hal_can.o
    0x08000f8a   0x08000f8a   0x0000024e   Code   RO         1021    i.HAL_CAN_IRQHandler  stm32f1xx_hal_can.o
    0x080011d8   0x080011d8   0x00000174   Code   RO         1022    i.HAL_CAN_Init      stm32f1xx_hal_can.o
    0x0800134c   0x0800134c   0x00000098   Code   RO          429    i.HAL_CAN_MspInit   can.o
    0x080013e4   0x080013e4   0x00000002   Code   RO         1029    i.HAL_CAN_RxFifo0FullCallback  stm32f1xx_hal_can.o
    0x080013e6   0x080013e6   0x00000002   Code   RO         1030    i.HAL_CAN_RxFifo0MsgPendingCallback  stm32f1xx_hal_can.o
    0x080013e8   0x080013e8   0x00000002   Code   RO         1031    i.HAL_CAN_RxFifo1FullCallback  stm32f1xx_hal_can.o
    0x080013ea   0x080013ea   0x00000002   Code   RO         1032    i.HAL_CAN_RxFifo1MsgPendingCallback  stm32f1xx_hal_can.o
    0x080013ec   0x080013ec   0x00000002   Code   RO         1033    i.HAL_CAN_SleepCallback  stm32f1xx_hal_can.o
    0x080013ee   0x080013ee   0x0000005e   Code   RO         1034    i.HAL_CAN_Start     stm32f1xx_hal_can.o
    0x0800144c   0x0800144c   0x00000002   Code   RO         1036    i.HAL_CAN_TxMailbox0AbortCallback  stm32f1xx_hal_can.o
    0x0800144e   0x0800144e   0x00000002   Code   RO         1037    i.HAL_CAN_TxMailbox0CompleteCallback  stm32f1xx_hal_can.o
    0x08001450   0x08001450   0x00000002   Code   RO         1038    i.HAL_CAN_TxMailbox1AbortCallback  stm32f1xx_hal_can.o
    0x08001452   0x08001452   0x00000002   Code   RO         1039    i.HAL_CAN_TxMailbox1CompleteCallback  stm32f1xx_hal_can.o
    0x08001454   0x08001454   0x00000002   Code   RO         1040    i.HAL_CAN_TxMailbox2AbortCallback  stm32f1xx_hal_can.o
    0x08001456   0x08001456   0x00000002   Code   RO         1041    i.HAL_CAN_TxMailbox2CompleteCallback  stm32f1xx_hal_can.o
    0x08001458   0x08001458   0x00000002   Code   RO         1043    i.HAL_CAN_WakeUpFromRxMsgCallback  stm32f1xx_hal_can.o
    0x0800145a   0x0800145a   0x00000056   Code   RO         1628    i.HAL_DMA_Abort     stm32f1xx_hal_dma.o
    0x080014b0   0x080014b0   0x000001a8   Code   RO         1629    i.HAL_DMA_Abort_IT  stm32f1xx_hal_dma.o
    0x08001658   0x08001658   0x00000398   Code   RO         1633    i.HAL_DMA_IRQHandler  stm32f1xx_hal_dma.o
    0x080019f0   0x080019f0   0x0000008c   Code   RO         1634    i.HAL_DMA_Init      stm32f1xx_hal_dma.o
    0x08001a7c   0x08001a7c   0x0000009c   Code   RO         1638    i.HAL_DMA_Start_IT  stm32f1xx_hal_dma.o
    0x08001b18   0x08001b18   0x00000028   Code   RO         1249    i.HAL_Delay         stm32f1xx_hal.o
    0x08001b40   0x08001b40   0x000000b0   Code   RO          508    i.HAL_FSMC_MspInit  fsmc.o
    0x08001bf0   0x08001bf0   0x00000340   Code   RO         1564    i.HAL_GPIO_Init     stm32f1xx_hal_gpio.o
    0x08001f30   0x08001f30   0x00000010   Code   RO         1566    i.HAL_GPIO_ReadPin  stm32f1xx_hal_gpio.o
    0x08001f40   0x08001f40   0x00000014   Code   RO         1567    i.HAL_GPIO_TogglePin  stm32f1xx_hal_gpio.o
    0x08001f54   0x08001f54   0x0000000c   Code   RO         1568    i.HAL_GPIO_WritePin  stm32f1xx_hal_gpio.o
    0x08001f60   0x08001f60   0x0000000c   Code   RO         1253    i.HAL_GetTick       stm32f1xx_hal.o
    0x08001f6c   0x08001f6c   0x00000018   Code   RO         1259    i.HAL_IncTick       stm32f1xx_hal.o
    0x08001f84   0x08001f84   0x00000028   Code   RO         1260    i.HAL_Init          stm32f1xx_hal.o
    0x08001fac   0x08001fac   0x0000004c   Code   RO         1261    i.HAL_InitTick      stm32f1xx_hal.o
    0x08001ff8   0x08001ff8   0x00000054   Code   RO          948    i.HAL_MspInit       stm32f1xx_hal_msp.o
    0x0800204c   0x0800204c   0x00000020   Code   RO         1724    i.HAL_NVIC_EnableIRQ  stm32f1xx_hal_cortex.o
    0x0800206c   0x0800206c   0x0000007c   Code   RO         1730    i.HAL_NVIC_SetPriority  stm32f1xx_hal_cortex.o
    0x080020e8   0x080020e8   0x00000028   Code   RO         1731    i.HAL_NVIC_SetPriorityGrouping  stm32f1xx_hal_cortex.o
    0x08002110   0x08002110   0x0000000c   Code   RO         1851    i.HAL_PWR_EnableBkUpAccess  stm32f1xx_hal_pwr.o
    0x0800211c   0x0800211c   0x00000118   Code   RO         1525    i.HAL_RCCEx_GetPeriphCLKFreq  stm32f1xx_hal_rcc_ex.o
    0x08002234   0x08002234   0x00000130   Code   RO         1526    i.HAL_RCCEx_PeriphCLKConfig  stm32f1xx_hal_rcc_ex.o
    0x08002364   0x08002364   0x0000018c   Code   RO         1417    i.HAL_RCC_ClockConfig  stm32f1xx_hal_rcc.o
    0x080024f0   0x080024f0   0x0000000c   Code   RO         1422    i.HAL_RCC_GetHCLKFreq  stm32f1xx_hal_rcc.o
    0x080024fc   0x080024fc   0x00000020   Code   RO         1424    i.HAL_RCC_GetPCLK1Freq  stm32f1xx_hal_rcc.o
    0x0800251c   0x0800251c   0x00000020   Code   RO         1425    i.HAL_RCC_GetPCLK2Freq  stm32f1xx_hal_rcc.o
    0x0800253c   0x0800253c   0x00000070   Code   RO         1426    i.HAL_RCC_GetSysClockFreq  stm32f1xx_hal_rcc.o
    0x080025ac   0x080025ac   0x00000464   Code   RO         1429    i.HAL_RCC_OscConfig  stm32f1xx_hal_rcc.o
    0x08002a10   0x08002a10   0x00000018   Code   RO         2686    i.HAL_RTCEx_BKUPRead  stm32f1xx_hal_rtc_ex.o
    0x08002a28   0x08002a28   0x00000018   Code   RO         2687    i.HAL_RTCEx_BKUPWrite  stm32f1xx_hal_rtc_ex.o
    0x08002a40   0x08002a40   0x00000002   Code   RO         2691    i.HAL_RTCEx_RTCEventCallback  stm32f1xx_hal_rtc_ex.o
    0x08002a42   0x08002a42   0x00000002   Code   RO         2692    i.HAL_RTCEx_RTCEventErrorCallback  stm32f1xx_hal_rtc_ex.o
    0x08002a44   0x08002a44   0x0000004e   Code   RO         2693    i.HAL_RTCEx_RTCIRQHandler  stm32f1xx_hal_rtc_ex.o
    0x08002a92   0x08002a92   0x00000002   PAD
    0x08002a94   0x08002a94   0x000000c0   Code   RO         2519    i.HAL_RTC_Init      stm32f1xx_hal_rtc.o
    0x08002b54   0x08002b54   0x00000064   Code   RO          561    i.HAL_RTC_MspInit   rtc.o
    0x08002bb8   0x08002bb8   0x000000f8   Code   RO         2525    i.HAL_RTC_SetDate   stm32f1xx_hal_rtc.o
    0x08002cb0   0x08002cb0   0x000000dc   Code   RO         2526    i.HAL_RTC_SetTime   stm32f1xx_hal_rtc.o
    0x08002d8c   0x08002d8c   0x00000040   Code   RO         2527    i.HAL_RTC_WaitForSynchro  stm32f1xx_hal_rtc.o
    0x08002dcc   0x08002dcc   0x00000066   Code   RO         2380    i.HAL_SRAM_Init     stm32f1xx_hal_sram.o
    0x08002e32   0x08002e32   0x0000000a   Code   RO          510    i.HAL_SRAM_MspInit  fsmc.o
    0x08002e3c   0x08002e3c   0x00000034   Code   RO         1735    i.HAL_SYSTICK_Config  stm32f1xx_hal_cortex.o
    0x08002e70   0x08002e70   0x00000002   Code   RO         3505    i.HAL_TIMEx_BreakCallback  stm32f1xx_hal_tim_ex.o
    0x08002e72   0x08002e72   0x00000002   Code   RO         3506    i.HAL_TIMEx_CommutCallback  stm32f1xx_hal_tim_ex.o
    0x08002e74   0x08002e74   0x00000074   Code   RO         3508    i.HAL_TIMEx_ConfigBreakDeadTime  stm32f1xx_hal_tim_ex.o
    0x08002ee8   0x08002ee8   0x0000009c   Code   RO         3524    i.HAL_TIMEx_MasterConfigSynchronization  stm32f1xx_hal_tim_ex.o
    0x08002f84   0x08002f84   0x00000066   Code   RO         2790    i.HAL_TIM_Base_Init  stm32f1xx_hal_tim.o
    0x08002fea   0x08002fea   0x00000002   PAD
    0x08002fec   0x08002fec   0x00000030   Code   RO          639    i.HAL_TIM_Base_MspInit  tim.o
    0x0800301c   0x0800301c   0x00000084   Code   RO         2793    i.HAL_TIM_Base_Start  stm32f1xx_hal_tim.o
    0x080030a0   0x080030a0   0x00000090   Code   RO         2795    i.HAL_TIM_Base_Start_IT  stm32f1xx_hal_tim.o
    0x08003130   0x08003130   0x00000018   Code   RO         4971    i.HAL_TIM_IC_CaptureCallback  timmanage.o
    0x08003148   0x08003148   0x000000de   Code   RO         2826    i.HAL_TIM_IC_ConfigChannel  stm32f1xx_hal_tim.o
    0x08003226   0x08003226   0x00000066   Code   RO         2829    i.HAL_TIM_IC_Init   stm32f1xx_hal_tim.o
    0x0800328c   0x0800328c   0x00000080   Code   RO          641    i.HAL_TIM_IC_MspInit  tim.o
    0x0800330c   0x0800330c   0x00000178   Code   RO         2834    i.HAL_TIM_IC_Start_IT  stm32f1xx_hal_tim.o
    0x08003484   0x08003484   0x00000196   Code   RO         2838    i.HAL_TIM_IRQHandler  stm32f1xx_hal_tim.o
    0x0800361a   0x0800361a   0x00000002   PAD
    0x0800361c   0x0800361c   0x00000184   Code   RO          642    i.HAL_TIM_MspPostInit  tim.o
    0x080037a0   0x080037a0   0x00000070   Code   RO         2839    i.HAL_TIM_OC_ConfigChannel  stm32f1xx_hal_tim.o
    0x08003810   0x08003810   0x00000078   Code   RO         4650    i.HAL_TIM_OC_DelayElapsedCallback  steppingmotorcontrol.o
    0x08003888   0x08003888   0x00000066   Code   RO         2843    i.HAL_TIM_OC_Init   stm32f1xx_hal_tim.o
    0x080038ee   0x080038ee   0x00000002   PAD
    0x080038f0   0x080038f0   0x00000128   Code   RO          644    i.HAL_TIM_OC_MspInit  tim.o
    0x08003a18   0x08003a18   0x00000144   Code   RO         2848    i.HAL_TIM_OC_Start_IT  stm32f1xx_hal_tim.o
    0x08003b5c   0x08003b5c   0x000000fc   Code   RO         2851    i.HAL_TIM_OC_Stop_IT  stm32f1xx_hal_tim.o
    0x08003c58   0x08003c58   0x00000002   Code   RO         2868    i.HAL_TIM_PWM_PulseFinishedCallback  stm32f1xx_hal_tim.o
    0x08003c5a   0x08003c5a   0x00000002   PAD
    0x08003c5c   0x08003c5c   0x00000028   Code   RO         4972    i.HAL_TIM_PeriodElapsedCallback  timmanage.o
    0x08003c84   0x08003c84   0x00000032   Code   RO         2878    i.HAL_TIM_ReadCapturedValue  stm32f1xx_hal_tim.o
    0x08003cb6   0x08003cb6   0x00000002   Code   RO         2881    i.HAL_TIM_TriggerCallback  stm32f1xx_hal_tim.o
    0x08003cb8   0x08003cb8   0x00000002   Code   RO         3784    i.HAL_UARTEx_RxEventCallback  stm32f1xx_hal_uart.o
    0x08003cba   0x08003cba   0x0000008a   Code   RO         3796    i.HAL_UART_DMAStop  stm32f1xx_hal_uart.o
    0x08003d44   0x08003d44   0x00000002   Code   RO         3798    i.HAL_UART_ErrorCallback  stm32f1xx_hal_uart.o
    0x08003d46   0x08003d46   0x00000002   PAD
    0x08003d48   0x08003d48   0x000002e4   Code   RO         3801    i.HAL_UART_IRQHandler  stm32f1xx_hal_uart.o
    0x0800402c   0x0800402c   0x00000076   Code   RO         3802    i.HAL_UART_Init     stm32f1xx_hal_uart.o
    0x080040a2   0x080040a2   0x00000002   PAD
    0x080040a4   0x080040a4   0x000001e0   Code   RO          747    i.HAL_UART_MspInit  usart.o
    0x08004284   0x08004284   0x0000002c   Code   RO         3806    i.HAL_UART_Receive_DMA  stm32f1xx_hal_uart.o
    0x080042b0   0x080042b0   0x0000002c   Code   RO         3807    i.HAL_UART_Receive_IT  stm32f1xx_hal_uart.o
    0x080042dc   0x080042dc   0x00000080   Code   RO         4883    i.HAL_UART_RxCpltCallback  msgmanage.o
    0x0800435c   0x0800435c   0x00000002   Code   RO         3809    i.HAL_UART_RxHalfCpltCallback  stm32f1xx_hal_uart.o
    0x0800435e   0x0800435e   0x000000b2   Code   RO         3810    i.HAL_UART_Transmit  stm32f1xx_hal_uart.o
    0x08004410   0x08004410   0x00000002   Code   RO         3813    i.HAL_UART_TxCpltCallback  stm32f1xx_hal_uart.o
    0x08004412   0x08004412   0x00000004   Code   RO          803    i.HardFault_Handler  stm32f1xx_it.o
    0x08004416   0x08004416   0x00000002   PAD
    0x08004418   0x08004418   0x000000b4   Code   RO          430    i.MX_CAN_Init       can.o
    0x080044cc   0x080044cc   0x00000034   Code   RO          483    i.MX_DMA_Init       dma.o
    0x08004500   0x08004500   0x0000008c   Code   RO          511    i.MX_FSMC_Init      fsmc.o
    0x0800458c   0x0800458c   0x00000268   Code   RO          404    i.MX_GPIO_Init      gpio.o
    0x080047f4   0x080047f4   0x000000f0   Code   RO          562    i.MX_RTC_Init       rtc.o
    0x080048e4   0x080048e4   0x000000b4   Code   RO          645    i.MX_TIM1_Init      tim.o
    0x08004998   0x08004998   0x00000080   Code   RO          646    i.MX_TIM2_Init      tim.o
    0x08004a18   0x08004a18   0x00000080   Code   RO          647    i.MX_TIM3_Init      tim.o
    0x08004a98   0x08004a98   0x00000080   Code   RO          648    i.MX_TIM4_Init      tim.o
    0x08004b18   0x08004b18   0x00000090   Code   RO          649    i.MX_TIM5_Init      tim.o
    0x08004ba8   0x08004ba8   0x00000050   Code   RO          650    i.MX_TIM6_Init      tim.o
    0x08004bf8   0x08004bf8   0x000000b4   Code   RO          651    i.MX_TIM8_Init      tim.o
    0x08004cac   0x08004cac   0x00000038   Code   RO          748    i.MX_USART1_UART_Init  usart.o
    0x08004ce4   0x08004ce4   0x00000048   Code   RO          749    i.MX_USART2_UART_Init  usart.o
    0x08004d2c   0x08004d2c   0x00000054   Code   RO          750    i.MX_USART3_UART_Init  usart.o
    0x08004d80   0x08004d80   0x00000004   Code   RO          804    i.MemManage_Handler  stm32f1xx_it.o
    0x08004d84   0x08004d84   0x00000004   Code   RO          805    i.NMI_Handler       stm32f1xx_it.o
    0x08004d88   0x08004d88   0x00000064   Code   RO         4884    i.OpenMvDataProcess  msgmanage.o
    0x08004dec   0x08004dec   0x00000002   Code   RO          806    i.PendSV_Handler    stm32f1xx_it.o
    0x08004dee   0x08004dee   0x00000002   PAD
    0x08004df0   0x08004df0   0x00000028   Code   RO         1430    i.RCC_Delay         stm32f1xx_hal_rcc.o
    0x08004e18   0x08004e18   0x00000016   Code   RO         2528    i.RTC_Bcd2ToByte    stm32f1xx_hal_rtc.o
    0x08004e2e   0x08004e2e   0x0000003a   Code   RO         2531    i.RTC_EnterInitMode  stm32f1xx_hal_rtc.o
    0x08004e68   0x08004e68   0x0000003a   Code   RO         2532    i.RTC_ExitInitMode  stm32f1xx_hal_rtc.o
    0x08004ea2   0x08004ea2   0x00000002   PAD
    0x08004ea4   0x08004ea4   0x00000050   Code   RO          807    i.RTC_IRQHandler    stm32f1xx_it.o
    0x08004ef4   0x08004ef4   0x00000018   Code   RO         2534    i.RTC_ReadAlarmCounter  stm32f1xx_hal_rtc.o
    0x08004f0c   0x08004f0c   0x00000034   Code   RO         2535    i.RTC_ReadTimeCounter  stm32f1xx_hal_rtc.o
    0x08004f40   0x08004f40   0x00000084   Code   RO         2536    i.RTC_WeekDayNum    stm32f1xx_hal_rtc.o
    0x08004fc4   0x08004fc4   0x0000002e   Code   RO         2537    i.RTC_WriteAlarmCounter  stm32f1xx_hal_rtc.o
    0x08004ff2   0x08004ff2   0x0000002e   Code   RO         2538    i.RTC_WriteTimeCounter  stm32f1xx_hal_rtc.o
    0x08005020   0x08005020   0x00000002   Code   RO          808    i.SVC_Handler       stm32f1xx_it.o
    0x08005022   0x08005022   0x0000001a   Code   RO         4885    i.ServoDataInit     msgmanage.o
    0x0800503c   0x0800503c   0x00000008   Code   RO          809    i.SysTick_Handler   stm32f1xx_it.o
    0x08005044   0x08005044   0x00000086   Code   RO          344    i.SystemClock_Config  main.o
    0x080050ca   0x080050ca   0x00000002   Code   RO         4146    i.SystemInit        system_stm32f1xx.o
    0x080050cc   0x080050cc   0x00000010   Code   RO          810    i.TIM1_CC_IRQHandler  stm32f1xx_it.o
    0x080050dc   0x080050dc   0x00000010   Code   RO          811    i.TIM2_IRQHandler   stm32f1xx_it.o
    0x080050ec   0x080050ec   0x00000010   Code   RO          812    i.TIM3_IRQHandler   stm32f1xx_it.o
    0x080050fc   0x080050fc   0x00000010   Code   RO          813    i.TIM4_IRQHandler   stm32f1xx_it.o
    0x0800510c   0x0800510c   0x00000010   Code   RO          814    i.TIM5_IRQHandler   stm32f1xx_it.o
    0x0800511c   0x0800511c   0x00000010   Code   RO          815    i.TIM8_CC_IRQHandler  stm32f1xx_it.o
    0x0800512c   0x0800512c   0x0000009c   Code   RO         2883    i.TIM_Base_SetConfig  stm32f1xx_hal_tim.o
    0x080051c8   0x080051c8   0x00000022   Code   RO         2884    i.TIM_CCxChannelCmd  stm32f1xx_hal_tim.o
    0x080051ea   0x080051ea   0x00000002   PAD
    0x080051ec   0x080051ec   0x00000070   Code   RO         2896    i.TIM_OC1_SetConfig  stm32f1xx_hal_tim.o
    0x0800525c   0x0800525c   0x0000007c   Code   RO         2897    i.TIM_OC2_SetConfig  stm32f1xx_hal_tim.o
    0x080052d8   0x080052d8   0x00000078   Code   RO         2898    i.TIM_OC3_SetConfig  stm32f1xx_hal_tim.o
    0x08005350   0x08005350   0x00000054   Code   RO         2899    i.TIM_OC4_SetConfig  stm32f1xx_hal_tim.o
    0x080053a4   0x080053a4   0x0000007c   Code   RO         2902    i.TIM_TI1_SetConfig  stm32f1xx_hal_tim.o
    0x08005420   0x08005420   0x0000003a   Code   RO         2904    i.TIM_TI2_SetConfig  stm32f1xx_hal_tim.o
    0x0800545a   0x0800545a   0x00000038   Code   RO         2905    i.TIM_TI3_SetConfig  stm32f1xx_hal_tim.o
    0x08005492   0x08005492   0x0000003c   Code   RO         2906    i.TIM_TI4_SetConfig  stm32f1xx_hal_tim.o
    0x080054ce   0x080054ce   0x00000014   Code   RO         3815    i.UART_DMAAbortOnError  stm32f1xx_hal_uart.o
    0x080054e2   0x080054e2   0x00000050   Code   RO         3816    i.UART_DMAError     stm32f1xx_hal_uart.o
    0x08005532   0x08005532   0x000000b4   Code   RO         3817    i.UART_DMAReceiveCplt  stm32f1xx_hal_uart.o
    0x080055e6   0x080055e6   0x00000024   Code   RO         3819    i.UART_DMARxHalfCplt  stm32f1xx_hal_uart.o
    0x0800560a   0x0800560a   0x0000006c   Code   RO         3825    i.UART_EndRxTransfer  stm32f1xx_hal_uart.o
    0x08005676   0x08005676   0x00000020   Code   RO         3826    i.UART_EndTransmit_IT  stm32f1xx_hal_uart.o
    0x08005696   0x08005696   0x00000026   Code   RO         3827    i.UART_EndTxTransfer  stm32f1xx_hal_uart.o
    0x080056bc   0x080056bc   0x000000fc   Code   RO         3828    i.UART_Receive_IT   stm32f1xx_hal_uart.o
    0x080057b8   0x080057b8   0x000000fc   Code   RO         3829    i.UART_SetConfig    stm32f1xx_hal_uart.o
    0x080058b4   0x080058b4   0x000000c8   Code   RO         3830    i.UART_Start_Receive_DMA  stm32f1xx_hal_uart.o
    0x0800597c   0x0800597c   0x00000040   Code   RO         3831    i.UART_Start_Receive_IT  stm32f1xx_hal_uart.o
    0x080059bc   0x080059bc   0x00000060   Code   RO         3832    i.UART_Transmit_IT  stm32f1xx_hal_uart.o
    0x08005a1c   0x08005a1c   0x00000092   Code   RO         3833    i.UART_WaitOnFlagUntilTimeout  stm32f1xx_hal_uart.o
    0x08005aae   0x08005aae   0x00000002   PAD
    0x08005ab0   0x08005ab0   0x00000024   Code   RO          816    i.USART1_IRQHandler  stm32f1xx_it.o
    0x08005ad4   0x08005ad4   0x00000010   Code   RO          817    i.USART2_IRQHandler  stm32f1xx_it.o
    0x08005ae4   0x08005ae4   0x00000070   Code   RO          818    i.USART3_IRQHandler  stm32f1xx_it.o
    0x08005b54   0x08005b54   0x00000024   Code   RO          819    i.USB_LP_CAN1_RX0_IRQHandler  stm32f1xx_it.o
    0x08005b78   0x08005b78   0x00000004   Code   RO          820    i.UsageFault_Handler  stm32f1xx_it.o
    0x08005b7c   0x08005b7c   0x00000028   Code   RO         5659    i.__ARM_fpclassify  m_ws.l(fpclassify.o)
    0x08005ba4   0x08005ba4   0x00000026   Code   RO         5661    i.__ARM_fpclassifyf  m_ws.l(fpclassifyf.o)
    0x08005bca   0x08005bca   0x00000002   PAD
    0x08005bcc   0x08005bcc   0x00000010   Code   RO         1737    i.__NVIC_GetPriorityGrouping  stm32f1xx_hal_cortex.o
    0x08005bdc   0x08005bdc   0x00000028   Code   RO         1738    i.__NVIC_SetPriority  stm32f1xx_hal_cortex.o
    0x08005c04   0x08005c04   0x00000388   Code   RO         5680    i.__ieee754_rem_pio2  m_ws.l(rred.o)
    0x08005f8c   0x08005f8c   0x000000fc   Code   RO         5642    i.__kernel_cos      m_ws.l(cos_i.o)
    0x08006088   0x08006088   0x000000aa   Code   RO         5677    i.__kernel_poly     m_ws.l(poly.o)
    0x08006132   0x08006132   0x00000002   PAD
    0x08006134   0x08006134   0x000000ec   Code   RO         5685    i.__kernel_sin      m_ws.l(sin_i.o)
    0x08006220   0x08006220   0x00000010   Code   RO         5645    i.__mathlib_dbl_divzero  m_ws.l(dunder.o)
    0x08006230   0x08006230   0x00000006   Code   RO         5646    i.__mathlib_dbl_infnan  m_ws.l(dunder.o)
    0x08006236   0x08006236   0x00000004   Code   RO         5647    i.__mathlib_dbl_infnan2  m_ws.l(dunder.o)
    0x0800623a   0x0800623a   0x0000000c   Code   RO         5648    i.__mathlib_dbl_invalid  m_ws.l(dunder.o)
    0x08006246   0x08006246   0x0000000e   Code   RO         5649    i.__mathlib_dbl_overflow  m_ws.l(dunder.o)
    0x08006254   0x08006254   0x00000010   Code   RO         5651    i.__mathlib_dbl_underflow  m_ws.l(dunder.o)
    0x08006264   0x08006264   0x0000000a   Code   RO         5663    i.__mathlib_flt_divzero  m_ws.l(funder.o)
    0x0800626e   0x0800626e   0x00000004   Code   RO         5665    i.__mathlib_flt_infnan2  m_ws.l(funder.o)
    0x08006272   0x08006272   0x00000008   Code   RO         5666    i.__mathlib_flt_invalid  m_ws.l(funder.o)
    0x0800627a   0x0800627a   0x0000000a   Code   RO         5667    i.__mathlib_flt_overflow  m_ws.l(funder.o)
    0x08006284   0x08006284   0x0000000a   Code   RO         5669    i.__mathlib_flt_underflow  m_ws.l(funder.o)
    0x0800628e   0x0800628e   0x0000000e   Code   RO         5405    i._is_digit         c_w.l(__printf_wp.o)
    0x0800629c   0x0800629c   0x00000004   Code   RO         4887    i._sys_exit         msgmanage.o
    0x080062a0   0x080062a0   0x00000004   Code   RO         4888    i._ttywrch          msgmanage.o
    0x080062a4   0x080062a4   0x00000018   Code   RO         4231    i.armMovingInit     armmoving.o
    0x080062bc   0x080062bc   0x00000270   Code   RO         5492    i.asin              m_ws.l(asin.o)
    0x0800652c   0x0800652c   0x0000003c   Code   RO         4273    i.beepBeep          beep.o
    0x08006568   0x08006568   0x0000004c   Code   RO          431    i.canReceiveMsg     can.o
    0x080065b4   0x080065b4   0x000000a0   Code   RO          432    i.canSendCmd        can.o
    0x08006654   0x08006654   0x00000088   Code   RO         4651    i.clawStateChange   steppingmotorcontrol.o
    0x080066dc   0x080066dc   0x0000009c   Code   RO         5502    i.cos               m_ws.l(cos.o)
    0x08006778   0x08006778   0x00000070   Code   RO         4182    i.createMenu        menu.o
    0x080067e8   0x080067e8   0x00000046   Code   RO         4300    i.eepromPageWrite   eeprom.o
    0x0800682e   0x0800682e   0x0000005c   Code   RO         4301    i.eepromSequentialRead  eeprom.o
    0x0800688a   0x0800688a   0x00000044   Code   RO         4302    i.eepromTest        eeprom.o
    0x080068ce   0x080068ce   0x00000002   PAD
    0x080068d0   0x080068d0   0x0000001c   Code   RO         4889    i.fputc             msgmanage.o
    0x080068ec   0x080068ec   0x000001c0   Code   RO         4232    i.getAnD            armmoving.o
    0x08006aac   0x08006aac   0x00000020   Code   RO         4890    i.getFloat          msgmanage.o
    0x08006acc   0x08006acc   0x0000003c   Code   RO           14    i.getMemoryUsage    malloc.o
    0x08006b08   0x08006b08   0x00000054   Code   RO          274    i.i2cAck            i2c.o
    0x08006b5c   0x08006b5c   0x0000000a   Code   RO          275    i.i2cDelay          i2c.o
    0x08006b66   0x08006b66   0x00000002   PAD
    0x08006b68   0x08006b68   0x00000040   Code   RO          276    i.i2cNAck           i2c.o
    0x08006ba8   0x08006ba8   0x00000054   Code   RO          277    i.i2cReadByte       i2c.o
    0x08006bfc   0x08006bfc   0x00000070   Code   RO          278    i.i2cSendByte       i2c.o
    0x08006c6c   0x08006c6c   0x00000050   Code   RO          279    i.i2cStart          i2c.o
    0x08006cbc   0x08006cbc   0x00000040   Code   RO          280    i.i2cStop           i2c.o
    0x08006cfc   0x08006cfc   0x00000068   Code   RO          281    i.i2cWaitAck        i2c.o
    0x08006d64   0x08006d64   0x000004bc   Code   RO          345    i.main              main.o
    0x08007220   0x08007220   0x00000110   Code   RO         4184    i.mainMenuAction    menu.o
    0x08007330   0x08007330   0x0000004c   Code   RO           15    i.mallocInit        malloc.o
    0x0800737c   0x0800737c   0x000000d0   Code   RO         4652    i.motorDirChange    steppingmotorcontrol.o
    0x0800744c   0x0800744c   0x00000040   Code   RO         4653    i.motorInit         steppingmotorcontrol.o
    0x0800748c   0x0800748c   0x00000130   Code   RO         4654    i.motorMove         steppingmotorcontrol.o
    0x080075bc   0x080075bc   0x0000003a   Code   RO         4655    i.motorMove2Pos     steppingmotorcontrol.o
    0x080075f6   0x080075f6   0x00000038   Code   RO         4656    i.motorMoveFast     steppingmotorcontrol.o
    0x0800762e   0x0800762e   0x00000016   Code   RO         4657    i.motorPosProtect   steppingmotorcontrol.o
    0x08007644   0x08007644   0x00000130   Code   RO         4658    i.motorStateUpgrade  steppingmotorcontrol.o
    0x08007774   0x08007774   0x000000d0   Code   RO         4659    i.motorTIMStar      steppingmotorcontrol.o
    0x08007844   0x08007844   0x00000064   Code   RO         4660    i.motorTIMStop      steppingmotorcontrol.o
    0x080078a8   0x080078a8   0x00000098   Code   RO         4661    i.motorTIMUpgrade   steppingmotorcontrol.o
    0x08007940   0x08007940   0x00000088   Code   RO         4662    i.move              steppingmotorcontrol.o
    0x080079c8   0x080079c8   0x00000088   Code   RO         4663    i.move2Pos          steppingmotorcontrol.o
    0x08007a50   0x08007a50   0x0000005c   Code   RO           16    i.myfree            malloc.o
    0x08007aac   0x08007aac   0x00000090   Code   RO           17    i.mymalloc          malloc.o
    0x08007b3c   0x08007b3c   0x00000014   Code   RO           18    i.mymemset          malloc.o
    0x08007b50   0x08007b50   0x0000002e   Code   RO         4388    i.oledByteWrite     oled.o
    0x08007b7e   0x08007b7e   0x0000000a   Code   RO         4389    i.oledCLS           oled.o
    0x08007b88   0x08007b88   0x00000074   Code   RO         4390    i.oledDrawBMP       oled.o
    0x08007bfc   0x08007bfc   0x0000003a   Code   RO         4391    i.oledFill          oled.o
    0x08007c36   0x08007c36   0x000000b6   Code   RO         4392    i.oledInit          oled.o
    0x08007cec   0x08007cec   0x00000028   Code   RO         4395    i.oledSetPos        oled.o
    0x08007d14   0x08007d14   0x000000ec   Code   RO         4398    i.oledShowStr       oled.o
    0x08007e00   0x08007e00   0x0000000e   Code   RO         4399    i.oledWriteCmd      oled.o
    0x08007e0e   0x08007e0e   0x0000000e   Code   RO         4400    i.oledWriteDat      oled.o
    0x08007e1c   0x08007e1c   0x000002d8   Code   RO         4664    i.perTabCal         steppingmotorcontrol.o
    0x080080f4   0x080080f4   0x000009d8   Code   RO         5510    i.pow               m_ws.l(pow.o)
    0x08008acc   0x08008acc   0x00000620   Code   RO         5520    i.powf              m_ws.l(powf.o)
    0x080090ec   0x080090ec   0x0000010e   Code   RO         4772    i.readSysParams     zdtmotorcontrol.o
    0x080091fa   0x080091fa   0x00000020   Code   RO         4973    i.readZDTMotor      timmanage.o
    0x0800921a   0x0800921a   0x00000006   Code   RO         5089    i.read_addr         usmart.o
    0x08009220   0x08009220   0x00000138   Code   RO         4974    i.remoteCaptureCallBack  timmanage.o
    0x08009358   0x08009358   0x00000060   Code   RO         4975    i.remotePeriodElapsedCallBack  timmanage.o
    0x080093b8   0x080093b8   0x00000078   Code   RO         4518    i.remoteScan        remote.o
    0x08009430   0x08009430   0x000000ac   Code   RO          563    i.rtcDate2Sec       rtc.o
    0x080094dc   0x080094dc   0x00000118   Code   RO          564    i.rtcGetTime        rtc.o
    0x080095f4   0x080095f4   0x00000050   Code   RO          565    i.rtcGetWeek        rtc.o
    0x08009644   0x08009644   0x00000032   Code   RO          566    i.rtcIsLeapYear     rtc.o
    0x08009676   0x08009676   0x00000002   PAD
    0x08009678   0x08009678   0x000000a8   Code   RO          568    i.rtcSetTime        rtc.o
    0x08009720   0x08009720   0x00000050   Code   RO         4585    i.runServoAction    servocontrol.o
    0x08009770   0x08009770   0x0000004c   Code   RO         4588    i.servoAction       servocontrol.o
    0x080097bc   0x080097bc   0x0000005c   Code   RO         4589    i.servoInit         servocontrol.o
    0x08009818   0x08009818   0x000000b4   Code   RO         4233    i.shakeMoving       armmoving.o
    0x080098cc   0x080098cc   0x00000068   Code   RO         4185    i.showMenu          menu.o
    0x08009934   0x08009934   0x0000004c   Code   RO         5692    i.sqrt              m_ws.l(sqrt.o)
    0x08009980   0x08009980   0x00000008   Code   RO         4976    i.tenMsPeriodElapsedCallBack  timmanage.o
    0x08009988   0x08009988   0x000001c0   Code   RO         4549    i.testProcess       process.o
    0x08009b48   0x08009b48   0x00000070   Code   RO         5029    i.usDelay           delay.o
    0x08009bb8   0x08009bb8   0x00000018   Code   RO         4891    i.usart3Print       msgmanage.o
    0x08009bd0   0x08009bd0   0x000000b0   Code   RO         5090    i.usmart_cmd_rec    usmart.o
    0x08009c80   0x08009c80   0x000002cc   Code   RO         5091    i.usmart_exe        usmart.o
    0x08009f4c   0x08009f4c   0x000000d4   Code   RO         5219    i.usmart_get_aparm  usmart_str.o
    0x0800a020   0x0800a020   0x00000036   Code   RO         5220    i.usmart_get_cmdname  usmart_str.o
    0x0800a056   0x0800a056   0x00000002   PAD
    0x0800a058   0x0800a058   0x000001c0   Code   RO         5221    i.usmart_get_fname  usmart_str.o
    0x0800a218   0x0800a218   0x0000010c   Code   RO         5222    i.usmart_get_fparam  usmart_str.o
    0x0800a324   0x0800a324   0x00000024   Code   RO         5192    i.usmart_get_input_string  usmart_port.o
    0x0800a348   0x0800a348   0x00000020   Code   RO         5223    i.usmart_get_parmpos  usmart_str.o
    0x0800a368   0x0800a368   0x0000000c   Code   RO         5092    i.usmart_init       usmart.o
    0x0800a374   0x0800a374   0x00000016   Code   RO         5224    i.usmart_pow        usmart_str.o
    0x0800a38a   0x0800a38a   0x00000002   PAD
    0x0800a38c   0x0800a38c   0x000000a8   Code   RO         5093    i.usmart_scan       usmart.o
    0x0800a434   0x0800a434   0x00000016   Code   RO         5225    i.usmart_search_nextc  usmart_str.o
    0x0800a44a   0x0800a44a   0x00000106   Code   RO         5226    i.usmart_str2num    usmart_str.o
    0x0800a550   0x0800a550   0x00000022   Code   RO         5227    i.usmart_strcmp     usmart_str.o
    0x0800a572   0x0800a572   0x00000016   Code   RO         5228    i.usmart_strcopy    usmart_str.o
    0x0800a588   0x0800a588   0x00000018   Code   RO         5229    i.usmart_strlen     usmart_str.o
    0x0800a5a0   0x0800a5a0   0x000006a8   Code   RO         5094    i.usmart_sys_cmd_exe  usmart.o
    0x0800ac48   0x0800ac48   0x00000004   Code   RO         5095    i.write_addr        usmart.o
    0x0800ac4c   0x0800ac4c   0x00000062   Code   RO         5429    x$fpl$d2f           fz_ws.l(d2f.o)
    0x0800acae   0x0800acae   0x00000002   PAD
    0x0800acb0   0x0800acb0   0x00000150   Code   RO         5431    x$fpl$dadd          fz_ws.l(daddsub_clz.o)
    0x0800ae00   0x0800ae00   0x00000010   Code   RO         5745    x$fpl$dcheck1       fz_ws.l(dcheck1.o)
    0x0800ae10   0x0800ae10   0x00000018   Code   RO         5623    x$fpl$dcmpinf       fz_ws.l(dcmpi.o)
    0x0800ae28   0x0800ae28   0x000002b0   Code   RO         5438    x$fpl$ddiv          fz_ws.l(ddiv.o)
    0x0800b0d8   0x0800b0d8   0x0000005e   Code   RO         5441    x$fpl$dfix          fz_ws.l(dfix.o)
    0x0800b136   0x0800b136   0x0000002e   Code   RO         5446    x$fpl$dflt          fz_ws.l(dflt_clz.o)
    0x0800b164   0x0800b164   0x00000026   Code   RO         5445    x$fpl$dfltu         fz_ws.l(dflt_clz.o)
    0x0800b18a   0x0800b18a   0x00000002   PAD
    0x0800b18c   0x0800b18c   0x00000078   Code   RO         5451    x$fpl$dleqf         fz_ws.l(dleqf.o)
    0x0800b204   0x0800b204   0x00000154   Code   RO         5453    x$fpl$dmul          fz_ws.l(dmul.o)
    0x0800b358   0x0800b358   0x0000009c   Code   RO         5625    x$fpl$dnaninf       fz_ws.l(dnaninf.o)
    0x0800b3f4   0x0800b3f4   0x0000000c   Code   RO         5627    x$fpl$dretinf       fz_ws.l(dretinf.o)
    0x0800b400   0x0800b400   0x0000006c   Code   RO         5455    x$fpl$drleqf        fz_ws.l(drleqf.o)
    0x0800b46c   0x0800b46c   0x00000016   Code   RO         5432    x$fpl$drsb          fz_ws.l(daddsub_clz.o)
    0x0800b482   0x0800b482   0x00000002   PAD
    0x0800b484   0x0800b484   0x000001cc   Code   RO         5747    x$fpl$dsqrt         fz_ws.l(dsqrt_noumaal.o)
    0x0800b650   0x0800b650   0x000001d4   Code   RO         5433    x$fpl$dsub          fz_ws.l(daddsub_clz.o)
    0x0800b824   0x0800b824   0x00000056   Code   RO         5457    x$fpl$f2d           fz_ws.l(f2d.o)
    0x0800b87a   0x0800b87a   0x00000002   PAD
    0x0800b87c   0x0800b87c   0x000000c4   Code   RO         5459    x$fpl$fadd          fz_ws.l(faddsub_clz.o)
    0x0800b940   0x0800b940   0x0000000c   Code   RO         5749    x$fpl$fcheck1       fz_ws.l(fcheck1.o)
    0x0800b94c   0x0800b94c   0x00000018   Code   RO         5629    x$fpl$fcmpinf       fz_ws.l(fcmpi.o)
    0x0800b964   0x0800b964   0x00000184   Code   RO         5466    x$fpl$fdiv          fz_ws.l(fdiv.o)
    0x0800bae8   0x0800bae8   0x00000068   Code   RO         5469    x$fpl$feqf          fz_ws.l(feqf.o)
    0x0800bb50   0x0800bb50   0x00000036   Code   RO         5471    x$fpl$ffix          fz_ws.l(ffix.o)
    0x0800bb86   0x0800bb86   0x00000002   PAD
    0x0800bb88   0x0800bb88   0x00000052   Code   RO         5472    x$fpl$ffixr         fz_ws.l(ffix.o)
    0x0800bbda   0x0800bbda   0x00000002   PAD
    0x0800bbdc   0x0800bbdc   0x0000003e   Code   RO         5475    x$fpl$ffixu         fz_ws.l(ffixu.o)
    0x0800bc1a   0x0800bc1a   0x00000002   PAD
    0x0800bc1c   0x0800bc1c   0x00000030   Code   RO         5480    x$fpl$fflt          fz_ws.l(fflt_clz.o)
    0x0800bc4c   0x0800bc4c   0x00000068   Code   RO         5485    x$fpl$fleqf         fz_ws.l(fleqf.o)
    0x0800bcb4   0x0800bcb4   0x00000102   Code   RO         5487    x$fpl$fmul          fz_ws.l(fmul.o)
    0x0800bdb6   0x0800bdb6   0x0000008c   Code   RO         5631    x$fpl$fnaninf       fz_ws.l(fnaninf.o)
    0x0800be42   0x0800be42   0x0000000a   Code   RO         5633    x$fpl$fretinf       fz_ws.l(fretinf.o)
    0x0800be4c   0x0800be4c   0x00000062   Code   RO         5489    x$fpl$frleqf        fz_ws.l(frleqf.o)
    0x0800beae   0x0800beae   0x00000014   Code   RO         5460    x$fpl$frsb          fz_ws.l(faddsub_clz.o)
    0x0800bec2   0x0800bec2   0x00000002   PAD
    0x0800bec4   0x0800bec4   0x000000ea   Code   RO         5461    x$fpl$fsub          fz_ws.l(faddsub_clz.o)
    0x0800bfae   0x0800bfae   0x00000064   Code   RO         5777    x$fpl$retnan        fz_ws.l(retnan.o)
    0x0800c012   0x0800c012   0x0000005c   Code   RO         5637    x$fpl$scalbn        fz_ws.l(scalbn.o)
    0x0800c06e   0x0800c06e   0x0000004c   Code   RO         5639    x$fpl$scalbnf       fz_ws.l(scalbnf.o)
    0x0800c0ba   0x0800c0ba   0x00000030   Code   RO         5805    x$fpl$trapveneer    fz_ws.l(trapv.o)
    0x0800c0ea   0x0800c0ea   0x00000000   Code   RO         5641    x$fpl$usenofp       fz_ws.l(usenofp.o)
    0x0800c0ea   0x0800c0ea   0x00000002   PAD
    0x0800c0ec   0x0800c0ec   0x00000018   Data   RO           22    .constdata          malloc.o
    0x0800c104   0x0800c104   0x00000012   Data   RO         1431    .constdata          stm32f1xx_hal_rcc.o
    0x0800c116   0x0800c116   0x00000012   Data   RO         1527    .constdata          stm32f1xx_hal_rcc_ex.o
    0x0800c128   0x0800c128   0x00000018   Data   RO         4147    .constdata          system_stm32f1xx.o
    0x0800c140   0x0800c140   0x00000cb8   Data   RO         4494    .constdata          oledlab.o
    0x0800cdf8   0x0800cdf8   0x00000028   Data   RO         5378    .constdata          c_w.l(_printf_hex_int.o)
    0x0800ce20   0x0800ce20   0x00000011   Data   RO         5413    .constdata          c_w.l(__printf_flags_ss_wp.o)
    0x0800ce31   0x0800ce31   0x00000007   PAD
    0x0800ce38   0x0800ce38   0x00000050   Data   RO         5493    .constdata          m_ws.l(asin.o)
    0x0800ce88   0x0800ce88   0x00000088   Data   RO         5511    .constdata          m_ws.l(pow.o)
    0x0800cf10   0x0800cf10   0x00000140   Data   RO         5521    .constdata          m_ws.l(powf.o)
    0x0800d050   0x0800d050   0x00000030   Data   RO         5643    .constdata          m_ws.l(cos_i.o)
    0x0800d080   0x0800d080   0x00000008   Data   RO         5679    .constdata          m_ws.l(qnan.o)
    0x0800d088   0x0800d088   0x000000c8   Data   RO         5682    .constdata          m_ws.l(rred.o)
    0x0800d150   0x0800d150   0x00000028   Data   RO         5686    .constdata          m_ws.l(sin_i.o)
    0x0800d178   0x0800d178   0x00000041   Data   RO          570    .conststring        rtc.o
    0x0800d1b9   0x0800d1b9   0x00000003   PAD
    0x0800d1bc   0x0800d1bc   0x00000078   Data   RO         5096    .conststring        usmart.o
    0x0800d234   0x0800d234   0x00000114   Data   RO         5167    .conststring        usmart_config.o
    0x0800d348   0x0800d348   0x00000020   Data   RO         5835    Region$$Table       anon$$obj.o


    Execution Region RW_IRAM1 (Exec base: 0x20000000, Load base: 0x0800d368, Size: 0x0000b858, Max: 0x00010000, ABSOLUTE, COMPRESSED[0x00000088])

    Exec Addr    Load Addr    Size         Type   Attr      Idx    E Section Name        Object

    0x20000000   COMPRESSED   0x00000010   Data   RW           23    .data               malloc.o
    0x20000010   COMPRESSED   0x00000011   Data   RW          347    .data               main.o
    0x20000021   COMPRESSED   0x00000009   Data   RW          434    .data               can.o
    0x2000002a   COMPRESSED   0x00000002   PAD
    0x2000002c   COMPRESSED   0x00000008   Data   RW          513    .data               fsmc.o
    0x20000034   COMPRESSED   0x0000001e   Data   RW          571    .data               rtc.o
    0x20000052   COMPRESSED   0x00000002   PAD
    0x20000054   COMPRESSED   0x00000009   Data   RW         1267    .data               stm32f1xx_hal.o
    0x2000005d   COMPRESSED   0x00000003   PAD
    0x20000060   COMPRESSED   0x00000004   Data   RW         4148    .data               system_stm32f1xx.o
    0x20000064   COMPRESSED   0x00000013   Data   RW         4186    .data               menu.o
    0x20000077   COMPRESSED   0x00000001   PAD
    0x20000078   COMPRESSED   0x0000000a   Data   RW         4519    .data               remote.o
    0x20000082   COMPRESSED   0x00000002   Data   RW         4550    .data               process.o
    0x20000084   COMPRESSED   0x00000002   Data   RW         4666    .data               steppingmotorcontrol.o
    0x20000086   COMPRESSED   0x00000002   PAD
    0x20000088   COMPRESSED   0x00000008   Data   RW         4893    .data               msgmanage.o
    0x20000090   COMPRESSED   0x0000001c   Data   RW         5097    .data               usmart.o
    0x200000ac   COMPRESSED   0x0000011c   Data   RW         5168    .data               usmart_config.o
    0x200001c8   COMPRESSED   0x00000018   PAD
    0x200001e0        -       0x0000aa00   Zero   RW           21    .bss                malloc.o
    0x2000abe0        -       0x0000005c   Zero   RW          433    .bss                can.o
    0x2000ac3c        -       0x00000048   Zero   RW          512    .bss                fsmc.o
    0x2000ac84        -       0x00000020   Zero   RW          569    .bss                rtc.o
    0x2000aca4        -       0x000001f8   Zero   RW          652    .bss                tim.o
    0x2000ae9c        -       0x0000011c   Zero   RW          751    .bss                usart.o
    0x2000afb8        -       0x00000018   Zero   RW         4234    .bss                armmoving.o
    0x2000afd0        -       0x00000023   Zero   RW         4591    .bss                servocontrol.o
    0x2000aff3   COMPRESSED   0x00000001   PAD
    0x2000aff4        -       0x000000f0   Zero   RW         4665    .bss                steppingmotorcontrol.o
    0x2000b0e4        -       0x00000110   Zero   RW         4892    .bss                msgmanage.o
    0x2000b1f4        -       0x00000060   Zero   RW         5700    .bss                c_w.l(libspace.o)
    0x2000b254   COMPRESSED   0x00000004   PAD
    0x2000b258        -       0x00000200   Zero   RW            2    HEAP                startup_stm32f103xe.o
    0x2000b458        -       0x00000400   Zero   RW            1    STACK               startup_stm32f103xe.o



  Load Region LR$$.ARM.__AT_0x6C000000 (Base: 0x6c000000, Size: 0x00000000, Max: 0x0003ac00, ABSOLUTE)

    Execution Region ER$$.ARM.__AT_0x6C000000 (Exec base: 0x6c000000, Load base: 0x6c000000, Size: 0x0003ac00, Max: 0x0003ac00, ABSOLUTE, UNINIT)

    Exec Addr    Load Addr    Size         Type   Attr      Idx    E Section Name        Object

    0x6c000000        -       0x0003ac00   Zero   RW           19    .ARM.__AT_0x6C000000  malloc.o



  Load Region LR$$.ARM.__AT_0x6C03AC00 (Base: 0x6c03ac00, Size: 0x00000000, Max: 0x00003ac0, ABSOLUTE)

    Execution Region ER$$.ARM.__AT_0x6C03AC00 (Exec base: 0x6c03ac00, Load base: 0x6c03ac00, Size: 0x00003ac0, Max: 0x00003ac0, ABSOLUTE, UNINIT)

    Exec Addr    Load Addr    Size         Type   Attr      Idx    E Section Name        Object

    0x6c03ac00        -       0x00003ac0   Zero   RW           20    .ARM.__AT_0x6C03AC00  malloc.o


==============================================================================

Image component sizes


      Code (inc. data)   RO Data    RW Data    ZI Data      Debug   Object Name

       652         44          0          0         24       2849   armmoving.o
        60          4          0          0          0        475   beep.o
       568         40          0          9         92       3403   can.o
       112          4          0          0          0        634   delay.o
        52          4          0          0          0        662   dma.o
       230          0          0          0          0       2178   eeprom.o
       326         40          0          8         72       2035   fsmc.o
       616         28          0          0          0       1211   gpio.o
       602         32          0          0          0       3537   i2c.o
      1352        364          0         17          0       2801   main.o
       392         44         24         16     299200     521998   malloc.o
       488         44          0         19          0       2933   menu.o
       392         28          0          8        272       7395   msgmanage.o
       716          8          0          0          0       5287   oled.o
         0          0       3256          0          0        576   oledlab.o
       448         64          0          2          0        878   process.o
       120         16          0         10          0        843   remote.o
      1090         76         65         30         32       5332   rtc.o
       248         24          0          0         35       3046   servocontrol.o
        64         26        304          0       1536        772   startup_stm32f103xe.o
      2732        346          0          2        240      13250   steppingmotorcontrol.o
       192         36          0          9          0       6181   stm32f1xx_hal.o
      2122          0          0          0          0      13417   stm32f1xx_hal_can.o
       304         22          0          0          0      29135   stm32f1xx_hal_cortex.o
      1770         28          0          0          0       5010   stm32f1xx_hal_dma.o
       880         40          0          0          0       3752   stm32f1xx_hal_gpio.o
        84          8          0          0          0        818   stm32f1xx_hal_msp.o
        12          4          0          0          0        475   stm32f1xx_hal_pwr.o
      1748         98         18          0          0       5656   stm32f1xx_hal_rcc.o
       584         34         18          0          0       2277   stm32f1xx_hal_rcc_ex.o
      1162         16          0          0          0       8532   stm32f1xx_hal_rtc.o
       130         10          0          0          0       3276   stm32f1xx_hal_rtc_ex.o
       102          0          0          0          0       1128   stm32f1xx_hal_sram.o
      3256        172          0          0          0      17344   stm32f1xx_hal_tim.o
       276         22          0          0          0       3029   stm32f1xx_hal_tim_ex.o
      2774         22          0          0          0      16733   stm32f1xx_hal_uart.o
       426         88          0          0          0       9274   stm32f1xx_it.o
       254         10          0          0          0       3659   stm32f1xx_ll_fsmc.o
         2          0         24          4          0        999   system_stm32f1xx.o
      1828        138          0          0        504       7404   tim.o
       512         42          0          0          0       3407   timmanage.o
       692         76          0          0        284       2851   usart.o
      2786       1256        120         28          0       5266   usmart.o
         0          0        276        284          0       1312   usmart_config.o
        36          4          0          0          0        502   usmart_port.o
      1400         20          0          0          0       8469   usmart_str.o
       270         22          0          0          0       1312   zdtmotorcontrol.o

    ----------------------------------------------------------------------
     34898       3404       4140        456     302316     743313   Object Totals
         0          0         32          0          0          0   (incl. Generated)
        36          0          3         10         25          0   (incl. Padding)

    ----------------------------------------------------------------------

      Code (inc. data)   RO Data    RW Data    ZI Data      Debug   Library Member Name

        90          0          0          0          0          0   __dczerorl2.o
         8          0          0          0          0         68   __main.o
       392          4         17          0          0         92   __printf_flags_ss_wp.o
        14          0          0          0          0         68   __printf_wp.o
         0          0          0          0          0          0   __rtentry.o
        12          0          0          0          0          0   __rtentry2.o
         6          0          0          0          0          0   __rtentry4.o
        52          8          0          0          0          0   __scatter.o
        28          0          0          0          0          0   __scatter_zi.o
         6          0          0          0          0          0   _printf_c.o
        44          0          0          0          0        108   _printf_char.o
        48          6          0          0          0         96   _printf_char_common.o
        36          4          0          0          0         80   _printf_char_file.o
         6          0          0          0          0          0   _printf_d.o
       120         16          0          0          0         92   _printf_dec.o
        88          4         40          0          0         88   _printf_hex_int.o
       178          0          0          0          0         88   _printf_intcommon.o
        78          0          0          0          0        108   _printf_pad.o
         0          0          0          0          0          0   _printf_percent.o
         4          0          0          0          0          0   _printf_percent_end.o
         6          0          0          0          0          0   _printf_s.o
        82          0          0          0          0         80   _printf_str.o
         6          0          0          0          0          0   _printf_u.o
         6          0          0          0          0          0   _printf_x.o
        22          0          0          0          0        100   _rserrno.o
        10          0          0          0          0         68   defsig_exit.o
        50          0          0          0          0         88   defsig_general.o
        80         58          0          0          0         76   defsig_rtmem_inner.o
        14          0          0          0          0         80   defsig_rtmem_outer.o
        18          0          0          0          0         80   exit.o
         8          0          0          0          0         68   ferror.o
        94          0          0          0          0         80   h1_alloc.o
        52          0          0          0          0         68   h1_extend.o
        78          0          0          0          0         80   h1_free.o
        14          0          0          0          0         84   h1_init.o
         6          0          0          0          0        152   heapauxi.o
         4          0          0          0          0        136   hguard.o
       138          0          0          0          0        168   init_alloc.o
         2          0          0          0          0          0   libinit.o
        10          0          0          0          0          0   libinit2.o
         2          0          0          0          0          0   libshutdown.o
         2          0          0          0          0          0   libshutdown2.o
         8          4          0          0         96         68   libspace.o
         0          0          0          0          0          0   maybetermalloc1.o
        24          4          0          0          0         84   noretval__2printf.o
         8          4          0          0          0         68   rt_errno_addr_intlibspace.o
         8          4          0          0          0         68   rt_heap_descriptor_intlibspace.o
        78          0          0          0          0         80   rt_memclr_w.o
         2          0          0          0          0          0   rtexit.o
        10          0          0          0          0          0   rtexit2.o
        72          0          0          0          0         80   strcpy.o
        74          0          0          0          0         80   sys_stackheap_outer.o
         2          0          0          0          0         68   use_no_semi.o
         2          0          0          0          0         68   use_no_semi_2.o
        98          4          0          0          0         92   d2f.o
       826         16          0          0          0        348   daddsub_clz.o
        16          4          0          0          0         68   dcheck1.o
        24          0          0          0          0         68   dcmpi.o
       688        140          0          0          0        208   ddiv.o
        94          4          0          0          0         92   dfix.o
        84          0          0          0          0        136   dflt_clz.o
       120          4          0          0          0         92   dleqf.o
       340         12          0          0          0        104   dmul.o
       156          4          0          0          0         92   dnaninf.o
        12          0          0          0          0         68   dretinf.o
       108          0          0          0          0         80   drleqf.o
       460         56          0          0          0        120   dsqrt_noumaal.o
        86          4          0          0          0         84   f2d.o
       450          8          0          0          0        236   faddsub_clz.o
        12          4          0          0          0         68   fcheck1.o
        24          0          0          0          0         68   fcmpi.o
       388         76          0          0          0         96   fdiv.o
       104          4          0          0          0         84   feqf.o
       136          8          0          0          0        168   ffix.o
        62          4          0          0          0         84   ffixu.o
        48          0          0          0          0         68   fflt_clz.o
       104          4          0          0          0         84   fleqf.o
       258          4          0          0          0         84   fmul.o
       140          4          0          0          0         84   fnaninf.o
        10          0          0          0          0         68   fretinf.o
        98          0          0          0          0         68   frleqf.o
       100          0          0          0          0         68   retnan.o
        92          0          0          0          0         68   scalbn.o
        76          0          0          0          0         68   scalbnf.o
        48          0          0          0          0         68   trapv.o
         0          0          0          0          0          0   usenofp.o
       624         52         80          0          0        168   asin.o
       156          8          0          0          0        104   cos.o
       252         22         48          0          0        124   cos_i.o
        68         10          0          0          0        408   dunder.o
        40          0          0          0          0         68   fpclassify.o
        38          0          0          0          0         68   fpclassifyf.o
        42          0          0          0          0        340   funder.o
       170          0          0          0          0         96   poly.o
      2520        190        136          0          0        324   pow.o
      1568         80        320          0          0        224   powf.o
         0          0          8          0          0          0   qnan.o
       904         76        200          0          0        140   rred.o
       236         12         40          0          0        128   sin_i.o
        76          0          0          0          0         84   sqrt.o

    ----------------------------------------------------------------------
     14186        930        896          0        100       8420   Library Totals
        28          0          7          0          4          0   (incl. Padding)

    ----------------------------------------------------------------------

      Code (inc. data)   RO Data    RW Data    ZI Data      Debug   Library Name

      2202        116         57          0         96       2960   c_w.l
      5262        364          0          0          0       3184   fz_ws.l
      6694        450        832          0          0       2276   m_ws.l

    ----------------------------------------------------------------------
     14186        930        896          0        100       8420   Library Totals

    ----------------------------------------------------------------------

==============================================================================


      Code (inc. data)   RO Data    RW Data    ZI Data      Debug   

     49084       4334       5036        456     302416     733425   Grand Totals
     49084       4334       5036        136     302416     733425   ELF Image Totals (compressed)
     49084       4334       5036        136          0          0   ROM Totals

==============================================================================

    Total RO  Size (Code + RO Data)                54120 (  52.85kB)
    Total RW  Size (RW Data + ZI Data)            302872 ( 295.77kB)
    Total ROM Size (Code + RO Data + RW Data)      54256 (  52.98kB)

==============================================================================

