Component: ARM Compiler 5.06 update 4 (build 422) Tool: armlink [4d35d2]

==============================================================================

Section Cross References

    startup_stm32f103xe.o(STACK) refers (Special) to heapauxi.o(.text) for __use_two_region_memory
    startup_stm32f103xe.o(HEAP) refers (Special) to heapauxi.o(.text) for __use_two_region_memory
    startup_stm32f103xe.o(RESET) refers (Special) to heapauxi.o(.text) for __use_two_region_memory
    startup_stm32f103xe.o(RESET) refers to startup_stm32f103xe.o(STACK) for __initial_sp
    startup_stm32f103xe.o(RESET) refers to startup_stm32f103xe.o(.text) for Reset_Handler
    startup_stm32f103xe.o(RESET) refers to stm32f1xx_it.o(i.NMI_Handler) for NMI_Handler
    startup_stm32f103xe.o(RESET) refers to stm32f1xx_it.o(i.HardFault_Handler) for HardFault_Handler
    startup_stm32f103xe.o(RESET) refers to stm32f1xx_it.o(i.MemManage_Handler) for MemManage_Handler
    startup_stm32f103xe.o(RESET) refers to stm32f1xx_it.o(i.BusFault_Handler) for BusFault_Handler
    startup_stm32f103xe.o(RESET) refers to stm32f1xx_it.o(i.UsageFault_Handler) for UsageFault_Handler
    startup_stm32f103xe.o(RESET) refers to stm32f1xx_it.o(i.SVC_Handler) for SVC_Handler
    startup_stm32f103xe.o(RESET) refers to stm32f1xx_it.o(i.DebugMon_Handler) for DebugMon_Handler
    startup_stm32f103xe.o(RESET) refers to stm32f1xx_it.o(i.PendSV_Handler) for PendSV_Handler
    startup_stm32f103xe.o(RESET) refers to stm32f1xx_it.o(i.SysTick_Handler) for SysTick_Handler
    startup_stm32f103xe.o(RESET) refers to stm32f1xx_it.o(i.RTC_IRQHandler) for RTC_IRQHandler
    startup_stm32f103xe.o(RESET) refers to stm32f1xx_it.o(i.DMA1_Channel3_IRQHandler) for DMA1_Channel3_IRQHandler
    startup_stm32f103xe.o(RESET) refers to stm32f1xx_it.o(i.USB_LP_CAN1_RX0_IRQHandler) for USB_LP_CAN1_RX0_IRQHandler
    startup_stm32f103xe.o(RESET) refers to stm32f1xx_it.o(i.TIM1_CC_IRQHandler) for TIM1_CC_IRQHandler
    startup_stm32f103xe.o(RESET) refers to stm32f1xx_it.o(i.TIM2_IRQHandler) for TIM2_IRQHandler
    startup_stm32f103xe.o(RESET) refers to stm32f1xx_it.o(i.TIM3_IRQHandler) for TIM3_IRQHandler
    startup_stm32f103xe.o(RESET) refers to stm32f1xx_it.o(i.TIM4_IRQHandler) for TIM4_IRQHandler
    startup_stm32f103xe.o(RESET) refers to stm32f1xx_it.o(i.USART1_IRQHandler) for USART1_IRQHandler
    startup_stm32f103xe.o(RESET) refers to stm32f1xx_it.o(i.USART2_IRQHandler) for USART2_IRQHandler
    startup_stm32f103xe.o(RESET) refers to stm32f1xx_it.o(i.USART3_IRQHandler) for USART3_IRQHandler
    startup_stm32f103xe.o(RESET) refers to stm32f1xx_it.o(i.TIM8_CC_IRQHandler) for TIM8_CC_IRQHandler
    startup_stm32f103xe.o(RESET) refers to stm32f1xx_it.o(i.TIM5_IRQHandler) for TIM5_IRQHandler
    startup_stm32f103xe.o(.text) refers (Special) to heapauxi.o(.text) for __use_two_region_memory
    startup_stm32f103xe.o(.text) refers to system_stm32f1xx.o(i.SystemInit) for SystemInit
    startup_stm32f103xe.o(.text) refers to __main.o(!!!main) for __main
    startup_stm32f103xe.o(.text) refers to startup_stm32f103xe.o(HEAP) for Heap_Mem
    startup_stm32f103xe.o(.text) refers to startup_stm32f103xe.o(STACK) for Stack_Mem
    malloc.o(i.getMemoryUsage) refers to malloc.o(.data) for sram
    malloc.o(i.getMemoryUsage) refers to malloc.o(.constdata) for BLOCK_NUM
    malloc.o(i.mallocInit) refers to malloc.o(i.mymemset) for mymemset
    malloc.o(i.mallocInit) refers to malloc.o(.constdata) for BLOCK_NUM
    malloc.o(i.mallocInit) refers to malloc.o(.data) for sram
    malloc.o(i.myfree) refers to malloc.o(.data) for sram
    malloc.o(i.myfree) refers to malloc.o(.constdata) for MAX_SIZE
    malloc.o(i.mymalloc) refers to malloc.o(.constdata) for BLOCK_SIZE
    malloc.o(i.mymalloc) refers to malloc.o(.data) for sram
    malloc.o(.data) refers to malloc.o(.bss) for sramInPool
    malloc.o(.data) refers to malloc.o(.ARM.__AT_0x6C000000) for sramOutPool
    malloc.o(.data) refers to malloc.o(.ARM.__AT_0x6C03AC00) for sramOutMap
    i2c.o(i.i2cAck) refers to stm32f1xx_hal_gpio.o(i.HAL_GPIO_WritePin) for HAL_GPIO_WritePin
    i2c.o(i.i2cAck) refers to i2c.o(i.i2cDelay) for i2cDelay
    i2c.o(i.i2cDelay) refers to delay.o(i.usDelay) for usDelay
    i2c.o(i.i2cNAck) refers to stm32f1xx_hal_gpio.o(i.HAL_GPIO_WritePin) for HAL_GPIO_WritePin
    i2c.o(i.i2cNAck) refers to i2c.o(i.i2cDelay) for i2cDelay
    i2c.o(i.i2cReadByte) refers to stm32f1xx_hal_gpio.o(i.HAL_GPIO_WritePin) for HAL_GPIO_WritePin
    i2c.o(i.i2cReadByte) refers to i2c.o(i.i2cDelay) for i2cDelay
    i2c.o(i.i2cReadByte) refers to stm32f1xx_hal_gpio.o(i.HAL_GPIO_ReadPin) for HAL_GPIO_ReadPin
    i2c.o(i.i2cSendByte) refers to stm32f1xx_hal_gpio.o(i.HAL_GPIO_WritePin) for HAL_GPIO_WritePin
    i2c.o(i.i2cSendByte) refers to i2c.o(i.i2cDelay) for i2cDelay
    i2c.o(i.i2cStart) refers to stm32f1xx_hal_gpio.o(i.HAL_GPIO_WritePin) for HAL_GPIO_WritePin
    i2c.o(i.i2cStart) refers to i2c.o(i.i2cDelay) for i2cDelay
[...]
    FSMC_NORSRAM_Extended_Timing_Init        0x08000a4d   Thumb Code    62  stm32f1xx_ll_fsmc.o(i.FSMC_NORSRAM_Extended_Timing_Init)
    FSMC_NORSRAM_Init                        0x08000a91   Thumb Code   116  stm32f1xx_ll_fsmc.o(i.FSMC_NORSRAM_Init)
    FSMC_NORSRAM_Timing_Init                 0x08000b09   Thumb Code    66  stm32f1xx_ll_fsmc.o(i.FSMC_NORSRAM_Timing_Init)
    FormDataInit                             0x08000b4b   Thumb Code    46  msgmanage.o(i.FormDataInit)
    HAL_CAN_ConfigFilter                     0x08000b79   Thumb Code   266  stm32f1xx_hal_can.o(i.HAL_CAN_ConfigFilter)
    HAL_CAN_ErrorCallback                    0x08000c83   Thumb Code     2  stm32f1xx_hal_can.o(i.HAL_CAN_ErrorCallback)
    HAL_CAN_GetRxFifoFillLevel               0x08000c85   Thumb Code    40  stm32f1xx_hal_can.o(i.HAL_CAN_GetRxFifoFillLevel)
    HAL_CAN_GetRxMessage                     0x08000cad   Thumb Code   404  stm32f1xx_hal_can.o(i.HAL_CAN_GetRxMessage)
    HAL_CAN_IRQHandler                       0x08000e41   Thumb Code   590  stm32f1xx_hal_can.o(i.HAL_CAN_IRQHandler)
    HAL_CAN_Init                             0x0800108f   Thumb Code   372  stm32f1xx_hal_can.o(i.HAL_CAN_Init)
    HAL_CAN_MspInit                          0x08001205   Thumb Code   138  can.o(i.HAL_CAN_MspInit)
    HAL_CAN_RxFifo0FullCallback              0x0800129d   Thumb Code     2  stm32f1xx_hal_can.o(i.HAL_CAN_RxFifo0FullCallback)
    HAL_CAN_RxFifo0MsgPendingCallback        0x0800129f   Thumb Code     2  stm32f1xx_hal_can.o(i.HAL_CAN_RxFifo0MsgPendingCallback)
    HAL_CAN_RxFifo1FullCallback              0x080012a1   Thumb Code     2  stm32f1xx_hal_can.o(i.HAL_CAN_RxFifo1FullCallback)
    HAL_CAN_RxFifo1MsgPendingCallback        0x080012a3   Thumb Code     2  stm32f1xx_hal_can.o(i.HAL_CAN_RxFifo1MsgPendingCallback)
    HAL_CAN_SleepCallback                    0x080012a5   Thumb Code     2  stm32f1xx_hal_can.o(i.HAL_CAN_SleepCallback)
    HAL_CAN_Start                            0x080012a7   Thumb Code    94  stm32f1xx_hal_can.o(i.HAL_CAN_Start)
    HAL_CAN_TxMailbox0AbortCallback          0x08001305   Thumb Code     2  stm32f1xx_hal_can.o(i.HAL_CAN_TxMailbox0AbortCallback)
    HAL_CAN_TxMailbox0CompleteCallback       0x08001307   Thumb Code     2  stm32f1xx_hal_can.o(i.HAL_CAN_TxMailbox0CompleteCallback)
    HAL_CAN_TxMailbox1AbortCallback          0x08001309   Thumb Code     2  stm32f1xx_hal_can.o(i.HAL_CAN_TxMailbox1AbortCallback)
    HAL_CAN_TxMailbox1CompleteCallback       0x0800130b   Thumb Code     2  stm32f1xx_hal_can.o(i.HAL_CAN_TxMailbox1CompleteCallback)
    HAL_CAN_TxMailbox2AbortCallback          0x0800130d   Thumb Code     2  stm32f1xx_hal_can.o(i.HAL_CAN_TxMailbox2AbortCallback)
    HAL_CAN_TxMailbox2CompleteCallback       0x0800130f   Thumb Code     2  stm32f1xx_hal_can.o(i.HAL_CAN_TxMailbox2CompleteCallback)
    HAL_CAN_WakeUpFromRxMsgCallback          0x08001311   Thumb Code     2  stm32f1xx_hal_can.o(i.HAL_CAN_WakeUpFromRxMsgCallback)
    HAL_DMA_Abort                            0x08001313   Thumb Code    86  stm32f1xx_hal_dma.o(i.HAL_DMA_Abort)
    HAL_DMA_Abort_IT                         0x08001369   Thumb Code   414  stm32f1xx_hal_dma.o(i.HAL_DMA_Abort_IT)
    HAL_DMA_IRQHandler                       0x08001511   Thumb Code   910  stm32f1xx_hal_dma.o(i.HAL_DMA_IRQHandler)
    HAL_DMA_Init                             0x080018a9   Thumb Code   132  stm32f1xx_hal_dma.o(i.HAL_DMA_Init)
    HAL_DMA_Start_IT                         0x08001935   Thumb Code   156  stm32f1xx_hal_dma.o(i.HAL_DMA_Start_IT)
    HAL_Delay                                0x080019d1   Thumb Code    12  delay.o(i.HAL_Delay)
    HAL_GPIO_Init                            0x08001a8d   Thumb Code   792  stm32f1xx_hal_gpio.o(i.HAL_GPIO_Init)
    HAL_GPIO_ReadPin                         0x08001dcd   Thumb Code    16  stm32f1xx_hal_gpio.o(i.HAL_GPIO_ReadPin)
    HAL_GPIO_TogglePin                       0x08001ddd   Thumb Code    20  stm32f1xx_hal_gpio.o(i.HAL_GPIO_TogglePin)
    HAL_GPIO_WritePin                        0x08001df1   Thumb Code    12  stm32f1xx_hal_gpio.o(i.HAL_GPIO_WritePin)
    HAL_GetTick                              0x08001dfd   Thumb Code     6  stm32f1xx_hal.o(i.HAL_GetTick)
    HAL_IncTick                              0x08001e09   Thumb Code    16  stm32f1xx_hal.o(i.HAL_IncTick)
    HAL_Init                                 0x08001e21   Thumb Code    34  stm32f1xx_hal.o(i.HAL_Init)
    HAL_InitTick                             0x08001e49   Thumb Code    64  stm32f1xx_hal.o(i.HAL_InitTick)
    HAL_MspInit                              0x08001e95   Thumb Code    76  stm32f1xx_hal_msp.o(i.HAL_MspInit)
    HAL_NVIC_EnableIRQ                       0x08001ee9   Thumb Code    32  stm32f1xx_hal_cortex.o(i.HAL_NVIC_EnableIRQ)
    HAL_NVIC_SetPriority                     0x08001f09   Thumb Code   124  stm32f1xx_hal_cortex.o(i.HAL_NVIC_SetPriority)
    HAL_NVIC_SetPriorityGrouping             0x08001f85   Thumb Code    32  stm32f1xx_hal_cortex.o(i.HAL_NVIC_SetPriorityGrouping)
    HAL_PWR_EnableBkUpAccess                 0x08001fad   Thumb Code     8  stm32f1xx_hal_pwr.o(i.HAL_PWR_EnableBkUpAccess)
    HAL_RCCEx_GetPeriphCLKFreq               0x08001fb9   Thumb Code   260  stm32f1xx_hal_rcc_ex.o(i.HAL_RCCEx_GetPeriphCLKFreq)
    HAL_RCCEx_PeriphCLKConfig                0x080020d1   Thumb Code   290  stm32f1xx_hal_rcc_ex.o(i.HAL_RCCEx_PeriphCLKConfig)
    HAL_RCC_ClockConfig                      0x08002201   Thumb Code   376  stm32f1xx_hal_rcc.o(i.HAL_RCC_ClockConfig)
    HAL_RCC_GetHCLKFreq                      0x0800238d   Thumb Code     6  stm32f1xx_hal_rcc.o(i.HAL_RCC_GetHCLKFreq)
    HAL_RCC_GetPCLK1Freq                     0x08002399   Thumb Code    22  stm32f1xx_hal_rcc.o(i.HAL_RCC_GetPCLK1Freq)
    HAL_RCC_GetPCLK2Freq                     0x080023b9   Thumb Code    22  stm32f1xx_hal_rcc.o(i.HAL_RCC_GetPCLK2Freq)
    HAL_RCC_GetSysClockFreq                  0x080023d9   Thumb Code    92  stm32f1xx_hal_rcc.o(i.HAL_RCC_GetSysClockFreq)
    HAL_RCC_OscConfig                        0x08002449   Thumb Code  1114  stm32f1xx_hal_rcc.o(i.HAL_RCC_OscConfig)
    HAL_RTCEx_BKUPRead                       0x080028ad   Thumb Code    20  stm32f1xx_hal_rtc_ex.o(i.HAL_RTCEx_BKUPRead)
    HAL_RTCEx_BKUPWrite                      0x080028c5   Thumb Code    18  stm32f1xx_hal_rtc_ex.o(i.HAL_RTCEx_BKUPWrite)
    HAL_RTCEx_RTCEventCallback               0x080028dd   Thumb Code     2  stm32f1xx_hal_rtc_ex.o(i.HAL_RTCEx_RTCEventCallback)
    HAL_RTCEx_RTCEventErrorCallback          0x080028df   Thumb Code     2  stm32f1xx_hal_rtc_ex.o(i.HAL_RTCEx_RTCEventErrorCallback)
    HAL_RTCEx_RTCIRQHandler                  0x080028e1   Thumb Code    78  stm32f1xx_hal_rtc_ex.o(i.HAL_RTCEx_RTCIRQHandler)
    HAL_RTC_Init                             0x08002931   Thumb Code   188  stm32f1xx_hal_rtc.o(i.HAL_RTC_Init)
    HAL_RTC_MspInit                          0x080029f1   Thumb Code    84  rtc.o(i.HAL_RTC_MspInit)
    HAL_RTC_SetDate                          0x08002a55   Thumb Code   242  stm32f1xx_hal_rtc.o(i.HAL_RTC_SetDate)
    HAL_RTC_SetTime                          0x08002b4d   Thumb Code   214  stm32f1xx_hal_rtc.o(i.HAL_RTC_SetTime)
    HAL_RTC_WaitForSynchro                   0x08002c29   Thumb Code    64  stm32f1xx_hal_rtc.o(i.HAL_RTC_WaitForSynchro)
    HAL_SRAM_Init                            0x08002c69   Thumb Code   102  stm32f1xx_hal_sram.o(i.HAL_SRAM_Init)
    HAL_SRAM_MspInit                         0x08002ccf   Thumb Code    10  fsmc.o(i.HAL_SRAM_MspInit)
    HAL_SYSTICK_Config                       0x08002cd9   Thumb Code    52  stm32f1xx_hal_cortex.o(i.HAL_SYSTICK_Config)
    HAL_TIMEx_BreakCallback                  0x08002d0d   Thumb Code     2  stm32f1xx_hal_tim_ex.o(i.HAL_TIMEx_BreakCallback)
    HAL_TIMEx_CommutCallback                 0x08002d0f   Thumb Code     2  stm32f1xx_hal_tim_ex.o(i.HAL_TIMEx_CommutCallback)
    HAL_TIMEx_ConfigBreakDeadTime            0x08002d11   Thumb Code   116  stm32f1xx_hal_tim_ex.o(i.HAL_TIMEx_ConfigBreakDeadTime)
    HAL_TIMEx_MasterConfigSynchronization    0x08002d85   Thumb Code   134  stm32f1xx_hal_tim_ex.o(i.HAL_TIMEx_MasterConfigSynchronization)
    HAL_TIM_Base_Start                       0x08002e21   Thumb Code   110  stm32f1xx_hal_tim.o(i.HAL_TIM_Base_Start)
    HAL_TIM_IC_CaptureCallback               0x08002ea5   Thumb Code   304  remote.o(i.HAL_TIM_IC_CaptureCallback)
    HAL_TIM_IC_ConfigChannel                 0x08002fed   Thumb Code   222  stm32f1xx_hal_tim.o(i.HAL_TIM_IC_ConfigChannel)
    HAL_TIM_IC_Init                          0x080030cb   Thumb Code   102  stm32f1xx_hal_tim.o(i.HAL_TIM_IC_Init)
    HAL_TIM_IC_MspInit                       0x08003131   Thumb Code   116  tim.o(i.HAL_TIM_IC_MspInit)
    HAL_TIM_IC_Start_IT                      0x080031b1   Thumb Code   356  stm32f1xx_hal_tim.o(i.HAL_TIM_IC_Start_IT)
    HAL_TIM_IRQHandler                       0x08003329   Thumb Code   406  stm32f1xx_hal_tim.o(i.HAL_TIM_IRQHandler)
    HAL_TIM_MspPostInit                      0x080034c1   Thumb Code   346  tim.o(i.HAL_TIM_MspPostInit)
    HAL_TIM_OC_ConfigChannel                 0x08003645   Thumb Code   112  stm32f1xx_hal_tim.o(i.HAL_TIM_OC_ConfigChannel)
    HAL_TIM_OC_DelayElapsedCallback          0x080036b5   Thumb Code    84  steppingmotorcontrol.o(i.HAL_TIM_OC_DelayElapsedCallback)
    HAL_TIM_OC_Init                          0x0800372d   Thumb Code   102  stm32f1xx_hal_tim.o(i.HAL_TIM_OC_Init)
    HAL_TIM_OC_MspInit                       0x08003795   Thumb Code   274  tim.o(i.HAL_TIM_OC_MspInit)
    HAL_TIM_OC_Start_IT                      0x080038bd   Thumb Code   304  stm32f1xx_hal_tim.o(i.HAL_TIM_OC_Start_IT)
    HAL_TIM_OC_Stop_IT                       0x08003a01   Thumb Code   244  stm32f1xx_hal_tim.o(i.HAL_TIM_OC_Stop_IT)
    HAL_TIM_PWM_PulseFinishedCallback        0x08003afd   Thumb Code     2  stm32f1xx_hal_tim.o(i.HAL_TIM_PWM_PulseFinishedCallback)
    HAL_TIM_PeriodElapsedCallback            0x08003b01   Thumb Code    98  remote.o(i.HAL_TIM_PeriodElapsedCallback)
    HAL_TIM_ReadCapturedValue                0x08003b6d   Thumb Code    50  stm32f1xx_hal_tim.o(i.HAL_TIM_ReadCapturedValue)
    HAL_TIM_TriggerCallback                  0x08003b9f   Thumb Code     2  stm32f1xx_hal_tim.o(i.HAL_TIM_TriggerCallback)
    HAL_UARTEx_RxEventCallback               0x08003ba1   Thumb Code     2  stm32f1xx_hal_uart.o(i.HAL_UARTEx_RxEventCallback)
    HAL_UART_DMAStop                         0x08003ba3   Thumb Code   138  stm32f1xx_hal_uart.o(i.HAL_UART_DMAStop)
    HAL_UART_ErrorCallback                   0x08003c2d   Thumb Code     2  stm32f1xx_hal_uart.o(i.HAL_UART_ErrorCallback)
    HAL_UART_IRQHandler                      0x08003c31   Thumb Code   736  stm32f1xx_hal_uart.o(i.HAL_UART_IRQHandler)
    HAL_UART_Init                            0x08003f15   Thumb Code   118  stm32f1xx_hal_uart.o(i.HAL_UART_Init)
    HAL_UART_MspInit                         0x08003f8d   Thumb Code   442  usart.o(i.HAL_UART_MspInit)
    HAL_UART_Receive_DMA                     0x0800416d   Thumb Code    44  stm32f1xx_hal_uart.o(i.HAL_UART_Receive_DMA)
    HAL_UART_Receive_IT                      0x08004199   Thumb Code    44  stm32f1xx_hal_uart.o(i.HAL_UART_Receive_IT)
    HAL_UART_RxCpltCallback                  0x080041c5   Thumb Code   120  msgmanage.o(i.HAL_UART_RxCpltCallback)
    HAL_UART_RxHalfCpltCallback              0x08004245   Thumb Code     2  stm32f1xx_hal_uart.o(i.HAL_UART_RxHalfCpltCallback)
    HAL_UART_Transmit                        0x08004247   Thumb Code   178  stm32f1xx_hal_uart.o(i.HAL_UART_Transmit)
    HAL_UART_TxCpltCallback                  0x080042f9   Thumb Code     2  stm32f1xx_hal_uart.o(i.HAL_UART_TxCpltCallback)
    HardFault_Handler                        0x080042fb   Thumb Code     4  stm32f1xx_it.o(i.HardFault_Handler)
    MX_CAN_Init                              0x08004301   Thumb Code   170  can.o(i.MX_CAN_Init)
    MX_DMA_Init                              0x080043b5   Thumb Code    48  dma.o(i.MX_DMA_Init)
    MX_FSMC_Init                             0x080043e9   Thumb Code   126  fsmc.o(i.MX_FSMC_Init)
    MX_GPIO_Init                             0x08004475   Thumb Code   588  gpio.o(i.MX_GPIO_Init)
    MX_RTC_Init                              0x080046dd   Thumb Code   228  rtc.o(i.MX_RTC_Init)
    MX_TIM1_Init                             0x080047cd   Thumb Code   172  tim.o(i.MX_TIM1_Init)
    MX_TIM2_Init                             0x08004881   Thumb Code   122  tim.o(i.MX_TIM2_Init)
    MX_TIM3_Init                             0x08004901   Thumb Code   120  tim.o(i.MX_TIM3_Init)
    MX_TIM4_Init                             0x08004981   Thumb Code   120  tim.o(i.MX_TIM4_Init)
    MX_TIM5_Init                             0x08004a01   Thumb Code   136  tim.o(i.MX_TIM5_Init)
    MX_TIM8_Init                             0x08004a91   Thumb Code   172  tim.o(i.MX_TIM8_Init)
    MX_USART1_UART_Init                      0x08004b45   Thumb Code    46  usart.o(i.MX_USART1_UART_Init)
    MX_USART2_UART_Init                      0x08004b7d   Thumb Code    56  usart.o(i.MX_USART2_UART_Init)
    MX_USART3_UART_Init                      0x08004bc5   Thumb Code    72  usart.o(i.MX_USART3_UART_Init)
    MemManage_Handler                        0x08004c19   Thumb Code     4  stm32f1xx_it.o(i.MemManage_Handler)
    NMI_Handler                              0x08004c1d   Thumb Code     4  stm32f1xx_it.o(i.NMI_Handler)
    OpenMvDataProcess                        0x08004c21   Thumb Code    94  msgmanage.o(i.OpenMvDataProcess)
    PendSV_Handler                           0x08004c85   Thumb Code     2  stm32f1xx_it.o(i.PendSV_Handler)
    RTC_IRQHandler                           0x08004d3d   Thumb Code    74  stm32f1xx_it.o(i.RTC_IRQHandler)
    SVC_Handler                              0x08004eb9   Thumb Code     2  stm32f1xx_it.o(i.SVC_Handler)
    ServoDataInit                            0x08004ebb   Thumb Code    26  msgmanage.o(i.ServoDataInit)
    SysTick_Handler                          0x08004ed5   Thumb Code     8  stm32f1xx_it.o(i.SysTick_Handler)
    SystemClock_Config                       0x08004edd   Thumb Code   134  main.o(i.SystemClock_Config)
    SystemInit                               0x08004f63   Thumb Code     2  system_stm32f1xx.o(i.SystemInit)
    TIM1_CC_IRQHandler                       0x08004f65   Thumb Code    10  stm32f1xx_it.o(i.TIM1_CC_IRQHandler)
    TIM2_IRQHandler                          0x08004f75   Thumb Code    10  stm32f1xx_it.o(i.TIM2_IRQHandler)
    TIM3_IRQHandler                          0x08004f85   Thumb Code    10  stm32f1xx_it.o(i.TIM3_IRQHandler)
    TIM4_IRQHandler                          0x08004f95   Thumb Code    10  stm32f1xx_it.o(i.TIM4_IRQHandler)
    TIM5_IRQHandler                          0x08004fa5   Thumb Code    10  stm32f1xx_it.o(i.TIM5_IRQHandler)
    TIM8_CC_IRQHandler                       0x08004fb5   Thumb Code    10  stm32f1xx_it.o(i.TIM8_CC_IRQHandler)
    TIM_Base_SetConfig                       0x08004fc5   Thumb Code   134  stm32f1xx_hal_tim.o(i.TIM_Base_SetConfig)
    TIM_CCxChannelCmd                        0x08005061   Thumb Code    34  stm32f1xx_hal_tim.o(i.TIM_CCxChannelCmd)
    TIM_OC2_SetConfig                        0x080050f5   Thumb Code   114  stm32f1xx_hal_tim.o(i.TIM_OC2_SetConfig)
    TIM_TI1_SetConfig                        0x0800523d   Thumb Code   102  stm32f1xx_hal_tim.o(i.TIM_TI1_SetConfig)
    UART_Start_Receive_DMA                   0x0800574d   Thumb Code   186  stm32f1xx_hal_uart.o(i.UART_Start_Receive_DMA)
    UART_Start_Receive_IT                    0x08005815   Thumb Code    64  stm32f1xx_hal_uart.o(i.UART_Start_Receive_IT)
    USART1_IRQHandler                        0x08005949   Thumb Code    26  stm32f1xx_it.o(i.USART1_IRQHandler)
    USART2_IRQHandler                        0x0800596d   Thumb Code    10  stm32f1xx_it.o(i.USART2_IRQHandler)
    USART3_IRQHandler                        0x0800597d   Thumb Code   100  stm32f1xx_it.o(i.USART3_IRQHandler)
    USB_LP_CAN1_RX0_IRQHandler               0x080059ed   Thumb Code    24  stm32f1xx_it.o(i.USB_LP_CAN1_RX0_IRQHandler)
    UsageFault_Handler                       0x08005a11   Thumb Code     4  stm32f1xx_it.o(i.UsageFault_Handler)
    __ARM_fpclassify                         0x08005a15   Thumb Code    40  fpclassify.o(i.__ARM_fpclassify)
    __ARM_fpclassifyf                        0x08005a3d   Thumb Code    38  fpclassifyf.o(i.__ARM_fpclassifyf)
    __kernel_poly                            0x08005a9d   Thumb Code   170  poly.o(i.__kernel_poly)
    __mathlib_dbl_divzero                    0x08005b49   Thumb Code    12  dunder.o(i.__mathlib_dbl_divzero)
    __mathlib_dbl_infnan2                    0x08005b59   Thumb Code     4  dunder.o(i.__mathlib_dbl_infnan2)
    __mathlib_dbl_invalid                    0x08005b5d   Thumb Code    12  dunder.o(i.__mathlib_dbl_invalid)
    __mathlib_dbl_overflow                   0x08005b69   Thumb Code    14  dunder.o(i.__mathlib_dbl_overflow)
    __mathlib_dbl_underflow                  0x08005b79   Thumb Code    10  dunder.o(i.__mathlib_dbl_underflow)
    __mathlib_flt_divzero                    0x08005b89   Thumb Code    10  funder.o(i.__mathlib_flt_divzero)
    __mathlib_flt_infnan2                    0x08005b93   Thumb Code     4  funder.o(i.__mathlib_flt_infnan2)
    __mathlib_flt_invalid                    0x08005b97   Thumb Code     8  funder.o(i.__mathlib_flt_invalid)
    __mathlib_flt_overflow                   0x08005b9f   Thumb Code    10  funder.o(i.__mathlib_flt_overflow)
    __mathlib_flt_underflow                  0x08005ba9   Thumb Code    10  funder.o(i.__mathlib_flt_underflow)
    _is_digit                                0x08005bb3   Thumb Code    14  __printf_wp.o(i._is_digit)
    _sys_exit                                0x08005bc1   Thumb Code     4  msgmanage.o(i._sys_exit)
    _ttywrch                                 0x08005bc5   Thumb Code     4  msgmanage.o(i._ttywrch)
    beepBeep                                 0x08005bc9   Thumb Code    56  beep.o(i.beepBeep)
    canReceiveMsg                            0x08005c05   Thumb Code    68  can.o(i.canReceiveMsg)
    createMenu                               0x08005c51   Thumb Code   106  menu.o(i.createMenu)
    eepromPageWrite                          0x08005cc1   Thumb Code    70  eeprom.o(i.eepromPageWrite)
    eepromSequentialRead                     0x08005d07   Thumb Code    92  eeprom.o(i.eepromSequentialRead)
    eepromTest                               0x08005d63   Thumb Code    68  eeprom.o(i.eepromTest)
    fputc                                    0x08005da9   Thumb Code    24  msgmanage.o(i.fputc)
    getFloat                                 0x08005dc5   Thumb Code    26  msgmanage.o(i.getFloat)
    getMemoryUsage                           0x08005de5   Thumb Code    52  malloc.o(i.getMemoryUsage)
    i2cAck                                   0x08005e21   Thumb Code    80  i2c.o(i.i2cAck)
    i2cNAck                                  0x08005e81   Thumb Code    60  i2c.o(i.i2cNAck)
    i2cReadByte                              0x08005ec1   Thumb Code    78  i2c.o(i.i2cReadByte)
    i2cSendByte                              0x08005f15   Thumb Code   106  i2c.o(i.i2cSendByte)
    i2cStart                                 0x08005f85   Thumb Code    76  i2c.o(i.i2cStart)
    i2cStop                                  0x08005fd5   Thumb Code    60  i2c.o(i.i2cStop)
    i2cWaitAck                               0x08006015   Thumb Code   100  i2c.o(i.i2cWaitAck)
    main                                     0x0800607d   Thumb Code   638  main.o(i.main)
    mainMenuAction                           0x08006421   Thumb Code   228  menu.o(i.mainMenuAction)
    mallocInit                               0x08006515   Thumb Code    64  malloc.o(i.mallocInit)
    motorDirChange                           0x08006561   Thumb Code   200  steppingmotorcontrol.o(i.motorDirChange)
    motorInit                                0x08006631   Thumb Code    42  steppingmotorcontrol.o(i.motorInit)
    motorMove                                0x08006671   Thumb Code   222  steppingmotorcontrol.o(i.motorMove)
    motorMove2Pos                            0x08006799   Thumb Code    94  steppingmotorcontrol.o(i.motorMove2Pos)
    motorPosProtect                          0x080067f7   Thumb Code    22  steppingmotorcontrol.o(i.motorPosProtect)
    motorStateUpgrade                        0x0800680d   Thumb Code   274  steppingmotorcontrol.o(i.motorStateUpgrade)
    motorTIMStar                             0x0800693d   Thumb Code   188  steppingmotorcontrol.o(i.motorTIMStar)
    motorTIMStop                             0x08006a0d   Thumb Code    78  steppingmotorcontrol.o(i.motorTIMStop)
    motorTIMUpgrade                          0x08006a71   Thumb Code   130  steppingmotorcontrol.o(i.motorTIMUpgrade)
    move                                     0x08006b09   Thumb Code   114  steppingmotorcontrol.o(i.move)
    move2Pos                                 0x08006b91   Thumb Code   114  steppingmotorcontrol.o(i.move2Pos)
    msDelay                                  0x08006c19   Thumb Code    50  delay.o(i.msDelay)
    myfree                                   0x08006c51   Thumb Code    80  malloc.o(i.myfree)
    mymalloc                                 0x08006cad   Thumb Code   132  malloc.o(i.mymalloc)
    mymemset                                 0x08006d3d   Thumb Code    20  malloc.o(i.mymemset)
    oledByteWrite                            0x08006d51   Thumb Code    46  oled.o(i.oledByteWrite)
    oledCLS                                  0x08006d7f   Thumb Code    10  oled.o(i.oledCLS)
    oledDrawBMP                              0x08006d89   Thumb Code   116  oled.o(i.oledDrawBMP)
    oledFill                                 0x08006dfd   Thumb Code    58  oled.o(i.oledFill)
    oledInit                                 0x08006e37   Thumb Code   182  oled.o(i.oledInit)
    oledSetPos                               0x08006eed   Thumb Code    40  oled.o(i.oledSetPos)
    oledShowStr                              0x08006f15   Thumb Code   228  oled.o(i.oledShowStr)
    oledWriteCmd                             0x08007001   Thumb Code    14  oled.o(i.oledWriteCmd)
    oledWriteDat                             0x0800700f   Thumb Code    14  oled.o(i.oledWriteDat)
    perTabCal                                0x0800701d   Thumb Code   708  steppingmotorcontrol.o(i.perTabCal)
    pow                                      0x080072f5   Thumb Code  2512  pow.o(i.pow)
    __mathlib_powf                           0x08007ccd   Thumb Code     0  powf.o(i.powf)
    powf                                     0x08007ccd   Thumb Code  1548  powf.o(i.powf)
    read_addr                                0x080082ed   Thumb Code     6  usmart.o(i.read_addr)
    remoteScan                               0x080082f5   Thumb Code   104  remote.o(i.remoteScan)
    rtcGetTime                               0x08008419   Thumb Code   252  rtc.o(i.rtcGetTime)
    rtcGetWeek                               0x08008531   Thumb Code    80  rtc.o(i.rtcGetWeek)
    rtcSetTime                               0x080085b5   Thumb Code   154  rtc.o(i.rtcSetTime)
    runServoAction                           0x0800865d   Thumb Code    66  servocontrol.o(i.runServoAction)
    servoAction                              0x080086ad   Thumb Code    76  servocontrol.o(i.servoAction)
    servoInit                                0x080086f9   Thumb Code    82  servocontrol.o(i.servoInit)
    showMenu                                 0x08008755   Thumb Code    96  menu.o(i.showMenu)
    sqrt                                     0x080087bd   Thumb Code    76  sqrt.o(i.sqrt)
    usDelay                                  0x08008809   Thumb Code   108  delay.o(i.usDelay)
    usmart_cmd_rec                           0x08008879   Thumb Code   170  usmart.o(i.usmart_cmd_rec)
    usmart_exe                               0x08008929   Thumb Code   624  usmart.o(i.usmart_exe)
    usmart_get_aparm                         0x08008bf5   Thumb Code   212  usmart_str.o(i.usmart_get_aparm)
    usmart_get_cmdname                       0x08008cc9   Thumb Code    54  usmart_str.o(i.usmart_get_cmdname)
    usmart_get_fname                         0x08008d01   Thumb Code   440  usmart_str.o(i.usmart_get_fname)
    usmart_get_fparam                        0x08008ec1   Thumb Code   262  usmart_str.o(i.usmart_get_fparam)
    usmart_get_input_string                  0x08008fcd   Thumb Code    32  usmart_port.o(i.usmart_get_input_string)
    usmart_get_parmpos                       0x08008ff1   Thumb Code    26  usmart_str.o(i.usmart_get_parmpos)
    usmart_init                              0x08009011   Thumb Code     8  usmart.o(i.usmart_init)
    usmart_pow                               0x0800901d   Thumb Code    22  usmart_str.o(i.usmart_pow)
    usmart_scan                              0x08009035   Thumb Code   106  usmart.o(i.usmart_scan)
    usmart_search_nextc                      0x080090dd   Thumb Code    22  usmart_str.o(i.usmart_search_nextc)
    usmart_str2num                           0x080090f3   Thumb Code   262  usmart_str.o(i.usmart_str2num)
    usmart_strcmp                            0x080091f9   Thumb Code    34  usmart_str.o(i.usmart_strcmp)
    usmart_strcopy                           0x0800921b   Thumb Code    22  usmart_str.o(i.usmart_strcopy)
    usmart_strlen                            0x08009231   Thumb Code    24  usmart_str.o(i.usmart_strlen)
    usmart_sys_cmd_exe                       0x08009249   Thumb Code  1546  usmart.o(i.usmart_sys_cmd_exe)
    write_addr                               0x080098f1   Thumb Code     4  usmart.o(i.write_addr)
    __aeabi_d2f                              0x080098f5   Thumb Code     0  d2f.o(x$fpl$d2f)
    _d2f                                     0x080098f5   Thumb Code    98  d2f.o(x$fpl$d2f)
    __aeabi_dadd                             0x08009959   Thumb Code     0  daddsub_clz.o(x$fpl$dadd)
    _dadd                                    0x08009959   Thumb Code   332  daddsub_clz.o(x$fpl$dadd)
    __fpl_dcheck_NaN1                        0x08009aa9   Thumb Code    10  dcheck1.o(x$fpl$dcheck1)
    __fpl_dcmp_Inf                           0x08009ab9   Thumb Code    24  dcmpi.o(x$fpl$dcmpinf)
    __aeabi_ddiv                             0x08009ad1   Thumb Code     0  ddiv.o(x$fpl$ddiv)
    _ddiv                                    0x08009ad1   Thumb Code   552  ddiv.o(x$fpl$ddiv)
    __aeabi_d2iz                             0x08009d81   Thumb Code     0  dfix.o(x$fpl$dfix)
    _dfix                                    0x08009d81   Thumb Code    94  dfix.o(x$fpl$dfix)
    __aeabi_i2d                              0x08009ddf   Thumb Code     0  dflt_clz.o(x$fpl$dflt)
    _dflt                                    0x08009ddf   Thumb Code    46  dflt_clz.o(x$fpl$dflt)
    __aeabi_cdcmple                          0x08009e0d   Thumb Code     0  dleqf.o(x$fpl$dleqf)
    _dcmple                                  0x08009e0d   Thumb Code   120  dleqf.o(x$fpl$dleqf)
    __fpl_dcmple_InfNaN                      0x08009e6f   Thumb Code     0  dleqf.o(x$fpl$dleqf)
    __aeabi_dmul                             0x08009e85   Thumb Code     0  dmul.o(x$fpl$dmul)
    _dmul                                    0x08009e85   Thumb Code   332  dmul.o(x$fpl$dmul)
    __fpl_dnaninf                            0x08009fd9   Thumb Code   156  dnaninf.o(x$fpl$dnaninf)
    __fpl_dretinf                            0x0800a075   Thumb Code    12  dretinf.o(x$fpl$dretinf)
    __aeabi_cdrcmple                         0x0800a081   Thumb Code     0  drleqf.o(x$fpl$drleqf)
    _drcmple                                 0x0800a081   Thumb Code   108  drleqf.o(x$fpl$drleqf)
    __aeabi_drsub                            0x0800a0ed   Thumb Code     0  daddsub_clz.o(x$fpl$drsb)
    _drsb                                    0x0800a0ed   Thumb Code    22  daddsub_clz.o(x$fpl$drsb)
    _dsqrt                                   0x0800a105   Thumb Code   456  dsqrt_noumaal.o(x$fpl$dsqrt)
    __aeabi_dsub                             0x0800a2d1   Thumb Code     0  daddsub_clz.o(x$fpl$dsub)
    _dsub                                    0x0800a2d1   Thumb Code   464  daddsub_clz.o(x$fpl$dsub)
    __aeabi_f2d                              0x0800a4a5   Thumb Code     0  f2d.o(x$fpl$f2d)
    _f2d                                     0x0800a4a5   Thumb Code    86  f2d.o(x$fpl$f2d)
    __aeabi_fadd                             0x0800a4fd   Thumb Code     0  faddsub_clz.o(x$fpl$fadd)
    _fadd                                    0x0800a4fd   Thumb Code   196  faddsub_clz.o(x$fpl$fadd)
    __fpl_fcheck_NaN1                        0x0800a5c1   Thumb Code     6  fcheck1.o(x$fpl$fcheck1)
    __fpl_fcmp_Inf                           0x0800a5cd   Thumb Code    24  fcmpi.o(x$fpl$fcmpinf)
    __aeabi_fdiv                             0x0800a5e5   Thumb Code     0  fdiv.o(x$fpl$fdiv)
    _fdiv                                    0x0800a5e5   Thumb Code   384  fdiv.o(x$fpl$fdiv)
    __aeabi_f2iz                             0x0800a769   Thumb Code     0  ffix.o(x$fpl$ffix)
    _ffix                                    0x0800a769   Thumb Code    54  ffix.o(x$fpl$ffix)
    _ffix_r                                  0x0800a7a1   Thumb Code    82  ffix.o(x$fpl$ffixr)
    __aeabi_f2uiz                            0x0800a7f5   Thumb Code     0  ffixu.o(x$fpl$ffixu)
    _ffixu                                   0x0800a7f5   Thumb Code    62  ffixu.o(x$fpl$ffixu)
    __aeabi_i2f                              0x0800a835   Thumb Code     0  fflt_clz.o(x$fpl$fflt)
    _fflt                                    0x0800a835   Thumb Code    48  fflt_clz.o(x$fpl$fflt)
    __aeabi_cfcmple                          0x0800a865   Thumb Code     0  fleqf.o(x$fpl$fleqf)
    _fcmple                                  0x0800a865   Thumb Code   104  fleqf.o(x$fpl$fleqf)
    __fpl_fcmple_InfNaN                      0x0800a8b7   Thumb Code     0  fleqf.o(x$fpl$fleqf)
    __aeabi_fmul                             0x0800a8cd   Thumb Code     0  fmul.o(x$fpl$fmul)
    _fmul                                    0x0800a8cd   Thumb Code   258  fmul.o(x$fpl$fmul)
    __fpl_fnaninf                            0x0800a9cf   Thumb Code   140  fnaninf.o(x$fpl$fnaninf)
    __fpl_fretinf                            0x0800aa5b   Thumb Code    10  fretinf.o(x$fpl$fretinf)
    __aeabi_frsub                            0x0800aa65   Thumb Code     0  faddsub_clz.o(x$fpl$frsb)
    _frsb                                    0x0800aa65   Thumb Code    20  faddsub_clz.o(x$fpl$frsb)
    __aeabi_fsub                             0x0800aa79   Thumb Code     0  faddsub_clz.o(x$fpl$fsub)
    _fsub                                    0x0800aa79   Thumb Code   234  faddsub_clz.o(x$fpl$fsub)
    __fpl_return_NaN                         0x0800ab63   Thumb Code   100  retnan.o(x$fpl$retnan)
    __ARM_scalbn                             0x0800abc7   Thumb Code    92  scalbn.o(x$fpl$scalbn)
    __ARM_scalbnf                            0x0800ac23   Thumb Code    76  scalbnf.o(x$fpl$scalbnf)
    __fpl_cmpreturn                          0x0800ac6f   Thumb Code    48  trapv.o(x$fpl$trapveneer)
    __I$use$fp                               0x0800ac9e   Number         0  usenofp.o(x$fpl$usenofp)
    BLOCK_SIZE                               0x0800aca0   Data           8  malloc.o(.constdata)
    BLOCK_NUM                                0x0800aca8   Data           8  malloc.o(.constdata)
    MAX_SIZE                                 0x0800acb0   Data           8  malloc.o(.constdata)
    AHBPrescTable                            0x0800acdc   Data          16  system_stm32f1xx.o(.constdata)
    APBPrescTable                            0x0800acec   Data           8  system_stm32f1xx.o(.constdata)
    F16x16                                   0x0800acf4   Data         160  oledlab.o(.constdata)
    F6x8                                     0x0800ad94   Data         552  oledlab.o(.constdata)
    F8X16                                    0x0800afbc   Data        1520  oledlab.o(.constdata)
    BMP                                      0x0800b5ac   Data        1024  oledlab.o(.constdata)
    __mathlib_zero                           0x0800bbb0   Data           8  qnan.o(.constdata)
    Region$$Table$$Base                      0x0800bd88   Number         0  anon$$obj.o(Region$$Table)
    Region$$Table$$Limit                     0x0800bda8   Number         0  anon$$obj.o(Region$$Table)
    sram                                     0x20000000   Data          16  malloc.o(.data)
    key                                      0x20000010   Data           1  main.o(.data)
    i                                        0x20000011   Data           1  main.o(.data)
    str                                      0x20000014   Data           4  main.o(.data)
    canRxFlag                                0x20000018   Data           1  can.o(.data)
    canRxBuf                                 0x20000019   Data           8  can.o(.data)
    weekdays                                 0x2000002c   Data          28  rtc.o(.data)
    uwTick                                   0x2000004c   Data           4  stm32f1xx_hal.o(.data)
    uwTickPrio                               0x20000050   Data           4  stm32f1xx_hal.o(.data)
    uwTickFreq                               0x20000054   Data           1  stm32f1xx_hal.o(.data)
    SystemCoreClock                          0x20000058   Data           4  system_stm32f1xx.o(.data)
    globaFdata                               0x2000005c   Data           4  msgmanage.o(.data)
    __stdout                                 0x20000060   Data           4  msgmanage.o(.data)
    remoteFlag                               0x20000064   Data           1  remote.o(.data)
    remoteData                               0x20000068   Data           4  remote.o(.data)
    remoteCnt                                0x2000006c   Data           1  remote.o(.data)
    lastSta                                  0x2000006d   Data           1  remote.o(.data)
    head                                     0x20000070   Data           4  menu.o(.data)
    showMenuer                               0x20000074   Data           4  menu.o(.data)
    getEnd                                   0x20000078   Data           4  menu.o(.data)
    sys_cmd_tab                              0x20000080   Data          28  usmart.o(.data)
    usmart_nametab                           0x2000009c   Data          40  usmart_config.o(.data)
    usmart_dev                               0x200000c4   Data         244  usmart_config.o(.data)
    sramInMap                                0x2000a1c0   Data        2560  malloc.o(.bss)
    txMsg                                    0x2000abc0   Data          24  can.o(.bss)
    rxMsg                                    0x2000abd8   Data          28  can.o(.bss)
    hcan                                     0x2000abf4   Data          40  can.o(.bss)
    hsram1                                   0x2000ac1c   Data          72  fsmc.o(.bss)
    time                                     0x2000ac64   Data          10  rtc.o(.bss)
    hrtc                                     0x2000ac70   Data          20  rtc.o(.bss)
    htim1                                    0x2000ac84   Data          72  tim.o(.bss)
    htim2                                    0x2000accc   Data          72  tim.o(.bss)
    htim3                                    0x2000ad14   Data          72  tim.o(.bss)
    htim4                                    0x2000ad5c   Data          72  tim.o(.bss)
    htim5                                    0x2000ada4   Data          72  tim.o(.bss)
    htim8                                    0x2000adec   Data          72  tim.o(.bss)
    huart1                                   0x2000ae34   Data          72  usart.o(.bss)
    huart2                                   0x2000ae7c   Data          72  usart.o(.bss)
    huart3                                   0x2000aec4   Data          72  usart.o(.bss)
    hdma_usart3_rx                           0x2000af0c   Data          68  usart.o(.bss)
    usart1Data                               0x2000af50   Data         204  msgmanage.o(.bss)
    servoData                                0x2000b01c   Data          12  msgmanage.o(.bss)
    OpennMvData                              0x2000b028   Data          56  msgmanage.o(.bss)
    servo                                    0x2000b060   Data          16  servocontrol.o(.bss)
    servoTxBuf                               0x2000b070   Data          19  servocontrol.o(.bss)
    motor1                                   0x2000b084   Data          48  steppingmotorcontrol.o(.bss)
    motor2                                   0x2000b0b4   Data          48  steppingmotorcontrol.o(.bss)
    motor3                                   0x2000b0e4   Data          48  steppingmotorcontrol.o(.bss)
    motor4                                   0x2000b114   Data          48  steppingmotorcontrol.o(.bss)
    motor5                                   0x2000b144   Data          48  steppingmotorcontrol.o(.bss)
    __libspace_start                         0x2000b174   Data          96  libspace.o(.bss)
    __temporary_stack_top$libspace           0x2000b1d4   Data           0  libspace.o(.bss)
    sramOutMap                               0x6c03ac00   Data       15040  malloc.o(.ARM.__AT_0x6C03AC00)



==============================================================================

Memory Map of the image

  Image Entry point : 0x08000131

  Load Region LR_IROM1 (Base: 0x08000000, Size: 0x0000bf60, Max: 0x00080000, ABSOLUTE, COMPRESSED[0x0000be28])

    Execution Region ER_IROM1 (Base: 0x08000000, Size: 0x0000bda8, Max: 0x00080000, ABSOLUTE)

    Base Addr    Size         Type   Attr      Idx    E Section Name        Object

    0x08000000   0x00000130   Data   RO            3    RESET               startup_stm32f103xe.o
    0x08000130   0x00000008   Code   RO         5297  * !!!main             c_w.l(__main.o)
    0x08000138   0x00000034   Code   RO         5675    !!!scatter          c_w.l(__scatter.o)
    0x0800016c   0x0000005a   Code   RO         5673    !!dczerorl2         c_w.l(__dczerorl2.o)
    0x080001c6   0x00000002   PAD
    0x080001c8   0x0000001c   Code   RO         5677    !!handler_zi        c_w.l(__scatter_zi.o)
    0x080001e4   0x00000000   Code   RO         5290    .ARM.Collect$$_printf_percent$$00000000  c_w.l(_printf_percent.o)
    0x080001e4   0x00000006   Code   RO         5288    .ARM.Collect$$_printf_percent$$00000009  c_w.l(_printf_d.o)
    0x080001ea   0x00000006   Code   RO         5289    .ARM.Collect$$_printf_percent$$0000000A  c_w.l(_printf_u.o)
    0x080001f0   0x00000006   Code   RO         5287    .ARM.Collect$$_printf_percent$$0000000C  c_w.l(_printf_x.o)
    0x080001f6   0x00000006   Code   RO         5285    .ARM.Collect$$_printf_percent$$00000013  c_w.l(_printf_c.o)
    0x080001fc   0x00000006   Code   RO         5286    .ARM.Collect$$_printf_percent$$00000014  c_w.l(_printf_s.o)
    0x08000202   0x00000004   Code   RO         5423    .ARM.Collect$$_printf_percent$$00000017  c_w.l(_printf_percent_end.o)
    0x08000206   0x00000002   Code   RO         5612    .ARM.Collect$$libinit$$00000000  c_w.l(libinit.o)
    0x08000208   0x00000000   Code   RO         5429    .ARM.Collect$$libinit$$00000002  c_w.l(libinit2.o)
    0x08000208   0x00000000   Code   RO         5431    .ARM.Collect$$libinit$$00000004  c_w.l(libinit2.o)
    0x08000208   0x00000008   Code   RO         5432    .ARM.Collect$$libinit$$00000005  c_w.l(libinit2.o)
    0x08000210   0x00000000   Code   RO         5434    .ARM.Collect$$libinit$$0000000A  c_w.l(libinit2.o)
    0x08000210   0x00000000   Code   RO         5436    .ARM.Collect$$libinit$$0000000C  c_w.l(libinit2.o)
    0x08000210   0x00000000   Code   RO         5438    .ARM.Collect$$libinit$$0000000E  c_w.l(libinit2.o)
    0x08000210   0x00000000   Code   RO         5441    .ARM.Collect$$libinit$$00000011  c_w.l(libinit2.o)
    0x08000210   0x00000000   Code   RO         5443    .ARM.Collect$$libinit$$00000013  c_w.l(libinit2.o)
    0x08000210   0x00000000   Code   RO         5445    .ARM.Collect$$libinit$$00000015  c_w.l(libinit2.o)
    0x08000210   0x00000000   Code   RO         5447    .ARM.Collect$$libinit$$00000017  c_w.l(libinit2.o)
    0x08000210   0x00000000   Code   RO         5449    .ARM.Collect$$libinit$$00000019  c_w.l(libinit2.o)
    0x08000210   0x00000000   Code   RO         5451    .ARM.Collect$$libinit$$0000001B  c_w.l(libinit2.o)
    0x08000210   0x00000000   Code   RO         5453    .ARM.Collect$$libinit$$0000001D  c_w.l(libinit2.o)
    0x08000210   0x00000000   Code   RO         5455    .ARM.Collect$$libinit$$0000001F  c_w.l(libinit2.o)
    0x08000210   0x00000000   Code   RO         5457    .ARM.Collect$$libinit$$00000021  c_w.l(libinit2.o)
    0x08000210   0x00000000   Code   RO         5459    .ARM.Collect$$libinit$$00000023  c_w.l(libinit2.o)
    0x08000210   0x00000000   Code   RO         5461    .ARM.Collect$$libinit$$00000025  c_w.l(libinit2.o)
    0x08000210   0x00000000   Code   RO         5465    .ARM.Collect$$libinit$$0000002C  c_w.l(libinit2.o)
    0x08000210   0x00000000   Code   RO         5467    .ARM.Collect$$libinit$$0000002E  c_w.l(libinit2.o)
    0x08000210   0x00000000   Code   RO         5469    .ARM.Collect$$libinit$$00000030  c_w.l(libinit2.o)
    0x08000210   0x00000000   Code   RO         5471    .ARM.Collect$$libinit$$00000032  c_w.l(libinit2.o)
    0x08000210   0x00000002   Code   RO         5472    .ARM.Collect$$libinit$$00000033  c_w.l(libinit2.o)
    0x08000212   0x00000002   Code   RO         5670    .ARM.Collect$$libshutdown$$00000000  c_w.l(libshutdown.o)
    0x08000214   0x00000000   Code   RO         5626    .ARM.Collect$$libshutdown$$00000002  c_w.l(libshutdown2.o)
    0x08000214   0x00000000   Code   RO         5628    .ARM.Collect$$libshutdown$$00000004  c_w.l(libshutdown2.o)
    0x08000214   0x00000000   Code   RO         5631    .ARM.Collect$$libshutdown$$00000007  c_w.l(libshutdown2.o)
    0x08000214   0x00000000   Code   RO         5634    .ARM.Collect$$libshutdown$$0000000A  c_w.l(libshutdown2.o)
    0x08000214   0x00000000   Code   RO         5636    .ARM.Collect$$libshutdown$$0000000C  c_w.l(libshutdown2.o)
    0x08000214   0x00000000   Code   RO         5639    .ARM.Collect$$libshutdown$$0000000F  c_w.l(libshutdown2.o)
    0x08000214   0x00000002   Code   RO         5640    .ARM.Collect$$libshutdown$$00000010  c_w.l(libshutdown2.o)
    0x08000216   0x00000000   Code   RO         5383    .ARM.Collect$$rtentry$$00000000  c_w.l(__rtentry.o)
    0x08000216   0x00000000   Code   RO         5539    .ARM.Collect$$rtentry$$00000002  c_w.l(__rtentry2.o)
    0x08000216   0x00000006   Code   RO         5551    .ARM.Collect$$rtentry$$00000004  c_w.l(__rtentry4.o)
    0x0800021c   0x00000000   Code   RO         5541    .ARM.Collect$$rtentry$$00000009  c_w.l(__rtentry2.o)
    0x0800021c   0x00000004   Code   RO         5542    .ARM.Collect$$rtentry$$0000000A  c_w.l(__rtentry2.o)
    0x08000220   0x00000000   Code   RO         5544    .ARM.Collect$$rtentry$$0000000C  c_w.l(__rtentry2.o)
    0x08000220   0x00000008   Code   RO         5545    .ARM.Collect$$rtentry$$0000000D  c_w.l(__rtentry2.o)
    0x08000228   0x00000002   Code   RO         5615    .ARM.Collect$$rtexit$$00000000  c_w.l(rtexit.o)
    0x0800022a   0x00000000   Code   RO         5644    .ARM.Collect$$rtexit$$00000002  c_w.l(rtexit2.o)
    0x0800022a   0x00000004   Code   RO         5645    .ARM.Collect$$rtexit$$00000003  c_w.l(rtexit2.o)
    0x0800022e   0x00000006   Code   RO         5646    .ARM.Collect$$rtexit$$00000004  c_w.l(rtexit2.o)
    0x08000234   0x00000000   Code   RO         5560    .emb_text           c_w.l(maybetermalloc1.o)
    0x08000234   0x00000040   Code   RO            4    .text               startup_stm32f103xe.o
    0x08000274   0x00000002   Code   RO         5172    .text               c_w.l(use_no_semi_2.o)
    0x08000276   0x0000005e   Code   RO         5176    .text               c_w.l(h1_alloc.o)
    0x080002d4   0x00000018   Code   RO         5234    .text               c_w.l(noretval__2printf.o)
    0x080002ec   0x0000004e   Code   RO         5238    .text               c_w.l(_printf_pad.o)
    0x0800033a   0x00000052   Code   RO         5240    .text               c_w.l(_printf_str.o)
    0x0800038c   0x00000078   Code   RO         5242    .text               c_w.l(_printf_dec.o)
    0x08000404   0x00000058   Code   RO         5247    .text               c_w.l(_printf_hex_int.o)
    0x0800045c   0x00000188   Code   RO         5282    .text               c_w.l(__printf_flags_ss_wp.o)
    0x080005e4   0x00000048   Code   RO         5291    .text               c_w.l(strcpy.o)
    0x0800062c   0x0000004e   Code   RO         5293    .text               c_w.l(rt_memclr_w.o)
    0x0800067a   0x00000006   Code   RO         5295    .text               c_w.l(heapauxi.o)
    0x08000680   0x00000002   Code   RO         5379    .text               c_w.l(use_no_semi.o)
    0x08000682   0x00000002   PAD
    0x08000684   0x00000008   Code   RO         5387    .text               c_w.l(rt_heap_descriptor_intlibspace.o)
    0x0800068c   0x00000004   Code   RO         5389    .text               c_w.l(hguard.o)
    0x08000690   0x0000008a   Code   RO         5391    .text               c_w.l(init_alloc.o)
    0x0800071a   0x0000000e   Code   RO         5397    .text               c_w.l(h1_init.o)
    0x08000728   0x0000004e   Code   RO         5399    .text               c_w.l(h1_free.o)
    0x08000776   0x00000016   Code   RO         5415    .text               c_w.l(_rserrno.o)
    0x0800078c   0x000000b2   Code   RO         5417    .text               c_w.l(_printf_intcommon.o)
    0x0800083e   0x0000002c   Code   RO         5419    .text               c_w.l(_printf_char.o)
    0x0800086a   0x00000002   PAD
    0x0800086c   0x00000024   Code   RO         5421    .text               c_w.l(_printf_char_file.o)
    0x08000890   0x00000008   Code   RO         5535    .text               c_w.l(libspace.o)
    0x08000898   0x00000008   Code   RO         5556    .text               c_w.l(rt_errno_addr_intlibspace.o)
    0x080008a0   0x00000034   Code   RO         5562    .text               c_w.l(h1_extend.o)
    0x080008d4   0x00000030   Code   RO         5566    .text               c_w.l(_printf_char_common.o)
    0x08000904   0x00000008   Code   RO         5568    .text               c_w.l(ferror.o)
    0x0800090c   0x0000000e   Code   RO         5572    .text               c_w.l(defsig_rtmem_outer.o)
    0x0800091a   0x0000004a   Code   RO         5589    .text               c_w.l(sys_stackheap_outer.o)
    0x08000964   0x00000012   Code   RO         5597    .text               c_w.l(exit.o)
    0x08000976   0x0000000a   Code   RO         5599    .text               c_w.l(defsig_exit.o)
    0x08000980   0x00000050   Code   RO         5601    .text               c_w.l(defsig_rtmem_inner.o)
    0x080009d0   0x00000032   Code   RO         5623    .text               c_w.l(defsig_general.o)
    0x08000a02   0x00000004   Code   RO          770    i.BusFault_Handler  stm32f1xx_it.o
    0x08000a06   0x00000002   PAD
    0x08000a08   0x00000010   Code   RO          771    i.DMA1_Channel3_IRQHandler  stm32f1xx_it.o
    0x08000a18   0x0000002c   Code   RO         1597    i.DMA_SetConfig     stm32f1xx_hal_dma.o
    0x08000a44   0x00000002   Code   RO          772    i.DebugMon_Handler  stm32f1xx_it.o
    0x08000a46   0x00000006   Code   RO          334    i.Error_Handler     main.o
    0x08000a4c   0x00000044   Code   RO         2228    i.FSMC_NORSRAM_Extended_Timing_Init  stm32f1xx_ll_fsmc.o
    0x08000a90   0x00000078   Code   RO         2229    i.FSMC_NORSRAM_Init  stm32f1xx_ll_fsmc.o
    0x08000b08   0x00000042   Code   RO         2230    i.FSMC_NORSRAM_Timing_Init  stm32f1xx_ll_fsmc.o
    0x08000b4a   0x0000002e   Code   RO         4219    i.FormDataInit      msgmanage.o
    0x08000b78   0x0000010a   Code   RO          981    i.HAL_CAN_ConfigFilter  stm32f1xx_hal_can.o
    0x08000c82   0x00000002   Code   RO          984    i.HAL_CAN_ErrorCallback  stm32f1xx_hal_can.o
    0x08000c84   0x00000028   Code   RO          986    i.HAL_CAN_GetRxFifoFillLevel  stm32f1xx_hal_can.o
    0x08000cac   0x00000194   Code   RO          987    i.HAL_CAN_GetRxMessage  stm32f1xx_hal_can.o
    0x08000e40   0x0000024e   Code   RO          991    i.HAL_CAN_IRQHandler  stm32f1xx_hal_can.o
    0x0800108e   0x00000174   Code   RO          992    i.HAL_CAN_Init      stm32f1xx_hal_can.o
    0x08001202   0x00000002   PAD
    0x08001204   0x00000098   Code   RO          417    i.HAL_CAN_MspInit   can.o
    0x0800129c   0x00000002   Code   RO          999    i.HAL_CAN_RxFifo0FullCallback  stm32f1xx_hal_can.o
    0x0800129e   0x00000002   Code   RO         1000    i.HAL_CAN_RxFifo0MsgPendingCallback  stm32f1xx_hal_can.o
    0x080012a0   0x00000002   Code   RO         1001    i.HAL_CAN_RxFifo1FullCallback  stm32f1xx_hal_can.o
    0x080012a2   0x00000002   Code   RO         1002    i.HAL_CAN_RxFifo1MsgPendingCallback  stm32f1xx_hal_can.o
    0x080012a4   0x00000002   Code   RO         1003    i.HAL_CAN_SleepCallback  stm32f1xx_hal_can.o
    0x080012a6   0x0000005e   Code   RO         1004    i.HAL_CAN_Start     stm32f1xx_hal_can.o
    0x08001304   0x00000002   Code   RO         1006    i.HAL_CAN_TxMailbox0AbortCallback  stm32f1xx_hal_can.o
    0x08001306   0x00000002   Code   RO         1007    i.HAL_CAN_TxMailbox0CompleteCallback  stm32f1xx_hal_can.o
    0x08001308   0x00000002   Code   RO         1008    i.HAL_CAN_TxMailbox1AbortCallback  stm32f1xx_hal_can.o
    0x0800130a   0x00000002   Code   RO         1009    i.HAL_CAN_TxMailbox1CompleteCallback  stm32f1xx_hal_can.o
    0x0800130c   0x00000002   Code   RO         1010    i.HAL_CAN_TxMailbox2AbortCallback  stm32f1xx_hal_can.o
    0x0800130e   0x00000002   Code   RO         1011    i.HAL_CAN_TxMailbox2CompleteCallback  stm32f1xx_hal_can.o
    0x08001310   0x00000002   Code   RO         1013    i.HAL_CAN_WakeUpFromRxMsgCallback  stm32f1xx_hal_can.o
    0x08001312   0x00000056   Code   RO         1598    i.HAL_DMA_Abort     stm32f1xx_hal_dma.o
    0x08001368   0x000001a8   Code   RO         1599    i.HAL_DMA_Abort_IT  stm32f1xx_hal_dma.o
    0x08001510   0x00000398   Code   RO         1603    i.HAL_DMA_IRQHandler  stm32f1xx_hal_dma.o
    0x080018a8   0x0000008c   Code   RO         1604    i.HAL_DMA_Init      stm32f1xx_hal_dma.o
    0x08001934   0x0000009c   Code   RO         1608    i.HAL_DMA_Start_IT  stm32f1xx_hal_dma.o
    0x080019d0   0x0000000c   Code   RO         4152    i.HAL_Delay         delay.o
    0x080019dc   0x000000b0   Code   RO          496    i.HAL_FSMC_MspInit  fsmc.o
    0x08001a8c   0x00000340   Code   RO         1534    i.HAL_GPIO_Init     stm32f1xx_hal_gpio.o
    0x08001dcc   0x00000010   Code   RO         1536    i.HAL_GPIO_ReadPin  stm32f1xx_hal_gpio.o
    0x08001ddc   0x00000014   Code   RO         1537    i.HAL_GPIO_TogglePin  stm32f1xx_hal_gpio.o
    0x08001df0   0x0000000c   Code   RO         1538    i.HAL_GPIO_WritePin  stm32f1xx_hal_gpio.o
    0x08001dfc   0x0000000c   Code   RO         1223    i.HAL_GetTick       stm32f1xx_hal.o
    0x08001e08   0x00000018   Code   RO         1229    i.HAL_IncTick       stm32f1xx_hal.o
    0x08001e20   0x00000028   Code   RO         1230    i.HAL_Init          stm32f1xx_hal.o
    0x08001e48   0x0000004c   Code   RO         1231    i.HAL_InitTick      stm32f1xx_hal.o
    0x08001e94   0x00000054   Code   RO          918    i.HAL_MspInit       stm32f1xx_hal_msp.o
    0x08001ee8   0x00000020   Code   RO         1694    i.HAL_NVIC_EnableIRQ  stm32f1xx_hal_cortex.o
    0x08001f08   0x0000007c   Code   RO         1700    i.HAL_NVIC_SetPriority  stm32f1xx_hal_cortex.o
    0x08001f84   0x00000028   Code   RO         1701    i.HAL_NVIC_SetPriorityGrouping  stm32f1xx_hal_cortex.o
    0x08001fac   0x0000000c   Code   RO         1821    i.HAL_PWR_EnableBkUpAccess  stm32f1xx_hal_pwr.o
    0x08001fb8   0x00000118   Code   RO         1495    i.HAL_RCCEx_GetPeriphCLKFreq  stm32f1xx_hal_rcc_ex.o
    0x080020d0   0x00000130   Code   RO         1496    i.HAL_RCCEx_PeriphCLKConfig  stm32f1xx_hal_rcc_ex.o
    0x08002200   0x0000018c   Code   RO         1387    i.HAL_RCC_ClockConfig  stm32f1xx_hal_rcc.o
    0x0800238c   0x0000000c   Code   RO         1392    i.HAL_RCC_GetHCLKFreq  stm32f1xx_hal_rcc.o
    0x08002398   0x00000020   Code   RO         1394    i.HAL_RCC_GetPCLK1Freq  stm32f1xx_hal_rcc.o
    0x080023b8   0x00000020   Code   RO         1395    i.HAL_RCC_GetPCLK2Freq  stm32f1xx_hal_rcc.o
    0x080023d8   0x00000070   Code   RO         1396    i.HAL_RCC_GetSysClockFreq  stm32f1xx_hal_rcc.o
    0x08002448   0x00000464   Code   RO         1399    i.HAL_RCC_OscConfig  stm32f1xx_hal_rcc.o
    0x080028ac   0x00000018   Code   RO         2656    i.HAL_RTCEx_BKUPRead  stm32f1xx_hal_rtc_ex.o
    0x080028c4   0x00000018   Code   RO         2657    i.HAL_RTCEx_BKUPWrite  stm32f1xx_hal_rtc_ex.o
    0x080028dc   0x00000002   Code   RO         2661    i.HAL_RTCEx_RTCEventCallback  stm32f1xx_hal_rtc_ex.o
    0x080028de   0x00000002   Code   RO         2662    i.HAL_RTCEx_RTCEventErrorCallback  stm32f1xx_hal_rtc_ex.o
    0x080028e0   0x0000004e   Code   RO         2663    i.HAL_RTCEx_RTCIRQHandler  stm32f1xx_hal_rtc_ex.o
    0x0800292e   0x00000002   PAD
    0x08002930   0x000000c0   Code   RO         2489    i.HAL_RTC_Init      stm32f1xx_hal_rtc.o
    0x080029f0   0x00000064   Code   RO          549    i.HAL_RTC_MspInit   rtc.o
    0x08002a54   0x000000f8   Code   RO         2495    i.HAL_RTC_SetDate   stm32f1xx_hal_rtc.o
    0x08002b4c   0x000000dc   Code   RO         2496    i.HAL_RTC_SetTime   stm32f1xx_hal_rtc.o
    0x08002c28   0x00000040   Code   RO         2497    i.HAL_RTC_WaitForSynchro  stm32f1xx_hal_rtc.o
    0x08002c68   0x00000066   Code   RO         2350    i.HAL_SRAM_Init     stm32f1xx_hal_sram.o
    0x08002cce   0x0000000a   Code   RO          498    i.HAL_SRAM_MspInit  fsmc.o
    0x08002cd8   0x00000034   Code   RO         1705    i.HAL_SYSTICK_Config  stm32f1xx_hal_cortex.o
    0x08002d0c   0x00000002   Code   RO         3475    i.HAL_TIMEx_BreakCallback  stm32f1xx_hal_tim_ex.o
    0x08002d0e   0x00000002   Code   RO         3476    i.HAL_TIMEx_CommutCallback  stm32f1xx_hal_tim_ex.o
    0x08002d10   0x00000074   Code   RO         3478    i.HAL_TIMEx_ConfigBreakDeadTime  stm32f1xx_hal_tim_ex.o
    0x08002d84   0x0000009c   Code   RO         3494    i.HAL_TIMEx_MasterConfigSynchronization  stm32f1xx_hal_tim_ex.o
    0x08002e20   0x00000084   Code   RO         2763    i.HAL_TIM_Base_Start  stm32f1xx_hal_tim.o
    0x08002ea4   0x00000148   Code   RO         4758    i.HAL_TIM_IC_CaptureCallback  remote.o
    0x08002fec   0x000000de   Code   RO         2796    i.HAL_TIM_IC_ConfigChannel  stm32f1xx_hal_tim.o
    0x080030ca   0x00000066   Code   RO         2799    i.HAL_TIM_IC_Init   stm32f1xx_hal_tim.o
    0x08003130   0x00000080   Code   RO          627    i.HAL_TIM_IC_MspInit  tim.o
    0x080031b0   0x00000178   Code   RO         2804    i.HAL_TIM_IC_Start_IT  stm32f1xx_hal_tim.o
    0x08003328   0x00000196   Code   RO         2808    i.HAL_TIM_IRQHandler  stm32f1xx_hal_tim.o
    0x080034be   0x00000002   PAD
    0x080034c0   0x00000184   Code   RO          628    i.HAL_TIM_MspPostInit  tim.o
    0x08003644   0x00000070   Code   RO         2809    i.HAL_TIM_OC_ConfigChannel  stm32f1xx_hal_tim.o
    0x080036b4   0x00000078   Code   RO         4404    i.HAL_TIM_OC_DelayElapsedCallback  steppingmotorcontrol.o
    0x0800372c   0x00000066   Code   RO         2813    i.HAL_TIM_OC_Init   stm32f1xx_hal_tim.o
    0x08003792   0x00000002   PAD
    0x08003794   0x00000128   Code   RO          630    i.HAL_TIM_OC_MspInit  tim.o
    0x080038bc   0x00000144   Code   RO         2818    i.HAL_TIM_OC_Start_IT  stm32f1xx_hal_tim.o
    0x08003a00   0x000000fc   Code   RO         2821    i.HAL_TIM_OC_Stop_IT  stm32f1xx_hal_tim.o
    0x08003afc   0x00000002   Code   RO         2838    i.HAL_TIM_PWM_PulseFinishedCallback  stm32f1xx_hal_tim.o
    0x08003afe   0x00000002   PAD
    0x08003b00   0x0000006c   Code   RO         4759    i.HAL_TIM_PeriodElapsedCallback  remote.o
    0x08003b6c   0x00000032   Code   RO         2848    i.HAL_TIM_ReadCapturedValue  stm32f1xx_hal_tim.o
    0x08003b9e   0x00000002   Code   RO         2851    i.HAL_TIM_TriggerCallback  stm32f1xx_hal_tim.o
    0x08003ba0   0x00000002   Code   RO         3754    i.HAL_UARTEx_RxEventCallback  stm32f1xx_hal_uart.o
    0x08003ba2   0x0000008a   Code   RO         3766    i.HAL_UART_DMAStop  stm32f1xx_hal_uart.o
    0x08003c2c   0x00000002   Code   RO         3768    i.HAL_UART_ErrorCallback  stm32f1xx_hal_uart.o
    0x08003c2e   0x00000002   PAD
    0x08003c30   0x000002e4   Code   RO         3771    i.HAL_UART_IRQHandler  stm32f1xx_hal_uart.o
    0x08003f14   0x00000076   Code   RO         3772    i.HAL_UART_Init     stm32f1xx_hal_uart.o
    0x08003f8a   0x00000002   PAD
    0x08003f8c   0x000001e0   Code   RO          717    i.HAL_UART_MspInit  usart.o
    0x0800416c   0x0000002c   Code   RO         3776    i.HAL_UART_Receive_DMA  stm32f1xx_hal_uart.o
    0x08004198   0x0000002c   Code   RO         3777    i.HAL_UART_Receive_IT  stm32f1xx_hal_uart.o
    0x080041c4   0x00000080   Code   RO         4220    i.HAL_UART_RxCpltCallback  msgmanage.o
    0x08004244   0x00000002   Code   RO         3779    i.HAL_UART_RxHalfCpltCallback  stm32f1xx_hal_uart.o
    0x08004246   0x000000b2   Code   RO         3780    i.HAL_UART_Transmit  stm32f1xx_hal_uart.o
    0x080042f8   0x00000002   Code   RO         3783    i.HAL_UART_TxCpltCallback  stm32f1xx_hal_uart.o
    0x080042fa   0x00000004   Code   RO          773    i.HardFault_Handler  stm32f1xx_it.o
    0x080042fe   0x00000002   PAD
    0x08004300   0x000000b4   Code   RO          418    i.MX_CAN_Init       can.o
    0x080043b4   0x00000034   Code   RO          471    i.MX_DMA_Init       dma.o
    0x080043e8   0x0000008c   Code   RO          499    i.MX_FSMC_Init      fsmc.o
    0x08004474   0x00000268   Code   RO          392    i.MX_GPIO_Init      gpio.o
    0x080046dc   0x000000f0   Code   RO          550    i.MX_RTC_Init       rtc.o
    0x080047cc   0x000000b4   Code   RO          631    i.MX_TIM1_Init      tim.o
    0x08004880   0x00000080   Code   RO          632    i.MX_TIM2_Init      tim.o
    0x08004900   0x00000080   Code   RO          633    i.MX_TIM3_Init      tim.o
    0x08004980   0x00000080   Code   RO          634    i.MX_TIM4_Init      tim.o
    0x08004a00   0x00000090   Code   RO          635    i.MX_TIM5_Init      tim.o
    0x08004a90   0x000000b4   Code   RO          636    i.MX_TIM8_Init      tim.o
    0x08004b44   0x00000038   Code   RO          718    i.MX_USART1_UART_Init  usart.o
    0x08004b7c   0x00000048   Code   RO          719    i.MX_USART2_UART_Init  usart.o
    0x08004bc4   0x00000054   Code   RO          720    i.MX_USART3_UART_Init  usart.o
    0x08004c18   0x00000004   Code   RO          774    i.MemManage_Handler  stm32f1xx_it.o
    0x08004c1c   0x00000004   Code   RO          775    i.NMI_Handler       stm32f1xx_it.o
    0x08004c20   0x00000064   Code   RO         4221    i.OpenMvDataProcess  msgmanage.o
    0x08004c84   0x00000002   Code   RO          776    i.PendSV_Handler    stm32f1xx_it.o
    0x08004c86   0x00000002   PAD
    0x08004c88   0x00000028   Code   RO         1400    i.RCC_Delay         stm32f1xx_hal_rcc.o
    0x08004cb0   0x00000016   Code   RO         2498    i.RTC_Bcd2ToByte    stm32f1xx_hal_rtc.o
    0x08004cc6   0x0000003a   Code   RO         2501    i.RTC_EnterInitMode  stm32f1xx_hal_rtc.o
    0x08004d00   0x0000003a   Code   RO         2502    i.RTC_ExitInitMode  stm32f1xx_hal_rtc.o
    0x08004d3a   0x00000002   PAD
    0x08004d3c   0x00000050   Code   RO          777    i.RTC_IRQHandler    stm32f1xx_it.o
    0x08004d8c   0x00000018   Code   RO         2504    i.RTC_ReadAlarmCounter  stm32f1xx_hal_rtc.o
    0x08004da4   0x00000034   Code   RO         2505    i.RTC_ReadTimeCounter  stm32f1xx_hal_rtc.o
    0x08004dd8   0x00000084   Code   RO         2506    i.RTC_WeekDayNum    stm32f1xx_hal_rtc.o
    0x08004e5c   0x0000002e   Code   RO         2507    i.RTC_WriteAlarmCounter  stm32f1xx_hal_rtc.o
    0x08004e8a   0x0000002e   Code   RO         2508    i.RTC_WriteTimeCounter  stm32f1xx_hal_rtc.o
    0x08004eb8   0x00000002   Code   RO          778    i.SVC_Handler       stm32f1xx_it.o
    0x08004eba   0x0000001a   Code   RO         4222    i.ServoDataInit     msgmanage.o
    0x08004ed4   0x00000008   Code   RO          779    i.SysTick_Handler   stm32f1xx_it.o
    0x08004edc   0x00000086   Code   RO          335    i.SystemClock_Config  main.o
    0x08004f62   0x00000002   Code   RO         4116    i.SystemInit        system_stm32f1xx.o
    0x08004f64   0x00000010   Code   RO          780    i.TIM1_CC_IRQHandler  stm32f1xx_it.o
    0x08004f74   0x00000010   Code   RO          781    i.TIM2_IRQHandler   stm32f1xx_it.o
    0x08004f84   0x00000010   Code   RO          782    i.TIM3_IRQHandler   stm32f1xx_it.o
    0x08004f94   0x00000010   Code   RO          783    i.TIM4_IRQHandler   stm32f1xx_it.o
    0x08004fa4   0x00000010   Code   RO          784    i.TIM5_IRQHandler   stm32f1xx_it.o
    0x08004fb4   0x00000010   Code   RO          785    i.TIM8_CC_IRQHandler  stm32f1xx_it.o
    0x08004fc4   0x0000009c   Code   RO         2853    i.TIM_Base_SetConfig  stm32f1xx_hal_tim.o
    0x08005060   0x00000022   Code   RO         2854    i.TIM_CCxChannelCmd  stm32f1xx_hal_tim.o
    0x08005082   0x00000002   PAD
    0x08005084   0x00000070   Code   RO         2866    i.TIM_OC1_SetConfig  stm32f1xx_hal_tim.o
    0x080050f4   0x0000007c   Code   RO         2867    i.TIM_OC2_SetConfig  stm32f1xx_hal_tim.o
    0x08005170   0x00000078   Code   RO         2868    i.TIM_OC3_SetConfig  stm32f1xx_hal_tim.o
    0x080051e8   0x00000054   Code   RO         2869    i.TIM_OC4_SetConfig  stm32f1xx_hal_tim.o
    0x0800523c   0x0000007c   Code   RO         2872    i.TIM_TI1_SetConfig  stm32f1xx_hal_tim.o
    0x080052b8   0x0000003a   Code   RO         2874    i.TIM_TI2_SetConfig  stm32f1xx_hal_tim.o
    0x080052f2   0x00000038   Code   RO         2875    i.TIM_TI3_SetConfig  stm32f1xx_hal_tim.o
    0x0800532a   0x0000003c   Code   RO         2876    i.TIM_TI4_SetConfig  stm32f1xx_hal_tim.o
    0x08005366   0x00000014   Code   RO         3785    i.UART_DMAAbortOnError  stm32f1xx_hal_uart.o
    0x0800537a   0x00000050   Code   RO         3786    i.UART_DMAError     stm32f1xx_hal_uart.o
    0x080053ca   0x000000b4   Code   RO         3787    i.UART_DMAReceiveCplt  stm32f1xx_hal_uart.o
    0x0800547e   0x00000024   Code   RO         3789    i.UART_DMARxHalfCplt  stm32f1xx_hal_uart.o
    0x080054a2   0x0000006c   Code   RO         3795    i.UART_EndRxTransfer  stm32f1xx_hal_uart.o
    0x0800550e   0x00000020   Code   RO         3796    i.UART_EndTransmit_IT  stm32f1xx_hal_uart.o
    0x0800552e   0x00000026   Code   RO         3797    i.UART_EndTxTransfer  stm32f1xx_hal_uart.o
    0x08005554   0x000000fc   Code   RO         3798    i.UART_Receive_IT   stm32f1xx_hal_uart.o
    0x08005650   0x000000fc   Code   RO         3799    i.UART_SetConfig    stm32f1xx_hal_uart.o
    0x0800574c   0x000000c8   Code   RO         3800    i.UART_Start_Receive_DMA  stm32f1xx_hal_uart.o
    0x08005814   0x00000040   Code   RO         3801    i.UART_Start_Receive_IT  stm32f1xx_hal_uart.o
    0x08005854   0x00000060   Code   RO         3802    i.UART_Transmit_IT  stm32f1xx_hal_uart.o
    0x080058b4   0x00000092   Code   RO         3803    i.UART_WaitOnFlagUntilTimeout  stm32f1xx_hal_uart.o
    0x08005946   0x00000002   PAD
    0x08005948   0x00000024   Code   RO          786    i.USART1_IRQHandler  stm32f1xx_it.o
    0x0800596c   0x00000010   Code   RO          787    i.USART2_IRQHandler  stm32f1xx_it.o
    0x0800597c   0x00000070   Code   RO          788    i.USART3_IRQHandler  stm32f1xx_it.o
    0x080059ec   0x00000024   Code   RO          789    i.USB_LP_CAN1_RX0_IRQHandler  stm32f1xx_it.o
    0x08005a10   0x00000004   Code   RO          790    i.UsageFault_Handler  stm32f1xx_it.o
    0x08005a14   0x00000028   Code   RO         5506    i.__ARM_fpclassify  m_ws.l(fpclassify.o)
    0x08005a3c   0x00000026   Code   RO         5508    i.__ARM_fpclassifyf  m_ws.l(fpclassifyf.o)
    0x08005a62   0x00000002   PAD
    0x08005a64   0x00000010   Code   RO         1707    i.__NVIC_GetPriorityGrouping  stm32f1xx_hal_cortex.o
    0x08005a74   0x00000028   Code   RO         1708    i.__NVIC_SetPriority  stm32f1xx_hal_cortex.o
    0x08005a9c   0x000000aa   Code   RO         5524    i.__kernel_poly     m_ws.l(poly.o)
    0x08005b46   0x00000002   PAD
    0x08005b48   0x00000010   Code   RO         5492    i.__mathlib_dbl_divzero  m_ws.l(dunder.o)
    0x08005b58   0x00000004   Code   RO         5494    i.__mathlib_dbl_infnan2  m_ws.l(dunder.o)
    0x08005b5c   0x0000000c   Code   RO         5495    i.__mathlib_dbl_invalid  m_ws.l(dunder.o)
    0x08005b68   0x0000000e   Code   RO         5496    i.__mathlib_dbl_overflow  m_ws.l(dunder.o)
    0x08005b76   0x00000002   PAD
    0x08005b78   0x00000010   Code   RO         5498    i.__mathlib_dbl_underflow  m_ws.l(dunder.o)
    0x08005b88   0x0000000a   Code   RO         5510    i.__mathlib_flt_divzero  m_ws.l(funder.o)
    0x08005b92   0x00000004   Code   RO         5512    i.__mathlib_flt_infnan2  m_ws.l(funder.o)
    0x08005b96   0x00000008   Code   RO         5513    i.__mathlib_flt_invalid  m_ws.l(funder.o)
    0x08005b9e   0x0000000a   Code   RO         5514    i.__mathlib_flt_overflow  m_ws.l(funder.o)
    0x08005ba8   0x0000000a   Code   RO         5516    i.__mathlib_flt_underflow  m_ws.l(funder.o)
    0x08005bb2   0x0000000e   Code   RO         5275    i._is_digit         c_w.l(__printf_wp.o)
    0x08005bc0   0x00000004   Code   RO         4224    i._sys_exit         msgmanage.o
    0x08005bc4   0x00000004   Code   RO         4225    i._ttywrch          msgmanage.o
    0x08005bc8   0x0000003c   Code   RO         4513    i.beepBeep          beep.o
    0x08005c04   0x0000004c   Code   RO          419    i.canReceiveMsg     can.o
    0x08005c50   0x00000070   Code   RO         4800    i.createMenu        menu.o
    0x08005cc0   0x00000046   Code   RO         4540    i.eepromPageWrite   eeprom.o
    0x08005d06   0x0000005c   Code   RO         4541    i.eepromSequentialRead  eeprom.o
    0x08005d62   0x00000044   Code   RO         4542    i.eepromTest        eeprom.o
    0x08005da6   0x00000002   PAD
    0x08005da8   0x0000001c   Code   RO         4226    i.fputc             msgmanage.o
    0x08005dc4   0x00000020   Code   RO         4227    i.getFloat          msgmanage.o
    0x08005de4   0x0000003c   Code   RO           14    i.getMemoryUsage    malloc.o
    0x08005e20   0x00000054   Code   RO          265    i.i2cAck            i2c.o
    0x08005e74   0x0000000a   Code   RO          266    i.i2cDelay          i2c.o
    0x08005e7e   0x00000002   PAD
    0x08005e80   0x00000040   Code   RO          267    i.i2cNAck           i2c.o
    0x08005ec0   0x00000054   Code   RO          268    i.i2cReadByte       i2c.o
    0x08005f14   0x00000070   Code   RO          269    i.i2cSendByte       i2c.o
    0x08005f84   0x00000050   Code   RO          270    i.i2cStart          i2c.o
    0x08005fd4   0x00000040   Code   RO          271    i.i2cStop           i2c.o
    0x08006014   0x00000068   Code   RO          272    i.i2cWaitAck        i2c.o
    0x0800607c   0x000003a4   Code   RO          336    i.main              main.o
    0x08006420   0x000000f4   Code   RO         4801    i.mainMenuAction    menu.o
    0x08006514   0x0000004c   Code   RO           15    i.mallocInit        malloc.o
    0x08006560   0x000000d0   Code   RO         4406    i.motorDirChange    steppingmotorcontrol.o
    0x08006630   0x00000040   Code   RO         4407    i.motorInit         steppingmotorcontrol.o
    0x08006670   0x00000128   Code   RO         4408    i.motorMove         steppingmotorcontrol.o
    0x08006798   0x0000005e   Code   RO         4409    i.motorMove2Pos     steppingmotorcontrol.o
    0x080067f6   0x00000016   Code   RO         4410    i.motorPosProtect   steppingmotorcontrol.o
    0x0800680c   0x00000130   Code   RO         4411    i.motorStateUpgrade  steppingmotorcontrol.o
    0x0800693c   0x000000d0   Code   RO         4412    i.motorTIMStar      steppingmotorcontrol.o
    0x08006a0c   0x00000064   Code   RO         4413    i.motorTIMStop      steppingmotorcontrol.o
    0x08006a70   0x00000098   Code   RO         4414    i.motorTIMUpgrade   steppingmotorcontrol.o
    0x08006b08   0x00000088   Code   RO         4415    i.move              steppingmotorcontrol.o
    0x08006b90   0x00000088   Code   RO         4416    i.move2Pos          steppingmotorcontrol.o
    0x08006c18   0x00000038   Code   RO         4153    i.msDelay           delay.o
    0x08006c50   0x0000005c   Code   RO           16    i.myfree            malloc.o
    0x08006cac   0x00000090   Code   RO           17    i.mymalloc          malloc.o
    0x08006d3c   0x00000014   Code   RO           18    i.mymemset          malloc.o
    0x08006d50   0x0000002e   Code   RO         4628    i.oledByteWrite     oled.o
    0x08006d7e   0x0000000a   Code   RO         4629    i.oledCLS           oled.o
    0x08006d88   0x00000074   Code   RO         4630    i.oledDrawBMP       oled.o
    0x08006dfc   0x0000003a   Code   RO         4631    i.oledFill          oled.o
    0x08006e36   0x000000b6   Code   RO         4632    i.oledInit          oled.o
    0x08006eec   0x00000028   Code   RO         4635    i.oledSetPos        oled.o
    0x08006f14   0x000000ec   Code   RO         4638    i.oledShowStr       oled.o
    0x08007000   0x0000000e   Code   RO         4639    i.oledWriteCmd      oled.o
    0x0800700e   0x0000000e   Code   RO         4640    i.oledWriteDat      oled.o
    0x0800701c   0x000002d8   Code   RO         4417    i.perTabCal         steppingmotorcontrol.o
    0x080072f4   0x000009d8   Code   RO         5360    i.pow               m_ws.l(pow.o)
    0x08007ccc   0x00000620   Code   RO         5370    i.powf              m_ws.l(powf.o)
    0x080082ec   0x00000006   Code   RO         4959    i.read_addr         usmart.o
    0x080082f2   0x00000002   PAD
    0x080082f4   0x00000078   Code   RO         4760    i.remoteScan        remote.o
    0x0800836c   0x000000ac   Code   RO          551    i.rtcDate2Sec       rtc.o
    0x08008418   0x00000118   Code   RO          552    i.rtcGetTime        rtc.o
    0x08008530   0x00000050   Code   RO          553    i.rtcGetWeek        rtc.o
    0x08008580   0x00000032   Code   RO          554    i.rtcIsLeapYear     rtc.o
    0x080085b2   0x00000002   PAD
    0x080085b4   0x000000a8   Code   RO          556    i.rtcSetTime        rtc.o
    0x0800865c   0x00000050   Code   RO         4339    i.runServoAction    servocontrol.o
    0x080086ac   0x0000004c   Code   RO         4342    i.servoAction       servocontrol.o
    0x080086f8   0x0000005c   Code   RO         4343    i.servoInit         servocontrol.o
    0x08008754   0x00000068   Code   RO         4802    i.showMenu          menu.o
    0x080087bc   0x0000004c   Code   RO         5528    i.sqrt              m_ws.l(sqrt.o)
    0x08008808   0x00000070   Code   RO         4154    i.usDelay           delay.o
    0x08008878   0x000000b0   Code   RO         4960    i.usmart_cmd_rec    usmart.o
    0x08008928   0x000002cc   Code   RO         4961    i.usmart_exe        usmart.o
    0x08008bf4   0x000000d4   Code   RO         5089    i.usmart_get_aparm  usmart_str.o
    0x08008cc8   0x00000036   Code   RO         5090    i.usmart_get_cmdname  usmart_str.o
    0x08008cfe   0x00000002   PAD
    0x08008d00   0x000001c0   Code   RO         5091    i.usmart_get_fname  usmart_str.o
    0x08008ec0   0x0000010c   Code   RO         5092    i.usmart_get_fparam  usmart_str.o
    0x08008fcc   0x00000024   Code   RO         5062    i.usmart_get_input_string  usmart_port.o
    0x08008ff0   0x00000020   Code   RO         5093    i.usmart_get_parmpos  usmart_str.o
    0x08009010   0x0000000c   Code   RO         4962    i.usmart_init       usmart.o
    0x0800901c   0x00000016   Code   RO         5094    i.usmart_pow        usmart_str.o
    0x08009032   0x00000002   PAD
    0x08009034   0x000000a8   Code   RO         4963    i.usmart_scan       usmart.o
    0x080090dc   0x00000016   Code   RO         5095    i.usmart_search_nextc  usmart_str.o
    0x080090f2   0x00000106   Code   RO         5096    i.usmart_str2num    usmart_str.o
    0x080091f8   0x00000022   Code   RO         5097    i.usmart_strcmp     usmart_str.o
    0x0800921a   0x00000016   Code   RO         5098    i.usmart_strcopy    usmart_str.o
    0x08009230   0x00000018   Code   RO         5099    i.usmart_strlen     usmart_str.o
    0x08009248   0x000006a8   Code   RO         4964    i.usmart_sys_cmd_exe  usmart.o
    0x080098f0   0x00000004   Code   RO         4965    i.write_addr        usmart.o
    0x080098f4   0x00000062   Code   RO         5299    x$fpl$d2f           fz_ws.l(d2f.o)
    0x08009956   0x00000002   PAD
    0x08009958   0x00000150   Code   RO         5301    x$fpl$dadd          fz_ws.l(daddsub_clz.o)
    0x08009aa8   0x00000010   Code   RO         5581    x$fpl$dcheck1       fz_ws.l(dcheck1.o)
    0x08009ab8   0x00000018   Code   RO         5473    x$fpl$dcmpinf       fz_ws.l(dcmpi.o)
    0x08009ad0   0x000002b0   Code   RO         5308    x$fpl$ddiv          fz_ws.l(ddiv.o)
    0x08009d80   0x0000005e   Code   RO         5311    x$fpl$dfix          fz_ws.l(dfix.o)
    0x08009dde   0x0000002e   Code   RO         5316    x$fpl$dflt          fz_ws.l(dflt_clz.o)
    0x08009e0c   0x00000078   Code   RO         5321    x$fpl$dleqf         fz_ws.l(dleqf.o)
    0x08009e84   0x00000154   Code   RO         5323    x$fpl$dmul          fz_ws.l(dmul.o)
    0x08009fd8   0x0000009c   Code   RO         5475    x$fpl$dnaninf       fz_ws.l(dnaninf.o)
    0x0800a074   0x0000000c   Code   RO         5477    x$fpl$dretinf       fz_ws.l(dretinf.o)
    0x0800a080   0x0000006c   Code   RO         5325    x$fpl$drleqf        fz_ws.l(drleqf.o)
    0x0800a0ec   0x00000016   Code   RO         5302    x$fpl$drsb          fz_ws.l(daddsub_clz.o)
    0x0800a102   0x00000002   PAD
    0x0800a104   0x000001cc   Code   RO         5583    x$fpl$dsqrt         fz_ws.l(dsqrt_noumaal.o)
    0x0800a2d0   0x000001d4   Code   RO         5303    x$fpl$dsub          fz_ws.l(daddsub_clz.o)
    0x0800a4a4   0x00000056   Code   RO         5327    x$fpl$f2d           fz_ws.l(f2d.o)
    0x0800a4fa   0x00000002   PAD
    0x0800a4fc   0x000000c4   Code   RO         5329    x$fpl$fadd          fz_ws.l(faddsub_clz.o)
    0x0800a5c0   0x0000000c   Code   RO         5585    x$fpl$fcheck1       fz_ws.l(fcheck1.o)
    0x0800a5cc   0x00000018   Code   RO         5479    x$fpl$fcmpinf       fz_ws.l(fcmpi.o)
    0x0800a5e4   0x00000184   Code   RO         5336    x$fpl$fdiv          fz_ws.l(fdiv.o)
    0x0800a768   0x00000036   Code   RO         5339    x$fpl$ffix          fz_ws.l(ffix.o)
    0x0800a79e   0x00000002   PAD
    0x0800a7a0   0x00000052   Code   RO         5340    x$fpl$ffixr         fz_ws.l(ffix.o)
    0x0800a7f2   0x00000002   PAD
    0x0800a7f4   0x0000003e   Code   RO         5343    x$fpl$ffixu         fz_ws.l(ffixu.o)
    0x0800a832   0x00000002   PAD
    0x0800a834   0x00000030   Code   RO         5348    x$fpl$fflt          fz_ws.l(fflt_clz.o)
    0x0800a864   0x00000068   Code   RO         5353    x$fpl$fleqf         fz_ws.l(fleqf.o)
    0x0800a8cc   0x00000102   Code   RO         5355    x$fpl$fmul          fz_ws.l(fmul.o)
    0x0800a9ce   0x0000008c   Code   RO         5481    x$fpl$fnaninf       fz_ws.l(fnaninf.o)
    0x0800aa5a   0x0000000a   Code   RO         5483    x$fpl$fretinf       fz_ws.l(fretinf.o)
    0x0800aa64   0x00000014   Code   RO         5330    x$fpl$frsb          fz_ws.l(faddsub_clz.o)
    0x0800aa78   0x000000ea   Code   RO         5331    x$fpl$fsub          fz_ws.l(faddsub_clz.o)
    0x0800ab62   0x00000064   Code   RO         5613    x$fpl$retnan        fz_ws.l(retnan.o)
    0x0800abc6   0x0000005c   Code   RO         5487    x$fpl$scalbn        fz_ws.l(scalbn.o)
    0x0800ac22   0x0000004c   Code   RO         5489    x$fpl$scalbnf       fz_ws.l(scalbnf.o)
    0x0800ac6e   0x00000030   Code   RO         5641    x$fpl$trapveneer    fz_ws.l(trapv.o)
    0x0800ac9e   0x00000000   Code   RO         5491    x$fpl$usenofp       fz_ws.l(usenofp.o)
    0x0800ac9e   0x00000002   PAD
    0x0800aca0   0x00000018   Data   RO           22    .constdata          malloc.o
    0x0800acb8   0x00000012   Data   RO         1401    .constdata          stm32f1xx_hal_rcc.o
    0x0800acca   0x00000012   Data   RO         1497    .constdata          stm32f1xx_hal_rcc_ex.o
    0x0800acdc   0x00000018   Data   RO         4117    .constdata          system_stm32f1xx.o
    0x0800acf4   0x00000cb8   Data   RO         4734    .constdata          oledlab.o
    0x0800b9ac   0x00000028   Data   RO         5248    .constdata          c_w.l(_printf_hex_int.o)
    0x0800b9d4   0x00000011   Data   RO         5283    .constdata          c_w.l(__printf_flags_ss_wp.o)
    0x0800b9e5   0x00000003   PAD
    0x0800b9e8   0x00000088   Data   RO         5361    .constdata          m_ws.l(pow.o)
    0x0800ba70   0x00000140   Data   RO         5371    .constdata          m_ws.l(powf.o)
    0x0800bbb0   0x00000008   Data   RO         5526    .constdata          m_ws.l(qnan.o)
    0x0800bbb8   0x00000041   Data   RO          558    .conststring        rtc.o
    0x0800bbf9   0x00000003   PAD
    0x0800bbfc   0x00000078   Data   RO         4966    .conststring        usmart.o
    0x0800bc74   0x00000114   Data   RO         5037    .conststring        usmart_config.o
    0x0800bd88   0x00000020   Data   RO         5671    Region$$Table       anon$$obj.o


    Execution Region RW_IRAM1 (Base: 0x20000000, Size: 0x0000b7d8, Max: 0x00010000, ABSOLUTE, COMPRESSED[0x00000080])

    Base Addr    Size         Type   Attr      Idx    E Section Name        Object

    0x20000000   0x00000010   Data   RW           23    .data               malloc.o
    0x20000010   0x00000008   Data   RW          338    .data               main.o
    0x20000018   0x00000009   Data   RW          422    .data               can.o
    0x20000021   0x00000003   PAD
    0x20000024   0x00000008   Data   RW          501    .data               fsmc.o
    0x2000002c   0x0000001e   Data   RW          559    .data               rtc.o
    0x2000004a   0x00000002   PAD
    0x2000004c   0x00000009   Data   RW         1237    .data               stm32f1xx_hal.o
    0x20000055   0x00000003   PAD
    0x20000058   0x00000004   Data   RW         4118    .data               system_stm32f1xx.o
    0x2000005c   0x00000008   Data   RW         4229    .data               msgmanage.o
    0x20000064   0x0000000a   Data   RW         4761    .data               remote.o
    0x2000006e   0x00000002   PAD
    0x20000070   0x0000000d   Data   RW         4803    .data               menu.o
    0x2000007d   0x00000003   PAD
    0x20000080   0x0000001c   Data   RW         4967    .data               usmart.o
    0x2000009c   0x0000011c   Data   RW         5038    .data               usmart_config.o
    0x200001b8   0x00000008   PAD
    0x200001c0   0x0000aa00   Zero   RW           21    .bss                malloc.o
    0x2000abc0   0x0000005c   Zero   RW          421    .bss                can.o
    0x2000ac1c   0x00000048   Zero   RW          500    .bss                fsmc.o
    0x2000ac64   0x00000020   Zero   RW          557    .bss                rtc.o
    0x2000ac84   0x000001b0   Zero   RW          637    .bss                tim.o
    0x2000ae34   0x0000011c   Zero   RW          721    .bss                usart.o
    0x2000af50   0x00000110   Zero   RW         4228    .bss                msgmanage.o
    0x2000b060   0x00000023   Zero   RW         4345    .bss                servocontrol.o
    0x2000b083   0x00000001   PAD
    0x2000b084   0x000000f0   Zero   RW         4418    .bss                steppingmotorcontrol.o
    0x2000b174   0x00000060   Zero   RW         5536    .bss                c_w.l(libspace.o)
    0x2000b1d4   0x00000004   PAD
    0x2000b1d8   0x00000200   Zero   RW            2    HEAP                startup_stm32f103xe.o
    0x2000b3d8   0x00000400   Zero   RW            1    STACK               startup_stm32f103xe.o



  Load Region LR$$.ARM.__AT_0x6C000000 (Base: 0x6c000000, Size: 0x00000000, Max: 0x0003ac00, ABSOLUTE)

    Execution Region ER$$.ARM.__AT_0x6C000000 (Base: 0x6c000000, Size: 0x0003ac00, Max: 0x0003ac00, ABSOLUTE, UNINIT)

    Base Addr    Size         Type   Attr      Idx    E Section Name        Object

    0x6c000000   0x0003ac00   Zero   RW           19    .ARM.__AT_0x6C000000  malloc.o



  Load Region LR$$.ARM.__AT_0x6C03AC00 (Base: 0x6c03ac00, Size: 0x00000000, Max: 0x00003ac0, ABSOLUTE)

    Execution Region ER$$.ARM.__AT_0x6C03AC00 (Base: 0x6c03ac00, Size: 0x00003ac0, Max: 0x00003ac0, ABSOLUTE, UNINIT)

    Base Addr    Size         Type   Attr      Idx    E Section Name        Object

    0x6c03ac00   0x00003ac0   Zero   RW           20    .ARM.__AT_0x6C03AC00  malloc.o


==============================================================================

Image component sizes


      Code (inc. data)   RO Data    RW Data    ZI Data      Debug   Object Name

        60          4          0          0          0        495   beep.o
       408         32          0          9         92       2550   can.o
       180         10          0          0          0       1704   delay.o
        52          4          0          0          0        698   dma.o
       230          0          0          0          0       2254   eeprom.o
       326         40          0          8         72       2127   fsmc.o
       616         28          0          0          0       1243   gpio.o
       602         32          0          0          0       3681   i2c.o
      1072        294          0          8          0       2729   main.o
       392         44         24         16     299200     522333   malloc.o
       460         30          0         13          0       3122   menu.o
       368         24          0          8        272       7073   msgmanage.o
       716          8          0          0          0       5479   oled.o
         0          0       3256          0          0        608   oledlab.o
       556         50          0         10          0       2412   remote.o
      1090         76         65         30         32       5504   rtc.o
       248         24          0          0         35       3154   servocontrol.o
        64         26        304          0       1536        788   startup_stm32f103xe.o
      2568        340          0          0        240      12348   steppingmotorcontrol.o
       152         32          0          9          0       5733   stm32f1xx_hal.o
      1792          0          0          0          0      12810   stm32f1xx_hal_can.o
       304         22          0          0          0      29271   stm32f1xx_hal_cortex.o
      1770         28          0          0          0       5130   stm32f1xx_hal_dma.o
       880         40          0          0          0       3836   stm32f1xx_hal_gpio.o
        84          8          0          0          0        850   stm32f1xx_hal_msp.o
        12          4          0          0          0        491   stm32f1xx_hal_pwr.o
      1748         98         18          0          0       5792   stm32f1xx_hal_rcc.o
       584         34         18          0          0       2325   stm32f1xx_hal_rcc_ex.o
      1162         16          0          0          0       8764   stm32f1xx_hal_rtc.o
       130         10          0          0          0       3392   stm32f1xx_hal_rtc_ex.o
       102          0          0          0          0       1164   stm32f1xx_hal_sram.o
      3010        150          0          0          0      16444   stm32f1xx_hal_tim.o
       276         22          0          0          0       3121   stm32f1xx_hal_tim_ex.o
      2774         22          0          0          0      17153   stm32f1xx_hal_uart.o
       426         88          0          0          0       9682   stm32f1xx_it.o
       254         10          0          0          0       3739   stm32f1xx_ll_fsmc.o
         2          0         24          4          0       1055   system_stm32f1xx.o
      1700        122          0          0        432       6580   tim.o
       692         76          0          0        284       2967   usart.o
      2786       1256        120         28          0       5434   usmart.o
         0          0        276        284          0       1368   usmart_config.o
        36          4          0          0          0        522   usmart_port.o
      1400         20          0          0          0       8681   usmart_str.o

    ----------------------------------------------------------------------
     32122       3128       4140        440     302204     736606   Object Totals
         0          0         32          0          0          0   (incl. Generated)
        38          0          3         13          9          0   (incl. Padding)

    ----------------------------------------------------------------------

      Code (inc. data)   RO Data    RW Data    ZI Data      Debug   Library Member Name

        90          0          0          0          0          0   __dczerorl2.o
         8          0          0          0          0         68   __main.o
       392          4         17          0          0         92   __printf_flags_ss_wp.o
        14          0          0          0          0         68   __printf_wp.o
         0          0          0          0          0          0   __rtentry.o
        12          0          0          0          0          0   __rtentry2.o
         6          0          0          0          0          0   __rtentry4.o
        52          8          0          0          0          0   __scatter.o
        28          0          0          0          0          0   __scatter_zi.o
         6          0          0          0          0          0   _printf_c.o
        44          0          0          0          0        108   _printf_char.o
        48          6          0          0          0         96   _printf_char_common.o
        36          4          0          0          0         80   _printf_char_file.o
         6          0          0          0          0          0   _printf_d.o
       120         16          0          0          0         92   _printf_dec.o
        88          4         40          0          0         88   _printf_hex_int.o
       178          0          0          0          0         88   _printf_intcommon.o
        78          0          0          0          0        108   _printf_pad.o
         0          0          0          0          0          0   _printf_percent.o
         4          0          0          0          0          0   _printf_percent_end.o
         6          0          0          0          0          0   _printf_s.o
        82          0          0          0          0         80   _printf_str.o
         6          0          0          0          0          0   _printf_u.o
         6          0          0          0          0          0   _printf_x.o
        22          0          0          0          0        100   _rserrno.o
        10          0          0          0          0         68   defsig_exit.o
        50          0          0          0          0         88   defsig_general.o
        80         58          0          0          0         76   defsig_rtmem_inner.o
        14          0          0          0          0         80   defsig_rtmem_outer.o
        18          0          0          0          0         80   exit.o
         8          0          0          0          0         68   ferror.o
        94          0          0          0          0         80   h1_alloc.o
        52          0          0          0          0         68   h1_extend.o
        78          0          0          0          0         80   h1_free.o
        14          0          0          0          0         84   h1_init.o
         6          0          0          0          0        152   heapauxi.o
         4          0          0          0          0        136   hguard.o
       138          0          0          0          0        168   init_alloc.o
         2          0          0          0          0          0   libinit.o
        10          0          0          0          0          0   libinit2.o
         2          0          0          0          0          0   libshutdown.o
         2          0          0          0          0          0   libshutdown2.o
         8          4          0          0         96         68   libspace.o
         0          0          0          0          0          0   maybetermalloc1.o
        24          4          0          0          0         84   noretval__2printf.o
         8          4          0          0          0         68   rt_errno_addr_intlibspace.o
         8          4          0          0          0         68   rt_heap_descriptor_intlibspace.o
        78          0          0          0          0         80   rt_memclr_w.o
         2          0          0          0          0          0   rtexit.o
        10          0          0          0          0          0   rtexit2.o
        72          0          0          0          0         80   strcpy.o
        74          0          0          0          0         80   sys_stackheap_outer.o
         2          0          0          0          0         68   use_no_semi.o
         2          0          0          0          0         68   use_no_semi_2.o
        98          4          0          0          0         92   d2f.o
       826         16          0          0          0        348   daddsub_clz.o
        16          4          0          0          0         68   dcheck1.o
        24          0          0          0          0         68   dcmpi.o
       688        140          0          0          0        208   ddiv.o
        94          4          0          0          0         92   dfix.o
        46          0          0          0          0         68   dflt_clz.o
       120          4          0          0          0         92   dleqf.o
       340         12          0          0          0        104   dmul.o
       156          4          0          0          0         92   dnaninf.o
        12          0          0          0          0         68   dretinf.o
       108          0          0          0          0         80   drleqf.o
       460         56          0          0          0        120   dsqrt_noumaal.o
        86          4          0          0          0         84   f2d.o
       450          8          0          0          0        236   faddsub_clz.o
        12          4          0          0          0         68   fcheck1.o
        24          0          0          0          0         68   fcmpi.o
       388         76          0          0          0         96   fdiv.o
       136          8          0          0          0        168   ffix.o
        62          4          0          0          0         84   ffixu.o
        48          0          0          0          0         68   fflt_clz.o
       104          4          0          0          0         84   fleqf.o
       258          4          0          0          0         84   fmul.o
       140          4          0          0          0         84   fnaninf.o
        10          0          0          0          0         68   fretinf.o
       100          0          0          0          0         68   retnan.o
        92          0          0          0          0         68   scalbn.o
        76          0          0          0          0         68   scalbnf.o
        48          0          0          0          0         68   trapv.o
         0          0          0          0          0          0   usenofp.o
        62         10          0          0          0        340   dunder.o
        40          0          0          0          0         68   fpclassify.o
        38          0          0          0          0         68   fpclassifyf.o
        42          0          0          0          0        340   funder.o
       170          0          0          0          0         96   poly.o
      2520        190        136          0          0        324   pow.o
      1568         80        320          0          0        224   powf.o
         0          0          8          0          0          0   qnan.o
        76          0          0          0          0         84   sqrt.o

    ----------------------------------------------------------------------
     11766        756        524          0        100       7468   Library Totals
        26          0          3          0          4          0   (incl. Padding)

    ----------------------------------------------------------------------

      Code (inc. data)   RO Data    RW Data    ZI Data      Debug   Library Name

      2202        116         57          0         96       2960   c_w.l
      5022        360          0          0          0       2964   fz_ws.l
      4516        280        464          0          0       1544   m_ws.l

    ----------------------------------------------------------------------
     11766        756        524          0        100       7468   Library Totals

    ----------------------------------------------------------------------

==============================================================================


      Code (inc. data)   RO Data    RW Data    ZI Data      Debug   

     43888       3884       4664        440     302304     727118   Grand Totals
     43888       3884       4664        128     302304     727118   ELF Image Totals (compressed)
     43888       3884       4664        128          0          0   ROM Totals

==============================================================================

    Total RO  Size (Code + RO Data)                48552 (  47.41kB)
    Total RW  Size (RW Data + ZI Data)            302744 ( 295.65kB)
    Total ROM Size (Code + RO Data + RW Data)      48680 (  47.54kB)

==============================================================================

